<?xml version="1.0" encoding="utf-8"?>
<TestRun id="b9ff5aa0-1206-4fc7-b8a1-a36433b37950" name="campo@CIRO 2026-09-26 16:25:37" runUser="CIRO\campo" xmlns="http://microsoft.com/schemas/VisualStudio/TeamTest/2010">
  <Times creation="2026-09-26T16:25:37.9765147-03:00" queuing="2026-09-26T16:25:37.9765149-03:00" start="2026-09-26T16:25:36.3015436-03:00" finish="2026-09-26T16:25:38.0599879-03:00" />
  <TestSettings name="default" id="6860f333-2c58-46ed-8823-ec42b5157bc2">
    <Deployment runDeploymentRoot="campo_CIRO_2026-09-26_16_25_37" />
  </TestSettings>
  <Results>
    <UnitTestResult executionId="1868a6f2-7932-4ebc-bcfb-e1a3dab67d44" testId="b2deafe3-eb10-dec8-c272-90c6f1c089c1" testName="PrimoAutoEletrica.Tests.Services.LucroPorServicoMathTests.LucroBruto_ReceitaMenosCusto_ExatoEmCentavos(receita: 0,10, custo: 0,05, lucroEsperado: 0,05)" computerName="CIRO" duration="00:00:00.0000087" startTime="2026-09-26T16:25:37.9408194-03:00" endTime="2026-09-26T16:25:37.9408195-03:00" testType="13cdc9d9-ddb5-4fa4-a97d-d965ccfc6d4b" outcome="Passed" testListId="8c84fa94-04c1-424b-9868-57a2d4851a1d" relativeResultsDirectory="1868a6f2-7932-4ebc-bcfb-e1a3dab67d44" />
    <UnitTestResult executionId="04d4c35f-dd8b-4772-954a-7175be28da09" testId="da54837f-7de5-90a0-a1b6-98a8f5009ab6" testName="PrimoAutoEletrica.Tests.Services.DefeitosRecorrentesConsolidationTests.RecenteComPoucos_NaoECortadoPorLegadoComTake5" computerName="CIRO" duration="00:00:00.0140448" startTime="2026-09-26T16:25:37.3179462-03:00" endTime="2026-09-26T16:25:37.3179463-03:00" testType="13cdc9d9-ddb5-4fa4-a97d-d965ccfc6d4b" outcome="Passed" testListId="8c84fa94-04c1-424b-9868-57a2d4851a1d" relativeResultsDirectory="04d4c35f-dd8b-4772-954a-7175be28da09" />
    <UnitTestResult executionId="015503ce-4431-4c0c-95b4-e09c6f30f6cd" testId="1855e901-193d-204b-2aef-49c9950362e0" testName="PrimoAutoEletrica.Tests.Services.LucroPorServicoMathTests.ObterLucroPorServico_IncluiServicoSinteticoComLucroExato_ELimite50" computerName="CIRO" duration="00:00:00.6250774" startTime="2026-09-26T16:25:37.9077493-03:00" endTime="2026-09-26T16:25:37.9077496-03:00" testType="13cdc9d9-ddb5-4fa4-a97d-d965ccfc6d4b" outcome="Passed" testListId="8c84fa94-04c1-424b-9868-57a2d4851a1d" relativeResultsDirectory="015503ce-4431-4c0c-95b4-e09c6f30f6cd" />
    <UnitTestResult executionId="24ad78f6-994d-4613-9762-3da9e174ad90" testId="7e33b8ea-c8d3-562e-bd48-8387a571bb16" testName="PrimoAutoEletrica.Tests.Services.LucroPorServicoMathTests.LucroBruto_ReceitaMenosCusto_ExatoEmCentavos(receita: 1000,99, custo: 500,50, lucroEsperado: 500,49)" computerName="CIRO" duration="00:00:00.0000102" startTime="2026-09-26T16:25:37.9408710-03:00" endTime="2026-09-26T16:25:37.9408711-03:00" testType="13cdc9d9-ddb5-4fa4-a97d-d965ccfc6d4b" outcome="Passed" testListId="8c84fa94-04c1-424b-9868-57a2d4851a1d" relativeResultsDirectory="24ad78f6-994d-4613-9762-3da9e174ad90" />
    <UnitTestResult executionId="42e32c0e-7c09-4a46-aa6e-2dac137f8a94" testId="384d426d-12b5-be8d-da61-ac92374ece7f" testName="PrimoAutoEletrica.Tests.Services.LucroPorServicoMathTests.LucroBruto_ReceitaMenosCusto_ExatoEmCentavos(receita: 1,01, custo: 0,01, lucroEsperado: 1,00)" computerName="CIRO" duration="00:00:00.0000104" startTime="2026-09-26T16:25:37.9409384-03:00" endTime="2026-09-26T16:25:37.9409385-03:00" testType="13cdc9d9-ddb5-4fa4-a97d-d965ccfc6d4b" outcome="Passed" testListId="8c84fa94-04c1-424b-9868-57a2d4851a1d" relativeResultsDirectory="42e32c0e-7c09-4a46-aa6e-2dac137f8a94" />
    <UnitTestResult executionId="45dcde12-29d3-4b3c-8ea5-50eee27958cf" testId="2bb5985c-3cc5-9532-2516-a8822c6cbda3" testName="PrimoAutoEletrica.Tests.Services.LucroPorServicoMathTests.LucroBruto_ReceitaMenosCusto_ExatoEmCentavos(receita: 10,99, custo: 4,50, lucroEsperado: 6,49)" computerName="CIRO" duration="00:00:00.0004453" startTime="2026-09-26T16:25:37.9082400-03:00" endTime="2026-09-26T16:25:37.9082402-03:00" testType="13cdc9d9-ddb5-4fa4-a97d-d965ccfc6d4b" outcome="Passed" testListId="8c84fa94-04c1-424b-9868-57a2d4851a1d" relativeResultsDirectory="45dcde12-29d3-4b3c-8ea5-50eee27958cf" />
    <UnitTestResult executionId="4bd7fc80-a492-4c00-95de-ea4f921bc299" testId="13d58bdc-d5cf-380e-3ed3-7809a2ed350e" testName="PrimoAutoEletrica.Tests.Services.DefeitosRecorrentesConsolidationTests.UmHistorico_NaoEntraEmMesmoDefeito" computerName="CIRO" duration="00:00:00.0078003" startTime="2026-09-26T16:25:37.3037914-03:00" endTime="2026-09-26T16:25:37.3037915-03:00" testType="13cdc9d9-ddb5-4fa4-a97d-d965ccfc6d4b" outcome="Passed" testListId="8c84fa94-04c1-424b-9868-57a2d4851a1d" relativeResultsDirectory="4bd7fc80-a492-4c00-95de-ea4f921bc299" />
    <UnitTestResult executionId="fd0ae226-2fb2-4844-8685-248ebd53dbcb" testId="87f601f9-3997-2153-d46f-40413b5145a9" testName="PrimoAutoEletrica.Tests.Services.LucroPorServicoMathTests.LucroBruto_ReceitaMenosCusto_ExatoEmCentavos(receita: 0,99, custo: 0,50, lucroEsperado: 0,49)" computerName="CIRO" duration="00:00:00.0000083" startTime="2026-09-26T16:25:37.9407871-03:00" endTime="2026-09-26T16:25:37.9407871-03:00" testType="13cdc9d9-ddb5-4fa4-a97d-d965ccfc6d4b" outcome="Passed" testListId="8c84fa94-04c1-424b-9868-57a2d4851a1d" relativeResultsDirectory="fd0ae226-2fb2-4844-8685-248ebd53dbcb" />
    <UnitTestResult executionId="d987b714-6126-4a71-979d-31f6eaba050b" testId="24a77ce2-981e-9948-faa7-6deebf45884c" testName="PrimoAutoEletrica.Tests.Services.DefeitosRecorrentesConsolidationTests.PecaGarantiaModelo_ConsolidadosQuandoPresentes" computerName="CIRO" duration="00:00:00.0132587" startTime="2026-09-26T16:25:37.3312458-03:00" endTime="2026-09-26T16:25:37.3312459-03:00" testType="13cdc9d9-ddb5-4fa4-a97d-d965ccfc6d4b" outcome="Passed" testListId="8c84fa94-04c1-424b-9868-57a2d4851a1d" relativeResultsDirectory="d987b714-6126-4a71-979d-31f6eaba050b" />
    <UnitTestResult executionId="72b83a8c-9777-4902-a613-fca137a5bf35" testId="90c98a90-ec51-282a-0249-734747be05cc" testName="PrimoAutoEletrica.Tests.Services.ClientesHarnessRoutingRegressionTests.Helpers_RoteiaClientesControlParaHarnessDedicado" computerName="CIRO" duration="00:00:00.0058899" startTime="2026-09-26T16:25:37.2936530-03:00" endTime="2026-09-26T16:25:37.2937218-03:00" testType="13cdc9d9-ddb5-4fa4-a97d-d965ccfc6d4b" outcome="Passed" testListId="8c84fa94-04c1-424b-9868-57a2d4851a1d" relativeResultsDirectory="72b83a8c-9777-4902-a613-fca137a5bf35" />
    <UnitTestResult executionId="54f35930-58b4-42b6-9bc7-7252dec171ad" testId="a9347fd9-2191-fdc1-96bd-db2c8c5c33cd" testName="PrimoAutoEletrica.Tests.Services.LucroPorServicoMathTests.LucroBruto_ReceitaMenosCusto_ExatoEmCentavos(receita: 10000,99, custo: 1,00, lucroEsperado: 9999,99)" computerName="CIRO" duration="00:00:00.0000104" startTime="2026-09-26T16:25:37.9409032-03:00" endTime="2026-09-26T16:25:37.9409033-03:00" testType="13cdc9d9-ddb5-4fa4-a97d-d965ccfc6d4b" outcome="Passed" testListId="8c84fa94-04c1-424b-9868-57a2d4851a1d" relativeResultsDirectory="54f35930-58b4-42b6-9bc7-7252dec171ad" />
    <UnitTestResult executionId="a8115cdc-3af9-4b59-a31d-c67f2c636ebb" testId="4796c7ca-ffb3-ded9-452e-f5d911e2921a" testName="PrimoAutoEletrica.Tests.Services.LucroPorServicoMathTests.LucroBruto_ReceitaMenosCusto_ExatoEmCentavos(receita: 0,01, custo: 0,00, lucroEsperado: 0,01)" computerName="CIRO" duration="00:00:00.0000126" startTime="2026-09-26T16:25:37.9404701-03:00" endTime="2026-09-26T16:25:37.9404706-03:00" testType="13cdc9d9-ddb5-4fa4-a97d-d965ccfc6d4b" outcome="Passed" testListId="8c84fa94-04c1-424b-9868-57a2d4851a1d" relativeResultsDirectory="a8115cdc-3af9-4b59-a31d-c67f2c636ebb" />
    <UnitTestResult executionId="9151f055-7f63-414e-9c10-ad6c49b2812b" testId="b0f5e730-887d-70de-6b96-eda239fd1784" testName="PrimoAutoEletrica.Tests.Services.LucroPorServicoMathTests.LucroBruto_ReceitaMenosCusto_ExatoEmCentavos(receita: 100,50, custo: 25,25, lucroEsperado: 75,25)" computerName="CIRO" duration="00:00:00.0000085" startTime="2026-09-26T16:25:37.9407152-03:00" endTime="2026-09-26T16:25:37.9407153-03:00" testType="13cdc9d9-ddb5-4fa4-a97d-d965ccfc6d4b" outcome="Passed" testListId="8c84fa94-04c1-424b-9868-57a2d4851a1d" relativeResultsDirectory="9151f055-7f63-414e-9c10-ad6c49b2812b" />
    <UnitTestResult executionId="1fe90738-8c8f-4d52-895b-d96cb30d6fec" testId="9ea5e8ed-2325-88ca-2372-ad88dc87f823" testName="PrimoAutoEletrica.Tests.Services.LucroPorServicoMathTests.LucroBruto_ReceitaMenosCusto_ExatoEmCentavos(receita: 0,05, custo: 0,01, lucroEsperado: 0,04)" computerName="CIRO" duration="00:00:00.0003490" startTime="2026-09-26T16:25:37.9086744-03:00" endTime="2026-09-26T16:25:37.9086745-03:00" testType="13cdc9d9-ddb5-4fa4-a97d-d965ccfc6d4b" outcome="Passed" testListId="8c84fa94-04c1-424b-9868-57a2d4851a1d" relativeResultsDirectory="1fe90738-8c8f-4d52-895b-d96cb30d6fec" />
    <UnitTestResult executionId="56631c53-1cf7-4640-a4a9-ef4a4dd0f6ed" testId="00891c22-c01c-f7e6-85b4-3f8f7cd11e76" testName="PrimoAutoEletrica.Tests.Services.DefeitosRecorrentesConsolidationTests.VariosHistoricos_MesmoDefeitoApareceComQuantidade2" computerName="CIRO" duration="00:00:00.0045367" startTime="2026-09-26T16:25:37.3358431-03:00" endTime="2026-09-26T16:25:37.3358433-03:00" testType="13cdc9d9-ddb5-4fa4-a97d-d965ccfc6d4b" outcome="Passed" testListId="8c84fa94-04c1-424b-9868-57a2d4851a1d" relativeResultsDirectory="56631c53-1cf7-4640-a4a9-ef4a4dd0f6ed" />
    <UnitTestResult executionId="b1fbaaa8-a682-4c09-8443-78ef96da23eb" testId="1871241c-0192-94d6-1889-836d275227fc" testName="PrimoAutoEletrica.Tests.Services.DefeitosRecorrentesConsolidationTests.SemHistorico_RetornaListaVazia" computerName="CIRO" duration="00:00:00.0133313" startTime="2026-09-26T16:25:37.2995265-03:00" endTime="2026-09-26T16:25:37.2995266-03:00" testType="13cdc9d9-ddb5-4fa4-a97d-d965ccfc6d4b" outcome="Passed" testListId="8c84fa94-04c1-424b-9868-57a2d4851a1d" relativeResultsDirectory="b1fbaaa8-a682-4c09-8443-78ef96da23eb" />
    <UnitTestResult executionId="7dc381f4-2002-43e5-b4b5-867150d8f042" testId="82501b74-606c-06c0-a237-92c99c7d02af" testName="PrimoAutoEletrica.Tests.Services.LucroPorServicoMathTests.LucroBruto_ReceitaMenosCusto_ExatoEmCentavos(receita: 100,00, custo: 40,00, lucroEsperado: 60,00)" computerName="CIRO" duration="00:00:00.0000074" startTime="2026-09-26T16:25:37.9407564-03:00" endTime="2026-09-26T16:25:37.9407565-03:00" testType="13cdc9d9-ddb5-4fa4-a97d-d965ccfc6d4b" outcome="Passed" testListId="8c84fa94-04c1-424b-9868-57a2d4851a1d" relativeResultsDirectory="7dc381f4-2002-43e5-b4b5-867150d8f042" />
  </Results>
  <TestDefinitions>
    <UnitTest name="PrimoAutoEletrica.Tests.Services.LucroPorServicoMathTests.LucroBruto_ReceitaMenosCusto_ExatoEmCentavos(receita: 0,99, custo: 0,50, lucroEsperado: 0,49)" storage="c:\projetos\primoautoeletrica\tests\primoautoeletrica.tests\bin\debug\net10.0-windows\primoautoeletrica.tests.dll" id="87f601f9-3997-2153-d46f-40413b5145a9">
      <Execution id="fd0ae226-2fb2-4844-8685-248ebd53dbcb" />
      <TestMethod codeBase="C:\Projetos\PrimoAutoEletrica\Tests\PrimoAutoEletrica.Tests\bin\Debug\net10.0-windows\PrimoAutoEletrica.Tests.dll" adapterTypeName="executor://xunit/VsTestRunner2/netcoreapp" className="PrimoAutoEletrica.Tests.Services.LucroPorServicoMathTests" name="LucroBruto_ReceitaMenosCusto_ExatoEmCentavos" />
    </UnitTest>
    <UnitTest name="PrimoAutoEletrica.Tests.Services.LucroPorServicoMathTests.LucroBruto_ReceitaMenosCusto_ExatoEmCentavos(receita: 100,00, custo: 40,00, lucroEsperado: 60,00)" storage="c:\projetos\primoautoeletrica\tests\primoautoeletrica.tests\bin\debug\net10.0-windows\primoautoeletrica.tests.dll" id="82501b74-606c-06c0-a237-92c99c7d02af">
      <Execution id="7dc381f4-2002-43e5-b4b5-867150d8f042" />
      <TestMethod codeBase="C:\Projetos\PrimoAutoEletrica\Tests\PrimoAutoEletrica.Tests\bin\Debug\net10.0-windows\PrimoAutoEletrica.Tests.dll" adapterTypeName="executor://xunit/VsTestRunner2/netcoreapp" className="PrimoAutoEletrica.Tests.Services.LucroPorServicoMathTests" name="LucroBruto_ReceitaMenosCusto_ExatoEmCentavos" />
    </UnitTest>
    <UnitTest name="PrimoAutoEletrica.Tests.Services.DefeitosRecorrentesConsolidationTests.VariosHistoricos_MesmoDefeitoApareceComQuantidade2" storage="c:\projetos\primoautoeletrica\tests\primoautoeletrica.tests\bin\debug\net10.0-windows\primoautoeletrica.tests.dll" id="00891c22-c01c-f7e6-85b4-3f8f7cd11e76">
      <Execution id="56631c53-1cf7-4640-a4a9-ef4a4dd0f6ed" />
      <TestMethod codeBase="C:\Projetos\PrimoAutoEletrica\Tests\PrimoAutoEletrica.Tests\bin\Debug\net10.0-windows\PrimoAutoEletrica.Tests.dll" adapterTypeName="executor://xunit/VsTestRunner2/netcoreapp" className="PrimoAutoEletrica.Tests.Services.DefeitosRecorrentesConsolidationTests" name="VariosHistoricos_MesmoDefeitoApareceComQuantidade2" />
    </UnitTest>
    <UnitTest name="PrimoAutoEletrica.Tests.Services.DefeitosRecorrentesConsolidationTests.RecenteComPoucos_NaoECortadoPorLegadoComTake5" storage="c:\projetos\primoautoeletrica\tests\primoautoeletrica.tests\bin\debug\net10.0-windows\primoautoeletrica.tests.dll" id="da54837f-7de5-90a0-a1b6-98a8f5009ab6">
      <Execution id="04d4c35f-dd8b-4772-954a-7175be28da09" />
      <TestMethod codeBase="C:\Projetos\PrimoAutoEletrica\Tests\PrimoAutoEletrica.Tests\bin\Debug\net10.0-windows\PrimoAutoEletrica.Tests.dll" adapterTypeName="executor://xunit/VsTestRunner2/netcoreapp" className="PrimoAutoEletrica.Tests.Services.DefeitosRecorrentesConsolidationTests" name="RecenteComPoucos_NaoECortadoPorLegadoComTake5" />
    </UnitTest>
    <UnitTest name="PrimoAutoEletrica.Tests.Services.DefeitosRecorrentesConsolidationTests.PecaGarantiaModelo_ConsolidadosQuandoPresentes" storage="c:\projetos\primoautoeletrica\tests\primoautoeletrica.tests\bin\debug\net10.0-windows\primoautoeletrica.tests.dll" id="24a77ce2-981e-9948-faa7-6deebf45884c">
      <Execution id="d987b714-6126-4a71-979d-31f6eaba050b" />
      <TestMethod codeBase="C:\Projetos\PrimoAutoEletrica\Tests\PrimoAutoEletrica.Tests\bin\Debug\net10.0-windows\PrimoAutoEletrica.Tests.dll" adapterTypeName="executor://xunit/VsTestRunner2/netcoreapp" className="PrimoAutoEletrica.Tests.Services.DefeitosRecorrentesConsolidationTests" name="PecaGarantiaModelo_ConsolidadosQuandoPresentes" />
    </UnitTest>
    <UnitTest name="PrimoAutoEletrica.Tests.Services.LucroPorServicoMathTests.LucroBruto_ReceitaMenosCusto_ExatoEmCentavos(receita: 10,99, custo: 4,50, lucroEsperado: 6,49)" storage="c:\projetos\primoautoeletrica\tests\primoautoeletrica.tests\bin\debug\net10.0-windows\primoautoeletrica.tests.dll" id="2bb5985c-3cc5-9532-2516-a8822c6cbda3">
      <Execution id="45dcde12-29d3-4b3c-8ea5-50eee27958cf" />
      <TestMethod codeBase="C:\Projetos\PrimoAutoEletrica\Tests\PrimoAutoEletrica.Tests\bin\Debug\net10.0-windows\PrimoAutoEletrica.Tests.dll" adapterTypeName="executor://xunit/VsTestRunner2/netcoreapp" className="PrimoAutoEletrica.Tests.Services.LucroPorServicoMathTests" name="LucroBruto_ReceitaMenosCusto_ExatoEmCentavos" />
    </UnitTest>
    <UnitTest name="PrimoAutoEletrica.Tests.Services.LucroPorServicoMathTests.LucroBruto_ReceitaMenosCusto_ExatoEmCentavos(receita: 1,01, custo: 0,01, lucroEsperado: 1,00)" storage="c:\projetos\primoautoeletrica\tests\primoautoeletrica.tests\bin\debug\net10.0-windows\primoautoeletrica.tests.dll" id="384d426d-12b5-be8d-da61-ac92374ece7f">
      <Execution id="42e32c0e-7c09-4a46-aa6e-2dac137f8a94" />
      <TestMethod codeBase="C:\Projetos\PrimoAutoEletrica\Tests\PrimoAutoEletrica.Tests\bin\Debug\net10.0-windows\PrimoAutoEletrica.Tests.dll" adapterTypeName="executor://xunit/VsTestRunner2/netcoreapp" className="PrimoAutoEletrica.Tests.Services.LucroPorServicoMathTests" name="LucroBruto_ReceitaMenosCusto_ExatoEmCentavos" />
    </UnitTest>
    <UnitTest name="PrimoAutoEletrica.Tests.Services.DefeitosRecorrentesConsolidationTests.UmHistorico_NaoEntraEmMesmoDefeito" storage="c:\projetos\primoautoeletrica\tests\primoautoeletrica.tests\bin\debug\net10.0-windows\primoautoeletrica.tests.dll" id="13d58bdc-d5cf-380e-3ed3-7809a2ed350e">
      <Execution id="4bd7fc80-a492-4c00-95de-ea4f921bc299" />
      <TestMethod codeBase="C:\Projetos\PrimoAutoEletrica\Tests\PrimoAutoEletrica.Tests\bin\Debug\net10.0-windows\PrimoAutoEletrica.Tests.dll" adapterTypeName="executor://xunit/VsTestRunner2/netcoreapp" className="PrimoAutoEletrica.Tests.Services.DefeitosRecorrentesConsolidationTests" name="UmHistorico_NaoEntraEmMesmoDefeito" />
    </UnitTest>
    <UnitTest name="PrimoAutoEletrica.Tests.Services.LucroPorServicoMathTests.LucroBruto_ReceitaMenosCusto_ExatoEmCentavos(receita: 0,01, custo: 0,00, lucroEsperado: 0,01)" storage="c:\projetos\primoautoeletrica\tests\primoautoeletrica.tests\bin\debug\net10.0-windows\primoautoeletrica.tests.dll" id="4796c7ca-ffb3-ded9-452e-f5d911e2921a">
      <Execution id="a8115cdc-3af9-4b59-a31d-c67f2c636ebb" />
      <TestMethod codeBase="C:\Projetos\PrimoAutoEletrica\Tests\PrimoAutoEletrica.Tests\bin\Debug\net10.0-windows\PrimoAutoEletrica.Tests.dll" adapterTypeName="executor://xunit/VsTestRunner2/netcoreapp" className="PrimoAutoEletrica.Tests.Services.LucroPorServicoMathTests" name="LucroBruto_ReceitaMenosCusto_ExatoEmCentavos" />
    </UnitTest>
    <UnitTest name="PrimoAutoEletrica.Tests.Services.LucroPorServicoMathTests.LucroBruto_ReceitaMenosCusto_ExatoEmCentavos(receita: 100,50, custo: 25,25, lucroEsperado: 75,25)" storage="c:\projetos\primoautoeletrica\tests\primoautoeletrica.tests\bin\debug\net10.0-windows\primoautoeletrica.tests.dll" id="b0f5e730-887d-70de-6b96-eda239fd1784">
      <Execution id="9151f055-7f63-414e-9c10-ad6c49b2812b" />
      <TestMethod codeBase="C:\Projetos\PrimoAutoEletrica\Tests\PrimoAutoEletrica.Tests\bin\Debug\net10.0-windows\PrimoAutoEletrica.Tests.dll" adapterTypeName="executor://xunit/VsTestRunner2/netcoreapp" className="PrimoAutoEletrica.Tests.Services.LucroPorServicoMathTests" name="LucroBruto_ReceitaMenosCusto_ExatoEmCentavos" />
    </UnitTest>
    <UnitTest name="PrimoAutoEletrica.Tests.Services.LucroPorServicoMathTests.LucroBruto_ReceitaMenosCusto_ExatoEmCentavos(receita: 0,05, custo: 0,01, lucroEsperado: 0,04)" storage="c:\projetos\primoautoeletrica\tests\primoautoeletrica.tests\bin\debug\net10.0-windows\primoautoeletrica.tests.dll" id="9ea5e8ed-2325-88ca-2372-ad88dc87f823">
      <Execution id="1fe90738-8c8f-4d52-895b-d96cb30d6fec" />
      <TestMethod codeBase="C:\Projetos\PrimoAutoEletrica\Tests\PrimoAutoEletrica.Tests\bin\Debug\net10.0-windows\PrimoAutoEletrica.Tests.dll" adapterTypeName="executor://xunit/VsTestRunner2/netcoreapp" className="PrimoAutoEletrica.Tests.Services.LucroPorServicoMathTests" name="LucroBruto_ReceitaMenosCusto_ExatoEmCentavos" />
    </UnitTest>
    <UnitTest name="PrimoAutoEletrica.Tests.Services.LucroPorServicoMathTests.LucroBruto_ReceitaMenosCusto_ExatoEmCentavos(receita: 10000,99, custo: 1,00, lucroEsperado: 9999,99)" storage="c:\projetos\primoautoeletrica\tests\primoautoeletrica.tests\bin\debug\net10.0-windows\primoautoeletrica.tests.dll" id="a9347fd9-2191-fdc1-96bd-db2c8c5c33cd">
      <Execution id="54f35930-58b4-42b6-9bc7-7252dec171ad" />
      <TestMethod codeBase="C:\Projetos\PrimoAutoEletrica\Tests\PrimoAutoEletrica.Tests\bin\Debug\net10.0-windows\PrimoAutoEletrica.Tests.dll" adapterTypeName="executor://xunit/VsTestRunner2/netcoreapp" className="PrimoAutoEletrica.Tests.Services.LucroPorServicoMathTests" name="LucroBruto_ReceitaMenosCusto_ExatoEmCentavos" />
    </UnitTest>
    <UnitTest name="PrimoAutoEletrica.Tests.Services.LucroPorServicoMathTests.ObterLucroPorServico_IncluiServicoSinteticoComLucroExato_ELimite50" storage="c:\projetos\primoautoeletrica\tests\primoautoeletrica.tests\bin\debug\net10.0-windows\primoautoeletrica.tests.dll" id="1855e901-193d-204b-2aef-49c9950362e0">
      <Execution id="015503ce-4431-4c0c-95b4-e09c6f30f6cd" />
      <TestMethod codeBase="C:\Projetos\PrimoAutoEletrica\Tests\PrimoAutoEletrica.Tests\bin\Debug\net10.0-windows\PrimoAutoEletrica.Tests.dll" adapterTypeName="executor://xunit/VsTestRunner2/netcoreapp" className="PrimoAutoEletrica.Tests.Services.LucroPorServicoMathTests" name="ObterLucroPorServico_IncluiServicoSinteticoComLucroExato_ELimite50" />
    </UnitTest>
    <UnitTest name="PrimoAutoEletrica.Tests.Services.DefeitosRecorrentesConsolidationTests.SemHistorico_RetornaListaVazia" storage="c:\projetos\primoautoeletrica\tests\primoautoeletrica.tests\bin\debug\net10.0-windows\primoautoeletrica.tests.dll" id="1871241c-0192-94d6-1889-836d275227fc">
      <Execution id="b1fbaaa8-a682-4c09-8443-78ef96da23eb" />
      <TestMethod codeBase="C:\Projetos\PrimoAutoEletrica\Tests\PrimoAutoEletrica.Tests\bin\Debug\net10.0-windows\PrimoAutoEletrica.Tests.dll" adapterTypeName="executor://xunit/VsTestRunner2/netcoreapp" className="PrimoAutoEletrica.Tests.Services.DefeitosRecorrentesConsolidationTests" name="SemHistorico_RetornaListaVazia" />
    </UnitTest>
    <UnitTest name="PrimoAutoEletrica.Tests.Services.LucroPorServicoMathTests.LucroBruto_ReceitaMenosCusto_ExatoEmCentavos(receita: 0,10, custo: 0,05, lucroEsperado: 0,05)" storage="c:\projetos\primoautoeletrica\tests\primoautoeletrica.tests\bin\debug\net10.0-windows\primoautoeletrica.tests.dll" id="b2deafe3-eb10-dec8-c272-90c6f1c089c1">
      <Execution id="1868a6f2-7932-4ebc-bcfb-e1a3dab67d44" />
      <TestMethod codeBase="C:\Projetos\PrimoAutoEletrica\Tests\PrimoAutoEletrica.Tests\bin\Debug\net10.0-windows\PrimoAutoEletrica.Tests.dll" adapterTypeName="executor://xunit/VsTestRunner2/netcoreapp" className="PrimoAutoEletrica.Tests.Services.LucroPorServicoMathTests" name="LucroBruto_ReceitaMenosCusto_ExatoEmCentavos" />
    </UnitTest>
    <UnitTest name="PrimoAutoEletrica.Tests.Services.ClientesHarnessRoutingRegressionTests.Helpers_RoteiaClientesControlParaHarnessDedicado" storage="c:\projetos\primoautoeletrica\tests\primoautoeletrica.tests\bin\debug\net10.0-windows\primoautoeletrica.tests.dll" id="90c98a90-ec51-282a-0249-734747be05cc">
      <Execution id="72b83a8c-9777-4902-a613-fca137a5bf35" />
      <TestMethod codeBase="C:\Projetos\PrimoAutoEletrica\Tests\PrimoAutoEletrica.Tests\bin\Debug\net10.0-windows\PrimoAutoEletrica.Tests.dll" adapterTypeName="executor://xunit/VsTestRunner2/netcoreapp" className="PrimoAutoEletrica.Tests.Services.ClientesHarnessRoutingRegressionTests" name="Helpers_RoteiaClientesControlParaHarnessDedicado" />
    </UnitTest>
    <UnitTest name="PrimoAutoEletrica.Tests.Services.LucroPorServicoMathTests.LucroBruto_ReceitaMenosCusto_ExatoEmCentavos(receita: 1000,99, custo: 500,50, lucroEsperado: 500,49)" storage="c:\projetos\primoautoeletrica\tests\primoautoeletrica.tests\bin\debug\net10.0-windows\primoautoeletrica.tests.dll" id="7e33b8ea-c8d3-562e-bd48-8387a571bb16">
      <Execution id="24ad78f6-994d-4613-9762-3da9e174ad90" />
      <TestMethod codeBase="C:\Projetos\PrimoAutoEletrica\Tests\PrimoAutoEletrica.Tests\bin\Debug\net10.0-windows\PrimoAutoEletrica.Tests.dll" adapterTypeName="executor://xunit/VsTestRunner2/netcoreapp" className="PrimoAutoEletrica.Tests.Services.LucroPorServicoMathTests" name="LucroBruto_ReceitaMenosCusto_ExatoEmCentavos" />
    </UnitTest>
  </TestDefinitions>
  <TestEntries>
    <TestEntry testId="b2deafe3-eb10-dec8-c272-90c6f1c089c1" executionId="1868a6f2-7932-4ebc-bcfb-e1a3dab67d44" testListId="8c84fa94-04c1-424b-9868-57a2d4851a1d" />
    <TestEntry testId="da54837f-7de5-90a0-a1b6-98a8f5009ab6" executionId="04d4c35f-dd8b-4772-954a-7175be28da09" testListId="8c84fa94-04c1-424b-9868-57a2d4851a1d" />
    <TestEntry testId="1855e901-193d-204b-2aef-49c9950362e0" executionId="015503ce-4431-4c0c-95b4-e09c6f30f6cd" testListId="8c84fa94-04c1-424b-9868-57a2d4851a1d" />
    <TestEntry testId="7e33b8ea-c8d3-562e-bd48-8387a571bb16" executionId="24ad78f6-994d-4613-9762-3da9e174ad90" testListId="8c84fa94-04c1-424b-9868-57a2d4851a1d" />
    <TestEntry testId="384d426d-12b5-be8d-da61-ac92374ece7f" executionId="42e32c0e-7c09-4a46-aa6e-2dac137f8a94" testListId="8c84fa94-04c1-424b-9868-57a2d4851a1d" />
    <TestEntry testId="2bb5985c-3cc5-9532-2516-a8822c6cbda3" executionId="45dcde12-29d3-4b3c-8ea5-50eee27958cf" testListId="8c84fa94-04c1-424b-9868-57a2d4851a1d" />
    <TestEntry testId="13d58bdc-d5cf-380e-3ed3-7809a2ed350e" executionId="4bd7fc80-a492-4c00-95de-ea4f921bc299" testListId="8c84fa94-04c1-424b-9868-57a2d4851a1d" />
    <TestEntry testId="87f601f9-3997-2153-d46f-40413b5145a9" executionId="fd0ae226-2fb2-4844-8685-248ebd53dbcb" testListId="8c84fa94-04c1-424b-9868-57a2d4851a1d" />
    <TestEntry testId="24a77ce2-981e-9948-faa7-6deebf45884c" executionId="d987b714-6126-4a71-979d-31f6eaba050b" testListId="8c84fa94-04c1-424b-9868-57a2d4851a1d" />
    <TestEntry testId="90c98a90-ec51-282a-0249-734747be05cc" executionId="72b83a8c-9777-4902-a613-fca137a5bf35" testListId="8c84fa94-04c1-424b-9868-57a2d4851a1d" />
    <TestEntry testId="a9347fd9-2191-fdc1-96bd-db2c8c5c33cd" executionId="54f35930-58b4-42b6-9bc7-7252dec171ad" testListId="8c84fa94-04c1-424b-9868-57a2d4851a1d" />
    <TestEntry testId="4796c7ca-ffb3-ded9-452e-f5d911e2921a" executionId="a8115cdc-3af9-4b59-a31d-c67f2c636ebb" testListId="8c84fa94-04c1-424b-9868-57a2d4851a1d" />
    <TestEntry testId="b0f5e730-887d-70de-6b96-eda239fd1784" executionId="9151f055-7f63-414e-9c10-ad6c49b2812b" testListId="8c84fa94-04c1-424b-9868-57a2d4851a1d" />
    <TestEntry testId="9ea5e8ed-2325-88ca-2372-ad88dc87f823" executionId="1fe90738-8c8f-4d52-895b-d96cb30d6fec" testListId="8c84fa94-04c1-424b-9868-57a2d4851a1d" />
    <TestEntry testId="00891c22-c01c-f7e6-85b4-3f8f7cd11e76" executionId="56631c53-1cf7-4640-a4a9-ef4a4dd0f6ed" testListId="8c84fa94-04c1-424b-9868-57a2d4851a1d" />
    <TestEntry testId="1871241c-0192-94d6-1889-836d275227fc" executionId="b1fbaaa8-a682-4c09-8443-78ef96da23eb" testListId="8c84fa94-04c1-424b-9868-57a2d4851a1d" />
    <TestEntry testId="82501b74-606c-06c0-a237-92c99c7d02af" executionId="7dc381f4-2002-43e5-b4b5-867150d8f042" testListId="8c84fa94-04c1-424b-9868-57a2d4851a1d" />
  </TestEntries>
  <TestLists>
    <TestList name="Resultados que não estão em uma lista" id="8c84fa94-04c1-424b-9868-57a2d4851a1d" />
    <TestList name="Todos os resultados carregados" id="19431567-8539-422a-85d7-44ee4e166bda" />
  </TestLists>
  <ResultSummary outcome="Completed">
    <Counters total="17" executed="17" passed="17" failed="0" error="0" timeout="0" aborted="0" inconclusive="0" passedButRunAborted="0" notRunnable="0" notExecuted="0" disconnected="0" warning="0" completed="0" inProgress="0" pending="0" />
    <Output>
      <StdOut>[xUnit.net 00:00:00.00] xUnit.net VSTest Adapter v2.8.0+6438bb880a (64-bit .NET 10.0.12)&#xD;
[xUnit.net 00:00:00.13]   Discovering: PrimoAutoEletrica.Tests&#xD;
[xUnit.net 00:00:00.29]   Discovered:  PrimoAutoEletrica.Tests&#xD;
[xUnit.net 00:00:00.30]   Starting:    PrimoAutoEletrica.Tests&#xD;
[xUnit.net 00:00:01.03]   Finished:    PrimoAutoEletrica.Tests&#xD;
</StdOut>
    </Output>
  </ResultSummary>
</TestRun>