DataHora=2026-09-26T18:14:10.7101631-03:00 | Nivel=INFO | Usuario=Nao autenticado | Perfil=Sem perfil | Tela=Geral | Acao=Inicializando estrutura do banco SQLite em 'C:\Users\campo\AppData\Local\Temp\primox-c115-residual-20260926_181409\primoauto.db'. | ErroTecnico= | StackTrace=
DataHora=2026-09-26T18:14:11.4554597-03:00 | Nivel=WARN | Usuario=Nao autenticado | Perfil=Sem perfil | Tela=Geral | Acao=Senha temporaria do administrador inicial gerada em 'C:\Users\campo\AppData\Local\Temp\primox-c115-residual-20260926_181409\credenciais-iniciais-admin.txt'. Troque no primeiro acesso. | ErroTecnico= | StackTrace=
DataHora=2026-09-26T18:14:11.4765542-03:00 | Nivel=INFO | Usuario=Nao autenticado | Perfil=Sem perfil | Tela=Geral | Acao=Estrutura do banco SQLite validada em 'C:\Users\campo\AppData\Local\Temp\primox-c115-residual-20260926_181409\primoauto.db'. | ErroTecnico= | StackTrace=
DataHora=2026-09-26T18:14:11.4862309-03:00 | Nivel=INFO | Usuario=Nao autenticado | Perfil=Sem perfil | Tela=Geral | Acao=Inicializacao do ERP iniciada. | ErroTecnico= | StackTrace=
DataHora=2026-09-26T18:14:11.4932418-03:00 | Nivel=INFO | Usuario=Nao autenticado | Perfil=Sem perfil | Tela=Geral | Acao=Saude do banco validada. Migrations aplicadas: 30. | ErroTecnico= | StackTrace=
DataHora=2026-09-26T18:14:11.5333597-03:00 | Nivel=INFO | Usuario=Nao autenticado | Perfil=Sem perfil | Tela=Geral | Acao=Backup automático diário iniciado com intervalo de 24 horas. | ErroTecnico= | StackTrace=
DataHora=2026-09-26T18:14:11.5520877-03:00 | Nivel=INFO | Usuario=Nao autenticado | Perfil=Sem perfil | Tela=Geral | Acao=Backup do banco criado em 'C:\Users\campo\AppData\Local\Temp\primox-c115-residual-20260926_181409\Backups\PrimoAutoEletrica_Backup_2026-09-26_18-14-11.db' em 15ms. Hash: 0E95D4168A718372A4695EDA477B14F632D2D46277FFBB0B3E1228D64D4D2B22 | ErroTecnico= | StackTrace=
DataHora=2026-09-26T18:14:11.8604326-03:00 | Nivel=INFO | Usuario=Nao autenticado | Perfil=Sem perfil | Tela=Geral | Acao=Iniciando smoke test de UI. | ErroTecnico= | StackTrace=
DataHora=2026-09-26T18:14:12.3187554-03:00 | Nivel=INFO | Usuario=Smoke Test | Perfil=Administrador | Tela=Geral | Acao=Smoke test iniciando: Interacao:Modulo:ClientesControl. | ErroTecnico= | StackTrace=
DataHora=2026-09-26T18:14:13.9356076-03:00 | Nivel=INFO | Usuario=Smoke Test | Perfil=Administrador | Tela=Clientes | Acao=Exportacao de clientes: Exportacao concluida em:\nC:\Users\campo\AppData\Local\Temp\primox-c115-residual-20260926_181409\Exports\clientes_20260926181413.csv | ErroTecnico= | StackTrace=
DataHora=2026-09-26T18:14:16.3199358-03:00 | Nivel=INFO | Usuario=Smoke Test | Perfil=Administrador | Tela=Clientes | Acao=Janela de Cliente 360 validada em automacao sem abrir modal bloqueante. | ErroTecnico= | StackTrace=
DataHora=2026-09-26T18:14:19.0533217-03:00 | Nivel=INFO | Usuario=Smoke Test | Perfil=Administrador | Tela=Geral | Acao=Bloqueio criado: Cliente/ef9c3fa1-b761-4d11-8a0b-04eb41c29a7f por Smoke Test em CIRO. Expira em 30 minutos. | ErroTecnico= | StackTrace=
DataHora=2026-09-26T18:14:19.0799829-03:00 | Nivel=INFO | Usuario=Smoke Test | Perfil=Administrador | Tela=Geral | Acao=Bloqueio liberado: Cliente/ef9c3fa1-b761-4d11-8a0b-04eb41c29a7f por Smoke Test. | ErroTecnico= | StackTrace=
DataHora=2026-09-26T18:14:20.4485489-03:00 | Nivel=INFO | Usuario=Smoke Test | Perfil=Administrador | Tela=Geral | Acao=Smoke test aprovado: Interacao:Modulo:ClientesControl (8129 ms). | ErroTecnico= | StackTrace=
DataHora=2026-09-26T18:14:20.9645406-03:00 | Nivel=INFO | Usuario=Smoke Test | Perfil=Administrador | Tela=Geral | Acao=Smoke test iniciando: Interacao:Controle:BaseConhecimentoControl. | ErroTecnico= | StackTrace=
DataHora=2026-09-26T18:14:24.6144884-03:00 | Nivel=INFO | Usuario=Smoke Test | Perfil=Administrador | Tela=Geral | Acao=Smoke test aprovado: Interacao:Controle:BaseConhecimentoControl (3649 ms). | ErroTecnico= | StackTrace=
DataHora=2026-09-26T18:14:24.6152268-03:00 | Nivel=INFO | Usuario=Smoke Test | Perfil=Administrador | Tela=Geral | Acao=Smoke test iniciando: Interacao:Controle:FerramentasControl. | ErroTecnico= | StackTrace=
DataHora=2026-09-26T18:14:30.6462365-03:00 | Nivel=INFO | Usuario=Smoke Test | Perfil=Administrador | Tela=Geral | Acao=Smoke test aprovado: Interacao:Controle:FerramentasControl (6031 ms). | ErroTecnico= | StackTrace=
DataHora=2026-09-26T18:14:30.6506469-03:00 | Nivel=INFO | Usuario=Smoke Test | Perfil=Administrador | Tela=Geral | Acao=Smoke test UI concluido. Total=3, Sucesso=3, Falhas=0. | ErroTecnico= | StackTrace=
DataHora=2026-09-26T18:14:30.6515687-03:00 | Nivel=INFO | Usuario=Nao autenticado | Perfil=Sem perfil | Tela=Geral | Acao=Smoke test UI finalizado. Total=3, Sucesso=3, Falhas=0, Relatorio=C:\Users\campo\AppData\Local\Temp\primox-c115-residual-20260926_181409\Logs\smoke-tests\ui-smoke-2026-09-26-18-14-30-648-p2400.txt | ErroTecnico= | StackTrace=
