<?xml version="1.0" encoding="utf-8"?>
<TestRun id="e0052407-df16-449e-92c0-c263ba4e0819" name="campo@CAMPOSCIRO 2026-06-10 06:56:42" runUser="CAMPOSCIRO\campo" xmlns="http://microsoft.com/schemas/VisualStudio/TeamTest/2010">
  <Times creation="2026-06-10T06:56:42.2716922-03:00" queuing="2026-06-10T06:56:42.2716923-03:00" start="2026-06-10T06:56:39.5136058-03:00" finish="2026-06-10T06:56:43.1913926-03:00" />
  <TestSettings name="default" id="b8b50797-9fbb-4da3-831b-db53d4eb7533">
    <Deployment runDeploymentRoot="campo_CAMPOSCIRO_2026-06-10_06_56_42" />
  </TestSettings>
  <Results>
    <UnitTestResult executionId="01e03015-fb58-49d6-8d57-cb9a16436478" testId="d8f2b501-df72-48aa-4938-4c9744ae1223" testName="PrimoAutoEletrica.Tests.PermissionTests.Sistema_DeveTerTipoDeUsuarioOuFuncionario" computerName="CAMPOSCIRO" duration="00:00:00.0008488" startTime="2026-06-10T06:56:42.4897859-03:00" endTime="2026-06-10T06:56:42.4897860-03:00" testType="13cdc9d9-ddb5-4fa4-a97d-d965ccfc6d4b" outcome="Passed" testListId="8c84fa94-04c1-424b-9868-57a2d4851a1d" relativeResultsDirectory="01e03015-fb58-49d6-8d57-cb9a16436478" />
    <UnitTestResult executionId="ecf31ead-06e9-4e99-93e1-ea10342e6bc8" testId="678f3375-c495-e9a0-7ad7-773d4e5ccb08" testName="PrimoAutoEletrica.Tests.ThemeXamlTests.ShadowsXaml_DeveExistir" computerName="CAMPOSCIRO" duration="00:00:00.0002398" startTime="2026-06-10T06:56:42.2525858-03:00" endTime="2026-06-10T06:56:42.2525860-03:00" testType="13cdc9d9-ddb5-4fa4-a97d-d965ccfc6d4b" outcome="Passed" testListId="8c84fa94-04c1-424b-9868-57a2d4851a1d" relativeResultsDirectory="ecf31ead-06e9-4e99-93e1-ea10342e6bc8" />
    <UnitTestResult executionId="336481ea-e967-4ef7-980c-d590baafa41d" testId="8e0ccc50-e87e-ef84-c478-b742b0a290eb" testName="PrimoAutoEletrica.Tests.AuditoriaRepositoryTests.RegistrarEObterEvento_Basic_Works" computerName="CAMPOSCIRO" duration="00:00:01.6280071" startTime="2026-06-10T06:56:43.0316915-03:00" endTime="2026-06-10T06:56:43.0316916-03:00" testType="13cdc9d9-ddb5-4fa4-a97d-d965ccfc6d4b" outcome="Passed" testListId="8c84fa94-04c1-424b-9868-57a2d4851a1d" relativeResultsDirectory="336481ea-e967-4ef7-980c-d590baafa41d" />
    <UnitTestResult executionId="a5f4636b-9544-4447-8263-29c2d6e53214" testId="ba9e5016-0949-0c1d-76fc-3a5b2a220024" testName="PrimoAutoEletrica.Tests.DatabasePersistenceTests.Database_DeveCriarTabelaClientes" computerName="CAMPOSCIRO" duration="00:00:00.0123862" startTime="2026-06-10T06:56:42.5393847-03:00" endTime="2026-06-10T06:56:42.5393851-03:00" testType="13cdc9d9-ddb5-4fa4-a97d-d965ccfc6d4b" outcome="Passed" testListId="8c84fa94-04c1-424b-9868-57a2d4851a1d" relativeResultsDirectory="a5f4636b-9544-4447-8263-29c2d6e53214" />
    <UnitTestResult executionId="7236a018-1bb3-4d60-ae2e-9545f1043e00" testId="99cc54cf-7026-6793-efb5-29d3cfa8aaca" testName="PrimoAutoEletrica.Tests.PermissionTests.Sistema_DeveTerTipoDePermissao" computerName="CAMPOSCIRO" duration="00:00:00.0005726" startTime="2026-06-10T06:56:42.4995282-03:00" endTime="2026-06-10T06:56:42.4995283-03:00" testType="13cdc9d9-ddb5-4fa4-a97d-d965ccfc6d4b" outcome="Passed" testListId="8c84fa94-04c1-424b-9868-57a2d4851a1d" relativeResultsDirectory="7236a018-1bb3-4d60-ae2e-9545f1043e00" />
    <UnitTestResult executionId="cb7fd90e-1791-4d8c-83f9-591382eb1c73" testId="1998ecf0-1e17-6ac3-2328-490d00bdbeec" testName="PrimoAutoEletrica.Tests.DatabasePersistenceTests.Database_TransactionCommit_DevePersistirDados" computerName="CAMPOSCIRO" duration="00:00:00.0244662" startTime="2026-06-10T06:56:42.4635506-03:00" endTime="2026-06-10T06:56:42.4635510-03:00" testType="13cdc9d9-ddb5-4fa4-a97d-d965ccfc6d4b" outcome="Passed" testListId="8c84fa94-04c1-424b-9868-57a2d4851a1d" relativeResultsDirectory="cb7fd90e-1791-4d8c-83f9-591382eb1c73" />
    <UnitTestResult executionId="e3633624-0cc8-4fc7-b081-56afd168f0d7" testId="1767ef40-ffd1-9318-4e17-5ee7aa974537" testName="PrimoAutoEletrica.Tests.ThemeXamlTests.CardsXaml_DeveExistir" computerName="CAMPOSCIRO" duration="00:00:00.0002105" startTime="2026-06-10T06:56:42.2406544-03:00" endTime="2026-06-10T06:56:42.2406545-03:00" testType="13cdc9d9-ddb5-4fa4-a97d-d965ccfc6d4b" outcome="Passed" testListId="8c84fa94-04c1-424b-9868-57a2d4851a1d" relativeResultsDirectory="e3633624-0cc8-4fc7-b081-56afd168f0d7" />
    <UnitTestResult executionId="f87c47ee-7d2a-4e04-a5d4-d791da0e5c94" testId="e4b5c321-6503-e3ac-33ff-fdd8ffbb26b1" testName="PrimoAutoEletrica.Tests.ThemeXamlTests.TodosOsArquivosXaml_DeveSerXmlValido" computerName="CAMPOSCIRO" duration="00:00:00.0083671" startTime="2026-06-10T06:56:42.2518003-03:00" endTime="2026-06-10T06:56:42.2518004-03:00" testType="13cdc9d9-ddb5-4fa4-a97d-d965ccfc6d4b" outcome="Passed" testListId="8c84fa94-04c1-424b-9868-57a2d4851a1d" relativeResultsDirectory="f87c47ee-7d2a-4e04-a5d4-d791da0e5c94" />
    <UnitTestResult executionId="8b03d9f3-f425-417a-9ff3-5dd6516f8c70" testId="ebdf4f3c-6855-47d5-877b-cb4a7ffcb9b6" testName="PrimoAutoEletrica.Tests.PermissionTests.Sistema_DeveTerTipoDePerfil" computerName="CAMPOSCIRO" duration="00:00:00.2018951" startTime="2026-06-10T06:56:42.4377660-03:00" endTime="2026-06-10T06:56:42.4377667-03:00" testType="13cdc9d9-ddb5-4fa4-a97d-d965ccfc6d4b" outcome="Passed" testListId="8c84fa94-04c1-424b-9868-57a2d4851a1d" relativeResultsDirectory="8b03d9f3-f425-417a-9ff3-5dd6516f8c70" />
    <UnitTestResult executionId="b1373e80-e4d2-4cb3-a9ce-d5f62bb6ff75" testId="8f094df5-c7b5-d3a3-30bd-7f568d076713" testName="PrimoAutoEletrica.Tests.ThemeXamlTests.AppXaml_DeveSerXmlValido" computerName="CAMPOSCIRO" duration="00:00:00.0004041" startTime="2026-06-10T06:56:42.2522703-03:00" endTime="2026-06-10T06:56:42.2522704-03:00" testType="13cdc9d9-ddb5-4fa4-a97d-d965ccfc6d4b" outcome="Passed" testListId="8c84fa94-04c1-424b-9868-57a2d4851a1d" relativeResultsDirectory="b1373e80-e4d2-4cb3-a9ce-d5f62bb6ff75" />
    <UnitTestResult executionId="79fa430a-889b-46e1-859a-341857a1a76c" testId="b57c0ec3-c557-1ae5-7b86-7a7408d10c97" testName="PrimoAutoEletrica.Tests.DatabasePersistenceTests.Database_DeveAtualizarCliente" computerName="CAMPOSCIRO" duration="00:00:00.0431977" startTime="2026-06-10T06:56:42.5068808-03:00" endTime="2026-06-10T06:56:42.5068810-03:00" testType="13cdc9d9-ddb5-4fa4-a97d-d965ccfc6d4b" outcome="Passed" testListId="8c84fa94-04c1-424b-9868-57a2d4851a1d" relativeResultsDirectory="79fa430a-889b-46e1-859a-341857a1a76c" />
    <UnitTestResult executionId="85d63407-f1c5-4d46-aed4-a1198de645e1" testId="e951b624-0a67-72dd-ea68-642219d1cb1e" testName="PrimoAutoEletrica.Tests.VendaRepositoryTests.InserirEObterVenda_BasicFlow_Works" computerName="CAMPOSCIRO" duration="00:00:01.4819509" startTime="2026-06-10T06:56:42.8855869-03:00" endTime="2026-06-10T06:56:42.8855870-03:00" testType="13cdc9d9-ddb5-4fa4-a97d-d965ccfc6d4b" outcome="Passed" testListId="8c84fa94-04c1-424b-9868-57a2d4851a1d" relativeResultsDirectory="85d63407-f1c5-4d46-aed4-a1198de645e1" />
    <UnitTestResult executionId="2f612fad-bb5e-457e-a5f0-7f454813c8a4" testId="c0ddcaf7-403b-2c7c-5869-13acc681b289" testName="PrimoAutoEletrica.Tests.ThemeXamlTests.CardsXaml_DeveSerXmlValido" computerName="CAMPOSCIRO" duration="00:00:00.0007297" startTime="2026-06-10T06:56:42.2514806-03:00" endTime="2026-06-10T06:56:42.2514807-03:00" testType="13cdc9d9-ddb5-4fa4-a97d-d965ccfc6d4b" outcome="Passed" testListId="8c84fa94-04c1-424b-9868-57a2d4851a1d" relativeResultsDirectory="2f612fad-bb5e-457e-a5f0-7f454813c8a4" />
    <UnitTestResult executionId="53a6811c-74bf-49b2-a0e3-d0da078c2be4" testId="2a7b1629-0a4e-b3c7-1598-9c1c74e0d5fb" testName="PrimoAutoEletrica.Tests.DatabasePersistenceTests.Database_DeveConectarComSucesso" computerName="CAMPOSCIRO" duration="00:00:00.0050525" startTime="2026-06-10T06:56:42.5673396-03:00" endTime="2026-06-10T06:56:42.5673397-03:00" testType="13cdc9d9-ddb5-4fa4-a97d-d965ccfc6d4b" outcome="Passed" testListId="8c84fa94-04c1-424b-9868-57a2d4851a1d" relativeResultsDirectory="53a6811c-74bf-49b2-a0e3-d0da078c2be4" />
    <UnitTestResult executionId="4819a95f-c6ec-436c-b2fb-60147e1c4be9" testId="70fb70f4-a796-2c23-b938-f2fca559b17b" testName="PrimoAutoEletrica.Tests.ThemeXamlTests.ThemeDirectory_DeveExistir" computerName="CAMPOSCIRO" duration="00:00:00.0002036" startTime="2026-06-10T06:56:42.2514091-03:00" endTime="2026-06-10T06:56:42.2514092-03:00" testType="13cdc9d9-ddb5-4fa4-a97d-d965ccfc6d4b" outcome="Passed" testListId="8c84fa94-04c1-424b-9868-57a2d4851a1d" relativeResultsDirectory="4819a95f-c6ec-436c-b2fb-60147e1c4be9" />
    <UnitTestResult executionId="0ba72d15-27a7-4623-a60e-6146497461f3" testId="1c1b9107-5ebc-1722-8f3d-d15f81c4b0c9" testName="PrimoAutoEletrica.Tests.ThemeXamlTests.ColorsDarkXaml_DeveExistir" computerName="CAMPOSCIRO" duration="00:00:00.0002229" startTime="2026-06-10T06:56:42.2405829-03:00" endTime="2026-06-10T06:56:42.2405829-03:00" testType="13cdc9d9-ddb5-4fa4-a97d-d965ccfc6d4b" outcome="Passed" testListId="8c84fa94-04c1-424b-9868-57a2d4851a1d" relativeResultsDirectory="0ba72d15-27a7-4623-a60e-6146497461f3" />
    <UnitTestResult executionId="329dfb4c-7ca8-440b-a811-96f943c2ca37" testId="aed5ad18-2539-e136-919f-bd42339f2d5e" testName="PrimoAutoEletrica.Tests.DatabasePersistenceTests.Database_DeveSelecionarCliente" computerName="CAMPOSCIRO" duration="00:00:01.0365334" startTime="2026-06-10T06:56:42.4389789-03:00" endTime="2026-06-10T06:56:42.4389791-03:00" testType="13cdc9d9-ddb5-4fa4-a97d-d965ccfc6d4b" outcome="Passed" testListId="8c84fa94-04c1-424b-9868-57a2d4851a1d" relativeResultsDirectory="329dfb4c-7ca8-440b-a811-96f943c2ca37" />
    <UnitTestResult executionId="b473a92c-c7b9-48a3-8306-b2a8c8b778c7" testId="f18a50d8-8a67-13ef-83aa-9e871e9a2f4a" testName="PrimoAutoEletrica.Tests.DatabasePersistenceTests.Database_DeveCriarArquivoSQLite" computerName="CAMPOSCIRO" duration="00:00:00.0028462" startTime="2026-06-10T06:56:42.5269214-03:00" endTime="2026-06-10T06:56:42.5269215-03:00" testType="13cdc9d9-ddb5-4fa4-a97d-d965ccfc6d4b" outcome="Passed" testListId="8c84fa94-04c1-424b-9868-57a2d4851a1d" relativeResultsDirectory="b473a92c-c7b9-48a3-8306-b2a8c8b778c7" />
    <UnitTestResult executionId="d3e3454d-a64f-4162-841e-22dfe83955ba" testId="46d69e79-9d5c-092a-e294-094ad62a7cb2" testName="PrimoAutoEletrica.Tests.PermissionTests.Sistema_DeveTerServicoOuRepositorioDePermissao" computerName="CAMPOSCIRO" duration="00:00:00.0004843" startTime="2026-06-10T06:56:42.4903167-03:00" endTime="2026-06-10T06:56:42.4903168-03:00" testType="13cdc9d9-ddb5-4fa4-a97d-d965ccfc6d4b" outcome="Passed" testListId="8c84fa94-04c1-424b-9868-57a2d4851a1d" relativeResultsDirectory="d3e3454d-a64f-4162-841e-22dfe83955ba" />
    <UnitTestResult executionId="bb17f93d-b54a-40b6-a92b-65a91007ae79" testId="b3aa0ed2-0f4d-a31c-f6b9-ff221a6192bd" testName="PrimoAutoEletrica.Tests.PermissionTests.Sistema_DeveTerMetodoDeObtencaoDePermissoes" computerName="CAMPOSCIRO" duration="00:00:00.0084800" startTime="2026-06-10T06:56:42.4988947-03:00" endTime="2026-06-10T06:56:42.4988949-03:00" testType="13cdc9d9-ddb5-4fa4-a97d-d965ccfc6d4b" outcome="Passed" testListId="8c84fa94-04c1-424b-9868-57a2d4851a1d" relativeResultsDirectory="bb17f93d-b54a-40b6-a92b-65a91007ae79" />
    <UnitTestResult executionId="ea247967-5644-4064-a6b2-a25a6133f88e" testId="d5b418f7-36cf-49be-2b77-6d5d5eb1d5b9" testName="PrimoAutoEletrica.Tests.ThemeXamlTests.GlobalStylesXaml_DeveSerXmlValido" computerName="CAMPOSCIRO" duration="00:00:00.8300162" startTime="2026-06-10T06:56:42.2391309-03:00" endTime="2026-06-10T06:56:42.2391310-03:00" testType="13cdc9d9-ddb5-4fa4-a97d-d965ccfc6d4b" outcome="Passed" testListId="8c84fa94-04c1-424b-9868-57a2d4851a1d" relativeResultsDirectory="ea247967-5644-4064-a6b2-a25a6133f88e" />
    <UnitTestResult executionId="4cb0b77d-a6ce-4cff-bebf-f51bb9235448" testId="9b3683be-a980-a256-9dd2-61fee7009409" testName="PrimoAutoEletrica.Tests.DatabasePersistenceTests.Database_DeveInserirCliente" computerName="CAMPOSCIRO" duration="00:00:00.0170411" startTime="2026-06-10T06:56:42.5240086-03:00" endTime="2026-06-10T06:56:42.5240087-03:00" testType="13cdc9d9-ddb5-4fa4-a97d-d965ccfc6d4b" outcome="Passed" testListId="8c84fa94-04c1-424b-9868-57a2d4851a1d" relativeResultsDirectory="4cb0b77d-a6ce-4cff-bebf-f51bb9235448" />
    <UnitTestResult executionId="40601c92-6156-4878-ab9b-5e9e7a51498a" testId="48603c5b-4dbf-79ed-2f93-0f52f4768123" testName="PrimoAutoEletrica.Tests.ThemeXamlTests.ColorsLightXaml_DeveExistir" computerName="CAMPOSCIRO" duration="00:00:00.0002505" startTime="2026-06-10T06:56:42.2403205-03:00" endTime="2026-06-10T06:56:42.2403206-03:00" testType="13cdc9d9-ddb5-4fa4-a97d-d965ccfc6d4b" outcome="Passed" testListId="8c84fa94-04c1-424b-9868-57a2d4851a1d" relativeResultsDirectory="40601c92-6156-4878-ab9b-5e9e7a51498a" />
    <UnitTestResult executionId="bf367e4c-46d7-4fdb-af06-386fc4c805f1" testId="f961101f-0937-49fd-59e4-6c3213db1133" testName="PrimoAutoEletrica.Tests.DatabasePersistenceTests.Database_DeveDeletarCliente" computerName="CAMPOSCIRO" duration="00:00:00.0226989" startTime="2026-06-10T06:56:42.5622256-03:00" endTime="2026-06-10T06:56:42.5622258-03:00" testType="13cdc9d9-ddb5-4fa4-a97d-d965ccfc6d4b" outcome="Passed" testListId="8c84fa94-04c1-424b-9868-57a2d4851a1d" relativeResultsDirectory="bf367e4c-46d7-4fdb-af06-386fc4c805f1" />
    <UnitTestResult executionId="483c44b3-02c2-46e7-a11c-6882408e6935" testId="fd2e2ec3-d311-4635-6090-57db70720ffe" testName="PrimoAutoEletrica.Tests.ThemeXamlTests.GlobalStylesXaml_DeveExistir" computerName="CAMPOSCIRO" duration="00:00:00.0002424" startTime="2026-06-10T06:56:42.2423145-03:00" endTime="2026-06-10T06:56:42.2423146-03:00" testType="13cdc9d9-ddb5-4fa4-a97d-d965ccfc6d4b" outcome="Passed" testListId="8c84fa94-04c1-424b-9868-57a2d4851a1d" relativeResultsDirectory="483c44b3-02c2-46e7-a11c-6882408e6935" />
    <UnitTestResult executionId="63a84140-8d56-4891-9784-be9d43cd3e3b" testId="a9c333e5-d161-3e83-0149-45671d665ffe" testName="PrimoAutoEletrica.Tests.PermissionTests.PerfisObrigatorios_DevemSerSuportados" computerName="CAMPOSCIRO" duration="00:00:00.8291114" startTime="2026-06-10T06:56:42.2361911-03:00" endTime="2026-06-10T06:56:42.2362203-03:00" testType="13cdc9d9-ddb5-4fa4-a97d-d965ccfc6d4b" outcome="Passed" testListId="8c84fa94-04c1-424b-9868-57a2d4851a1d" relativeResultsDirectory="63a84140-8d56-4891-9784-be9d43cd3e3b" />
    <UnitTestResult executionId="d43ef617-d483-440e-a090-e63220a6bdcd" testId="657af870-11d0-08f6-b1b8-11f63eae6e23" testName="PrimoAutoEletrica.Tests.ThemeXamlTests.AppXaml_DeveExistir" computerName="CAMPOSCIRO" duration="00:00:00.0002229" startTime="2026-06-10T06:56:42.2528802-03:00" endTime="2026-06-10T06:56:42.2528804-03:00" testType="13cdc9d9-ddb5-4fa4-a97d-d965ccfc6d4b" outcome="Passed" testListId="8c84fa94-04c1-424b-9868-57a2d4851a1d" relativeResultsDirectory="d43ef617-d483-440e-a090-e63220a6bdcd" />
    <UnitTestResult executionId="b74aa44b-4228-477a-91fb-7bca40b20638" testId="ae415754-01a9-2b55-d7f1-25b184ba7ba2" testName="PrimoAutoEletrica.Tests.PermissionTests.Sistema_DeveTerMetodoDeVerificacaoDePermissao" computerName="CAMPOSCIRO" duration="00:00:00.0510232" startTime="2026-06-10T06:56:42.4888911-03:00" endTime="2026-06-10T06:56:42.4888913-03:00" testType="13cdc9d9-ddb5-4fa4-a97d-d965ccfc6d4b" outcome="Passed" testListId="8c84fa94-04c1-424b-9868-57a2d4851a1d" relativeResultsDirectory="b74aa44b-4228-477a-91fb-7bca40b20638" />
    <UnitTestResult executionId="b98e0e49-02db-4fe7-ac78-1c97e1cb029e" testId="bb470369-4cbd-ddd1-01fa-a784d1199aa6" testName="PrimoAutoEletrica.Tests.ThemeXamlTests.ShadowsXaml_DeveSerXmlValido" computerName="CAMPOSCIRO" duration="00:00:00.0006254" startTime="2026-06-10T06:56:42.2407112-03:00" endTime="2026-06-10T06:56:42.2407112-03:00" testType="13cdc9d9-ddb5-4fa4-a97d-d965ccfc6d4b" outcome="Passed" testListId="8c84fa94-04c1-424b-9868-57a2d4851a1d" relativeResultsDirectory="b98e0e49-02db-4fe7-ac78-1c97e1cb029e" />
    <UnitTestResult executionId="02457b2d-e3de-4d69-9831-1aa064a59e6e" testId="99a5c6e4-ff54-bb06-13c7-34058b8d2a2a" testName="PrimoAutoEletrica.Tests.DatabasePersistenceTests.Database_TransactionRollback_DeveReverterDados" computerName="CAMPOSCIRO" duration="00:00:00.0135090" startTime="2026-06-10T06:56:42.5809351-03:00" endTime="2026-06-10T06:56:42.5809352-03:00" testType="13cdc9d9-ddb5-4fa4-a97d-d965ccfc6d4b" outcome="Passed" testListId="8c84fa94-04c1-424b-9868-57a2d4851a1d" relativeResultsDirectory="02457b2d-e3de-4d69-9831-1aa064a59e6e" />
    <UnitTestResult executionId="77a13eda-b7ea-4aec-9ba8-18bc26152ff9" testId="2d9128af-09f4-ca56-fe9f-7c93093ac018" testName="PrimoAutoEletrica.Tests.ThemeXamlTests.AppXaml_NaoDeveTerChavesDuplicadas" computerName="CAMPOSCIRO" duration="00:00:00.0046529" startTime="2026-06-10T06:56:42.2420263-03:00" endTime="2026-06-10T06:56:42.2420265-03:00" testType="13cdc9d9-ddb5-4fa4-a97d-d965ccfc6d4b" outcome="Passed" testListId="8c84fa94-04c1-424b-9868-57a2d4851a1d" relativeResultsDirectory="77a13eda-b7ea-4aec-9ba8-18bc26152ff9" />
  </Results>
  <TestDefinitions>
    <UnitTest name="PrimoAutoEletrica.Tests.PermissionTests.Sistema_DeveTerServicoOuRepositorioDePermissao" storage="c:\projetos\primoautoeletrica\tests\primoautoeletrica.tests\bin\debug\net9.0-windows7.0\primoautoeletrica.tests.dll" id="46d69e79-9d5c-092a-e294-094ad62a7cb2">
      <Execution id="d3e3454d-a64f-4162-841e-22dfe83955ba" />
      <TestMethod codeBase="C:\Projetos\PrimoAutoEletrica\Tests\PrimoAutoEletrica.Tests\bin\Debug\net9.0-windows7.0\PrimoAutoEletrica.Tests.dll" adapterTypeName="executor://xunit/VsTestRunner2/netcoreapp" className="PrimoAutoEletrica.Tests.PermissionTests" name="Sistema_DeveTerServicoOuRepositorioDePermissao" />
    </UnitTest>
    <UnitTest name="PrimoAutoEletrica.Tests.PermissionTests.Sistema_DeveTerMetodoDeVerificacaoDePermissao" storage="c:\projetos\primoautoeletrica\tests\primoautoeletrica.tests\bin\debug\net9.0-windows7.0\primoautoeletrica.tests.dll" id="ae415754-01a9-2b55-d7f1-25b184ba7ba2">
      <Execution id="b74aa44b-4228-477a-91fb-7bca40b20638" />
      <TestMethod codeBase="C:\Projetos\PrimoAutoEletrica\Tests\PrimoAutoEletrica.Tests\bin\Debug\net9.0-windows7.0\PrimoAutoEletrica.Tests.dll" adapterTypeName="executor://xunit/VsTestRunner2/netcoreapp" className="PrimoAutoEletrica.Tests.PermissionTests" name="Sistema_DeveTerMetodoDeVerificacaoDePermissao" />
    </UnitTest>
    <UnitTest name="PrimoAutoEletrica.Tests.ThemeXamlTests.GlobalStylesXaml_DeveSerXmlValido" storage="c:\projetos\primoautoeletrica\tests\primoautoeletrica.tests\bin\debug\net9.0-windows7.0\primoautoeletrica.tests.dll" id="d5b418f7-36cf-49be-2b77-6d5d5eb1d5b9">
      <Execution id="ea247967-5644-4064-a6b2-a25a6133f88e" />
      <TestMethod codeBase="C:\Projetos\PrimoAutoEletrica\Tests\PrimoAutoEletrica.Tests\bin\Debug\net9.0-windows7.0\PrimoAutoEletrica.Tests.dll" adapterTypeName="executor://xunit/VsTestRunner2/netcoreapp" className="PrimoAutoEletrica.Tests.ThemeXamlTests" name="GlobalStylesXaml_DeveSerXmlValido" />
    </UnitTest>
    <UnitTest name="PrimoAutoEletrica.Tests.DatabasePersistenceTests.Database_TransactionRollback_DeveReverterDados" storage="c:\projetos\primoautoeletrica\tests\primoautoeletrica.tests\bin\debug\net9.0-windows7.0\primoautoeletrica.tests.dll" id="99a5c6e4-ff54-bb06-13c7-34058b8d2a2a">
      <Execution id="02457b2d-e3de-4d69-9831-1aa064a59e6e" />
      <TestMethod codeBase="C:\Projetos\PrimoAutoEletrica\Tests\PrimoAutoEletrica.Tests\bin\Debug\net9.0-windows7.0\PrimoAutoEletrica.Tests.dll" adapterTypeName="executor://xunit/VsTestRunner2/netcoreapp" className="PrimoAutoEletrica.Tests.DatabasePersistenceTests" name="Database_TransactionRollback_DeveReverterDados" />
    </UnitTest>
    <UnitTest name="PrimoAutoEletrica.Tests.DatabasePersistenceTests.Database_DeveInserirCliente" storage="c:\projetos\primoautoeletrica\tests\primoautoeletrica.tests\bin\debug\net9.0-windows7.0\primoautoeletrica.tests.dll" id="9b3683be-a980-a256-9dd2-61fee7009409">
      <Execution id="4cb0b77d-a6ce-4cff-bebf-f51bb9235448" />
      <TestMethod codeBase="C:\Projetos\PrimoAutoEletrica\Tests\PrimoAutoEletrica.Tests\bin\Debug\net9.0-windows7.0\PrimoAutoEletrica.Tests.dll" adapterTypeName="executor://xunit/VsTestRunner2/netcoreapp" className="PrimoAutoEletrica.Tests.DatabasePersistenceTests" name="Database_DeveInserirCliente" />
    </UnitTest>
    <UnitTest name="PrimoAutoEletrica.Tests.ThemeXamlTests.AppXaml_DeveSerXmlValido" storage="c:\projetos\primoautoeletrica\tests\primoautoeletrica.tests\bin\debug\net9.0-windows7.0\primoautoeletrica.tests.dll" id="8f094df5-c7b5-d3a3-30bd-7f568d076713">
      <Execution id="b1373e80-e4d2-4cb3-a9ce-d5f62bb6ff75" />
      <TestMethod codeBase="C:\Projetos\PrimoAutoEletrica\Tests\PrimoAutoEletrica.Tests\bin\Debug\net9.0-windows7.0\PrimoAutoEletrica.Tests.dll" adapterTypeName="executor://xunit/VsTestRunner2/netcoreapp" className="PrimoAutoEletrica.Tests.ThemeXamlTests" name="AppXaml_DeveSerXmlValido" />
    </UnitTest>
    <UnitTest name="PrimoAutoEletrica.Tests.DatabasePersistenceTests.Database_DeveConectarComSucesso" storage="c:\projetos\primoautoeletrica\tests\primoautoeletrica.tests\bin\debug\net9.0-windows7.0\primoautoeletrica.tests.dll" id="2a7b1629-0a4e-b3c7-1598-9c1c74e0d5fb">
      <Execution id="53a6811c-74bf-49b2-a0e3-d0da078c2be4" />
      <TestMethod codeBase="C:\Projetos\PrimoAutoEletrica\Tests\PrimoAutoEletrica.Tests\bin\Debug\net9.0-windows7.0\PrimoAutoEletrica.Tests.dll" adapterTypeName="executor://xunit/VsTestRunner2/netcoreapp" className="PrimoAutoEletrica.Tests.DatabasePersistenceTests" name="Database_DeveConectarComSucesso" />
    </UnitTest>
    <UnitTest name="PrimoAutoEletrica.Tests.PermissionTests.Sistema_DeveTerTipoDeUsuarioOuFuncionario" storage="c:\projetos\primoautoeletrica\tests\primoautoeletrica.tests\bin\debug\net9.0-windows7.0\primoautoeletrica.tests.dll" id="d8f2b501-df72-48aa-4938-4c9744ae1223">
      <Execution id="01e03015-fb58-49d6-8d57-cb9a16436478" />
      <TestMethod codeBase="C:\Projetos\PrimoAutoEletrica\Tests\PrimoAutoEletrica.Tests\bin\Debug\net9.0-windows7.0\PrimoAutoEletrica.Tests.dll" adapterTypeName="executor://xunit/VsTestRunner2/netcoreapp" className="PrimoAutoEletrica.Tests.PermissionTests" name="Sistema_DeveTerTipoDeUsuarioOuFuncionario" />
    </UnitTest>
    <UnitTest name="PrimoAutoEletrica.Tests.DatabasePersistenceTests.Database_DeveCriarArquivoSQLite" storage="c:\projetos\primoautoeletrica\tests\primoautoeletrica.tests\bin\debug\net9.0-windows7.0\primoautoeletrica.tests.dll" id="f18a50d8-8a67-13ef-83aa-9e871e9a2f4a">
      <Execution id="b473a92c-c7b9-48a3-8306-b2a8c8b778c7" />
      <TestMethod codeBase="C:\Projetos\PrimoAutoEletrica\Tests\PrimoAutoEletrica.Tests\bin\Debug\net9.0-windows7.0\PrimoAutoEletrica.Tests.dll" adapterTypeName="executor://xunit/VsTestRunner2/netcoreapp" className="PrimoAutoEletrica.Tests.DatabasePersistenceTests" name="Database_DeveCriarArquivoSQLite" />
    </UnitTest>
    <UnitTest name="PrimoAutoEletrica.Tests.ThemeXamlTests.ShadowsXaml_DeveSerXmlValido" storage="c:\projetos\primoautoeletrica\tests\primoautoeletrica.tests\bin\debug\net9.0-windows7.0\primoautoeletrica.tests.dll" id="bb470369-4cbd-ddd1-01fa-a784d1199aa6">
      <Execution id="b98e0e49-02db-4fe7-ac78-1c97e1cb029e" />
      <TestMethod codeBase="C:\Projetos\PrimoAutoEletrica\Tests\PrimoAutoEletrica.Tests\bin\Debug\net9.0-windows7.0\PrimoAutoEletrica.Tests.dll" adapterTypeName="executor://xunit/VsTestRunner2/netcoreapp" className="PrimoAutoEletrica.Tests.ThemeXamlTests" name="ShadowsXaml_DeveSerXmlValido" />
    </UnitTest>
    <UnitTest name="PrimoAutoEletrica.Tests.ThemeXamlTests.GlobalStylesXaml_DeveExistir" storage="c:\projetos\primoautoeletrica\tests\primoautoeletrica.tests\bin\debug\net9.0-windows7.0\primoautoeletrica.tests.dll" id="fd2e2ec3-d311-4635-6090-57db70720ffe">
      <Execution id="483c44b3-02c2-46e7-a11c-6882408e6935" />
      <TestMethod codeBase="C:\Projetos\PrimoAutoEletrica\Tests\PrimoAutoEletrica.Tests\bin\Debug\net9.0-windows7.0\PrimoAutoEletrica.Tests.dll" adapterTypeName="executor://xunit/VsTestRunner2/netcoreapp" className="PrimoAutoEletrica.Tests.ThemeXamlTests" name="GlobalStylesXaml_DeveExistir" />
    </UnitTest>
    <UnitTest name="PrimoAutoEletrica.Tests.ThemeXamlTests.ShadowsXaml_DeveExistir" storage="c:\projetos\primoautoeletrica\tests\primoautoeletrica.tests\bin\debug\net9.0-windows7.0\primoautoeletrica.tests.dll" id="678f3375-c495-e9a0-7ad7-773d4e5ccb08">
      <Execution id="ecf31ead-06e9-4e99-93e1-ea10342e6bc8" />
      <TestMethod codeBase="C:\Projetos\PrimoAutoEletrica\Tests\PrimoAutoEletrica.Tests\bin\Debug\net9.0-windows7.0\PrimoAutoEletrica.Tests.dll" adapterTypeName="executor://xunit/VsTestRunner2/netcoreapp" className="PrimoAutoEletrica.Tests.ThemeXamlTests" name="ShadowsXaml_DeveExistir" />
    </UnitTest>
    <UnitTest name="PrimoAutoEletrica.Tests.AuditoriaRepositoryTests.RegistrarEObterEvento_Basic_Works" storage="c:\projetos\primoautoeletrica\tests\primoautoeletrica.tests\bin\debug\net9.0-windows7.0\primoautoeletrica.tests.dll" id="8e0ccc50-e87e-ef84-c478-b742b0a290eb">
      <Execution id="336481ea-e967-4ef7-980c-d590baafa41d" />
      <TestMethod codeBase="C:\Projetos\PrimoAutoEletrica\Tests\PrimoAutoEletrica.Tests\bin\Debug\net9.0-windows7.0\PrimoAutoEletrica.Tests.dll" adapterTypeName="executor://xunit/VsTestRunner2/netcoreapp" className="PrimoAutoEletrica.Tests.AuditoriaRepositoryTests" name="RegistrarEObterEvento_Basic_Works" />
    </UnitTest>
    <UnitTest name="PrimoAutoEletrica.Tests.ThemeXamlTests.AppXaml_NaoDeveTerChavesDuplicadas" storage="c:\projetos\primoautoeletrica\tests\primoautoeletrica.tests\bin\debug\net9.0-windows7.0\primoautoeletrica.tests.dll" id="2d9128af-09f4-ca56-fe9f-7c93093ac018">
      <Execution id="77a13eda-b7ea-4aec-9ba8-18bc26152ff9" />
      <TestMethod codeBase="C:\Projetos\PrimoAutoEletrica\Tests\PrimoAutoEletrica.Tests\bin\Debug\net9.0-windows7.0\PrimoAutoEletrica.Tests.dll" adapterTypeName="executor://xunit/VsTestRunner2/netcoreapp" className="PrimoAutoEletrica.Tests.ThemeXamlTests" name="AppXaml_NaoDeveTerChavesDuplicadas" />
    </UnitTest>
    <UnitTest name="PrimoAutoEletrica.Tests.ThemeXamlTests.CardsXaml_DeveExistir" storage="c:\projetos\primoautoeletrica\tests\primoautoeletrica.tests\bin\debug\net9.0-windows7.0\primoautoeletrica.tests.dll" id="1767ef40-ffd1-9318-4e17-5ee7aa974537">
      <Execution id="e3633624-0cc8-4fc7-b081-56afd168f0d7" />
      <TestMethod codeBase="C:\Projetos\PrimoAutoEletrica\Tests\PrimoAutoEletrica.Tests\bin\Debug\net9.0-windows7.0\PrimoAutoEletrica.Tests.dll" adapterTypeName="executor://xunit/VsTestRunner2/netcoreapp" className="PrimoAutoEletrica.Tests.ThemeXamlTests" name="CardsXaml_DeveExistir" />
    </UnitTest>
    <UnitTest name="PrimoAutoEletrica.Tests.ThemeXamlTests.AppXaml_DeveExistir" storage="c:\projetos\primoautoeletrica\tests\primoautoeletrica.tests\bin\debug\net9.0-windows7.0\primoautoeletrica.tests.dll" id="657af870-11d0-08f6-b1b8-11f63eae6e23">
      <Execution id="d43ef617-d483-440e-a090-e63220a6bdcd" />
      <TestMethod codeBase="C:\Projetos\PrimoAutoEletrica\Tests\PrimoAutoEletrica.Tests\bin\Debug\net9.0-windows7.0\PrimoAutoEletrica.Tests.dll" adapterTypeName="executor://xunit/VsTestRunner2/netcoreapp" className="PrimoAutoEletrica.Tests.ThemeXamlTests" name="AppXaml_DeveExistir" />
    </UnitTest>
    <UnitTest name="PrimoAutoEletrica.Tests.ThemeXamlTests.TodosOsArquivosXaml_DeveSerXmlValido" storage="c:\projetos\primoautoeletrica\tests\primoautoeletrica.tests\bin\debug\net9.0-windows7.0\primoautoeletrica.tests.dll" id="e4b5c321-6503-e3ac-33ff-fdd8ffbb26b1">
      <Execution id="f87c47ee-7d2a-4e04-a5d4-d791da0e5c94" />
      <TestMethod codeBase="C:\Projetos\PrimoAutoEletrica\Tests\PrimoAutoEletrica.Tests\bin\Debug\net9.0-windows7.0\PrimoAutoEletrica.Tests.dll" adapterTypeName="executor://xunit/VsTestRunner2/netcoreapp" className="PrimoAutoEletrica.Tests.ThemeXamlTests" name="TodosOsArquivosXaml_DeveSerXmlValido" />
    </UnitTest>
    <UnitTest name="PrimoAutoEletrica.Tests.PermissionTests.Sistema_DeveTerMetodoDeObtencaoDePermissoes" storage="c:\projetos\primoautoeletrica\tests\primoautoeletrica.tests\bin\debug\net9.0-windows7.0\primoautoeletrica.tests.dll" id="b3aa0ed2-0f4d-a31c-f6b9-ff221a6192bd">
      <Execution id="bb17f93d-b54a-40b6-a92b-65a91007ae79" />
      <TestMethod codeBase="C:\Projetos\PrimoAutoEletrica\Tests\PrimoAutoEletrica.Tests\bin\Debug\net9.0-windows7.0\PrimoAutoEletrica.Tests.dll" adapterTypeName="executor://xunit/VsTestRunner2/netcoreapp" className="PrimoAutoEletrica.Tests.PermissionTests" name="Sistema_DeveTerMetodoDeObtencaoDePermissoes" />
    </UnitTest>
    <UnitTest name="PrimoAutoEletrica.Tests.DatabasePersistenceTests.Database_DeveCriarTabelaClientes" storage="c:\projetos\primoautoeletrica\tests\primoautoeletrica.tests\bin\debug\net9.0-windows7.0\primoautoeletrica.tests.dll" id="ba9e5016-0949-0c1d-76fc-3a5b2a220024">
      <Execution id="a5f4636b-9544-4447-8263-29c2d6e53214" />
      <TestMethod codeBase="C:\Projetos\PrimoAutoEletrica\Tests\PrimoAutoEletrica.Tests\bin\Debug\net9.0-windows7.0\PrimoAutoEletrica.Tests.dll" adapterTypeName="executor://xunit/VsTestRunner2/netcoreapp" className="PrimoAutoEletrica.Tests.DatabasePersistenceTests" name="Database_DeveCriarTabelaClientes" />
    </UnitTest>
    <UnitTest name="PrimoAutoEletrica.Tests.DatabasePersistenceTests.Database_DeveAtualizarCliente" storage="c:\projetos\primoautoeletrica\tests\primoautoeletrica.tests\bin\debug\net9.0-windows7.0\primoautoeletrica.tests.dll" id="b57c0ec3-c557-1ae5-7b86-7a7408d10c97">
      <Execution id="79fa430a-889b-46e1-859a-341857a1a76c" />
      <TestMethod codeBase="C:\Projetos\PrimoAutoEletrica\Tests\PrimoAutoEletrica.Tests\bin\Debug\net9.0-windows7.0\PrimoAutoEletrica.Tests.dll" adapterTypeName="executor://xunit/VsTestRunner2/netcoreapp" className="PrimoAutoEletrica.Tests.DatabasePersistenceTests" name="Database_DeveAtualizarCliente" />
    </UnitTest>
    <UnitTest name="PrimoAutoEletrica.Tests.PermissionTests.Sistema_DeveTerTipoDePermissao" storage="c:\projetos\primoautoeletrica\tests\primoautoeletrica.tests\bin\debug\net9.0-windows7.0\primoautoeletrica.tests.dll" id="99cc54cf-7026-6793-efb5-29d3cfa8aaca">
      <Execution id="7236a018-1bb3-4d60-ae2e-9545f1043e00" />
      <TestMethod codeBase="C:\Projetos\PrimoAutoEletrica\Tests\PrimoAutoEletrica.Tests\bin\Debug\net9.0-windows7.0\PrimoAutoEletrica.Tests.dll" adapterTypeName="executor://xunit/VsTestRunner2/netcoreapp" className="PrimoAutoEletrica.Tests.PermissionTests" name="Sistema_DeveTerTipoDePermissao" />
    </UnitTest>
    <UnitTest name="PrimoAutoEletrica.Tests.DatabasePersistenceTests.Database_DeveSelecionarCliente" storage="c:\projetos\primoautoeletrica\tests\primoautoeletrica.tests\bin\debug\net9.0-windows7.0\primoautoeletrica.tests.dll" id="aed5ad18-2539-e136-919f-bd42339f2d5e">
      <Execution id="329dfb4c-7ca8-440b-a811-96f943c2ca37" />
      <TestMethod codeBase="C:\Projetos\PrimoAutoEletrica\Tests\PrimoAutoEletrica.Tests\bin\Debug\net9.0-windows7.0\PrimoAutoEletrica.Tests.dll" adapterTypeName="executor://xunit/VsTestRunner2/netcoreapp" className="PrimoAutoEletrica.Tests.DatabasePersistenceTests" name="Database_DeveSelecionarCliente" />
    </UnitTest>
    <UnitTest name="PrimoAutoEletrica.Tests.PermissionTests.Sistema_DeveTerTipoDePerfil" storage="c:\projetos\primoautoeletrica\tests\primoautoeletrica.tests\bin\debug\net9.0-windows7.0\primoautoeletrica.tests.dll" id="ebdf4f3c-6855-47d5-877b-cb4a7ffcb9b6">
      <Execution id="8b03d9f3-f425-417a-9ff3-5dd6516f8c70" />
      <TestMethod codeBase="C:\Projetos\PrimoAutoEletrica\Tests\PrimoAutoEletrica.Tests\bin\Debug\net9.0-windows7.0\PrimoAutoEletrica.Tests.dll" adapterTypeName="executor://xunit/VsTestRunner2/netcoreapp" className="PrimoAutoEletrica.Tests.PermissionTests" name="Sistema_DeveTerTipoDePerfil" />
    </UnitTest>
    <UnitTest name="PrimoAutoEletrica.Tests.ThemeXamlTests.ThemeDirectory_DeveExistir" storage="c:\projetos\primoautoeletrica\tests\primoautoeletrica.tests\bin\debug\net9.0-windows7.0\primoautoeletrica.tests.dll" id="70fb70f4-a796-2c23-b938-f2fca559b17b">
      <Execution id="4819a95f-c6ec-436c-b2fb-60147e1c4be9" />
      <TestMethod codeBase="C:\Projetos\PrimoAutoEletrica\Tests\PrimoAutoEletrica.Tests\bin\Debug\net9.0-windows7.0\PrimoAutoEletrica.Tests.dll" adapterTypeName="executor://xunit/VsTestRunner2/netcoreapp" className="PrimoAutoEletrica.Tests.ThemeXamlTests" name="ThemeDirectory_DeveExistir" />
    </UnitTest>
    <UnitTest name="PrimoAutoEletrica.Tests.ThemeXamlTests.ColorsDarkXaml_DeveExistir" storage="c:\projetos\primoautoeletrica\tests\primoautoeletrica.tests\bin\debug\net9.0-windows7.0\primoautoeletrica.tests.dll" id="1c1b9107-5ebc-1722-8f3d-d15f81c4b0c9">
      <Execution id="0ba72d15-27a7-4623-a60e-6146497461f3" />
      <TestMethod codeBase="C:\Projetos\PrimoAutoEletrica\Tests\PrimoAutoEletrica.Tests\bin\Debug\net9.0-windows7.0\PrimoAutoEletrica.Tests.dll" adapterTypeName="executor://xunit/VsTestRunner2/netcoreapp" className="PrimoAutoEletrica.Tests.ThemeXamlTests" name="ColorsDarkXaml_DeveExistir" />
    </UnitTest>
    <UnitTest name="PrimoAutoEletrica.Tests.ThemeXamlTests.ColorsLightXaml_DeveExistir" storage="c:\projetos\primoautoeletrica\tests\primoautoeletrica.tests\bin\debug\net9.0-windows7.0\primoautoeletrica.tests.dll" id="48603c5b-4dbf-79ed-2f93-0f52f4768123">
      <Execution id="40601c92-6156-4878-ab9b-5e9e7a51498a" />
      <TestMethod codeBase="C:\Projetos\PrimoAutoEletrica\Tests\PrimoAutoEletrica.Tests\bin\Debug\net9.0-windows7.0\PrimoAutoEletrica.Tests.dll" adapterTypeName="executor://xunit/VsTestRunner2/netcoreapp" className="PrimoAutoEletrica.Tests.ThemeXamlTests" name="ColorsLightXaml_DeveExistir" />
    </UnitTest>
    <UnitTest name="PrimoAutoEletrica.Tests.VendaRepositoryTests.InserirEObterVenda_BasicFlow_Works" storage="c:\projetos\primoautoeletrica\tests\primoautoeletrica.tests\bin\debug\net9.0-windows7.0\primoautoeletrica.tests.dll" id="e951b624-0a67-72dd-ea68-642219d1cb1e">
      <Execution id="85d63407-f1c5-4d46-aed4-a1198de645e1" />
      <TestMethod codeBase="C:\Projetos\PrimoAutoEletrica\Tests\PrimoAutoEletrica.Tests\bin\Debug\net9.0-windows7.0\PrimoAutoEletrica.Tests.dll" adapterTypeName="executor://xunit/VsTestRunner2/netcoreapp" className="PrimoAutoEletrica.Tests.VendaRepositoryTests" name="InserirEObterVenda_BasicFlow_Works" />
    </UnitTest>
    <UnitTest name="PrimoAutoEletrica.Tests.ThemeXamlTests.CardsXaml_DeveSerXmlValido" storage="c:\projetos\primoautoeletrica\tests\primoautoeletrica.tests\bin\debug\net9.0-windows7.0\primoautoeletrica.tests.dll" id="c0ddcaf7-403b-2c7c-5869-13acc681b289">
      <Execution id="2f612fad-bb5e-457e-a5f0-7f454813c8a4" />
      <TestMethod codeBase="C:\Projetos\PrimoAutoEletrica\Tests\PrimoAutoEletrica.Tests\bin\Debug\net9.0-windows7.0\PrimoAutoEletrica.Tests.dll" adapterTypeName="executor://xunit/VsTestRunner2/netcoreapp" className="PrimoAutoEletrica.Tests.ThemeXamlTests" name="CardsXaml_DeveSerXmlValido" />
    </UnitTest>
    <UnitTest name="PrimoAutoEletrica.Tests.DatabasePersistenceTests.Database_TransactionCommit_DevePersistirDados" storage="c:\projetos\primoautoeletrica\tests\primoautoeletrica.tests\bin\debug\net9.0-windows7.0\primoautoeletrica.tests.dll" id="1998ecf0-1e17-6ac3-2328-490d00bdbeec">
      <Execution id="cb7fd90e-1791-4d8c-83f9-591382eb1c73" />
      <TestMethod codeBase="C:\Projetos\PrimoAutoEletrica\Tests\PrimoAutoEletrica.Tests\bin\Debug\net9.0-windows7.0\PrimoAutoEletrica.Tests.dll" adapterTypeName="executor://xunit/VsTestRunner2/netcoreapp" className="PrimoAutoEletrica.Tests.DatabasePersistenceTests" name="Database_TransactionCommit_DevePersistirDados" />
    </UnitTest>
    <UnitTest name="PrimoAutoEletrica.Tests.PermissionTests.PerfisObrigatorios_DevemSerSuportados" storage="c:\projetos\primoautoeletrica\tests\primoautoeletrica.tests\bin\debug\net9.0-windows7.0\primoautoeletrica.tests.dll" id="a9c333e5-d161-3e83-0149-45671d665ffe">
      <Execution id="63a84140-8d56-4891-9784-be9d43cd3e3b" />
      <TestMethod codeBase="C:\Projetos\PrimoAutoEletrica\Tests\PrimoAutoEletrica.Tests\bin\Debug\net9.0-windows7.0\PrimoAutoEletrica.Tests.dll" adapterTypeName="executor://xunit/VsTestRunner2/netcoreapp" className="PrimoAutoEletrica.Tests.PermissionTests" name="PerfisObrigatorios_DevemSerSuportados" />
    </UnitTest>
    <UnitTest name="PrimoAutoEletrica.Tests.DatabasePersistenceTests.Database_DeveDeletarCliente" storage="c:\projetos\primoautoeletrica\tests\primoautoeletrica.tests\bin\debug\net9.0-windows7.0\primoautoeletrica.tests.dll" id="f961101f-0937-49fd-59e4-6c3213db1133">
      <Execution id="bf367e4c-46d7-4fdb-af06-386fc4c805f1" />
      <TestMethod codeBase="C:\Projetos\PrimoAutoEletrica\Tests\PrimoAutoEletrica.Tests\bin\Debug\net9.0-windows7.0\PrimoAutoEletrica.Tests.dll" adapterTypeName="executor://xunit/VsTestRunner2/netcoreapp" className="PrimoAutoEletrica.Tests.DatabasePersistenceTests" name="Database_DeveDeletarCliente" />
    </UnitTest>
  </TestDefinitions>
  <TestEntries>
    <TestEntry testId="d8f2b501-df72-48aa-4938-4c9744ae1223" executionId="01e03015-fb58-49d6-8d57-cb9a16436478" testListId="8c84fa94-04c1-424b-9868-57a2d4851a1d" />
    <TestEntry testId="678f3375-c495-e9a0-7ad7-773d4e5ccb08" executionId="ecf31ead-06e9-4e99-93e1-ea10342e6bc8" testListId="8c84fa94-04c1-424b-9868-57a2d4851a1d" />
    <TestEntry testId="8e0ccc50-e87e-ef84-c478-b742b0a290eb" executionId="336481ea-e967-4ef7-980c-d590baafa41d" testListId="8c84fa94-04c1-424b-9868-57a2d4851a1d" />
    <TestEntry testId="ba9e5016-0949-0c1d-76fc-3a5b2a220024" executionId="a5f4636b-9544-4447-8263-29c2d6e53214" testListId="8c84fa94-04c1-424b-9868-57a2d4851a1d" />
    <TestEntry testId="99cc54cf-7026-6793-efb5-29d3cfa8aaca" executionId="7236a018-1bb3-4d60-ae2e-9545f1043e00" testListId="8c84fa94-04c1-424b-9868-57a2d4851a1d" />
    <TestEntry testId="1998ecf0-1e17-6ac3-2328-490d00bdbeec" executionId="cb7fd90e-1791-4d8c-83f9-591382eb1c73" testListId="8c84fa94-04c1-424b-9868-57a2d4851a1d" />
    <TestEntry testId="1767ef40-ffd1-9318-4e17-5ee7aa974537" executionId="e3633624-0cc8-4fc7-b081-56afd168f0d7" testListId="8c84fa94-04c1-424b-9868-57a2d4851a1d" />
    <TestEntry testId="e4b5c321-6503-e3ac-33ff-fdd8ffbb26b1" executionId="f87c47ee-7d2a-4e04-a5d4-d791da0e5c94" testListId="8c84fa94-04c1-424b-9868-57a2d4851a1d" />
    <TestEntry testId="ebdf4f3c-6855-47d5-877b-cb4a7ffcb9b6" executionId="8b03d9f3-f425-417a-9ff3-5dd6516f8c70" testListId="8c84fa94-04c1-424b-9868-57a2d4851a1d" />
    <TestEntry testId="8f094df5-c7b5-d3a3-30bd-7f568d076713" executionId="b1373e80-e4d2-4cb3-a9ce-d5f62bb6ff75" testListId="8c84fa94-04c1-424b-9868-57a2d4851a1d" />
    <TestEntry testId="b57c0ec3-c557-1ae5-7b86-7a7408d10c97" executionId="79fa430a-889b-46e1-859a-341857a1a76c" testListId="8c84fa94-04c1-424b-9868-57a2d4851a1d" />
    <TestEntry testId="e951b624-0a67-72dd-ea68-642219d1cb1e" executionId="85d63407-f1c5-4d46-aed4-a1198de645e1" testListId="8c84fa94-04c1-424b-9868-57a2d4851a1d" />
    <TestEntry testId="c0ddcaf7-403b-2c7c-5869-13acc681b289" executionId="2f612fad-bb5e-457e-a5f0-7f454813c8a4" testListId="8c84fa94-04c1-424b-9868-57a2d4851a1d" />
    <TestEntry testId="2a7b1629-0a4e-b3c7-1598-9c1c74e0d5fb" executionId="53a6811c-74bf-49b2-a0e3-d0da078c2be4" testListId="8c84fa94-04c1-424b-9868-57a2d4851a1d" />
    <TestEntry testId="70fb70f4-a796-2c23-b938-f2fca559b17b" executionId="4819a95f-c6ec-436c-b2fb-60147e1c4be9" testListId="8c84fa94-04c1-424b-9868-57a2d4851a1d" />
    <TestEntry testId="1c1b9107-5ebc-1722-8f3d-d15f81c4b0c9" executionId="0ba72d15-27a7-4623-a60e-6146497461f3" testListId="8c84fa94-04c1-424b-9868-57a2d4851a1d" />
    <TestEntry testId="aed5ad18-2539-e136-919f-bd42339f2d5e" executionId="329dfb4c-7ca8-440b-a811-96f943c2ca37" testListId="8c84fa94-04c1-424b-9868-57a2d4851a1d" />
    <TestEntry testId="f18a50d8-8a67-13ef-83aa-9e871e9a2f4a" executionId="b473a92c-c7b9-48a3-8306-b2a8c8b778c7" testListId="8c84fa94-04c1-424b-9868-57a2d4851a1d" />
    <TestEntry testId="46d69e79-9d5c-092a-e294-094ad62a7cb2" executionId="d3e3454d-a64f-4162-841e-22dfe83955ba" testListId="8c84fa94-04c1-424b-9868-57a2d4851a1d" />
    <TestEntry testId="b3aa0ed2-0f4d-a31c-f6b9-ff221a6192bd" executionId="bb17f93d-b54a-40b6-a92b-65a91007ae79" testListId="8c84fa94-04c1-424b-9868-57a2d4851a1d" />
    <TestEntry testId="d5b418f7-36cf-49be-2b77-6d5d5eb1d5b9" executionId="ea247967-5644-4064-a6b2-a25a6133f88e" testListId="8c84fa94-04c1-424b-9868-57a2d4851a1d" />
    <TestEntry testId="9b3683be-a980-a256-9dd2-61fee7009409" executionId="4cb0b77d-a6ce-4cff-bebf-f51bb9235448" testListId="8c84fa94-04c1-424b-9868-57a2d4851a1d" />
    <TestEntry testId="48603c5b-4dbf-79ed-2f93-0f52f4768123" executionId="40601c92-6156-4878-ab9b-5e9e7a51498a" testListId="8c84fa94-04c1-424b-9868-57a2d4851a1d" />
    <TestEntry testId="f961101f-0937-49fd-59e4-6c3213db1133" executionId="bf367e4c-46d7-4fdb-af06-386fc4c805f1" testListId="8c84fa94-04c1-424b-9868-57a2d4851a1d" />
    <TestEntry testId="fd2e2ec3-d311-4635-6090-57db70720ffe" executionId="483c44b3-02c2-46e7-a11c-6882408e6935" testListId="8c84fa94-04c1-424b-9868-57a2d4851a1d" />
    <TestEntry testId="a9c333e5-d161-3e83-0149-45671d665ffe" executionId="63a84140-8d56-4891-9784-be9d43cd3e3b" testListId="8c84fa94-04c1-424b-9868-57a2d4851a1d" />
    <TestEntry testId="657af870-11d0-08f6-b1b8-11f63eae6e23" executionId="d43ef617-d483-440e-a090-e63220a6bdcd" testListId="8c84fa94-04c1-424b-9868-57a2d4851a1d" />
    <TestEntry testId="ae415754-01a9-2b55-d7f1-25b184ba7ba2" executionId="b74aa44b-4228-477a-91fb-7bca40b20638" testListId="8c84fa94-04c1-424b-9868-57a2d4851a1d" />
    <TestEntry testId="bb470369-4cbd-ddd1-01fa-a784d1199aa6" executionId="b98e0e49-02db-4fe7-ac78-1c97e1cb029e" testListId="8c84fa94-04c1-424b-9868-57a2d4851a1d" />
    <TestEntry testId="99a5c6e4-ff54-bb06-13c7-34058b8d2a2a" executionId="02457b2d-e3de-4d69-9831-1aa064a59e6e" testListId="8c84fa94-04c1-424b-9868-57a2d4851a1d" />
    <TestEntry testId="2d9128af-09f4-ca56-fe9f-7c93093ac018" executionId="77a13eda-b7ea-4aec-9ba8-18bc26152ff9" testListId="8c84fa94-04c1-424b-9868-57a2d4851a1d" />
  </TestEntries>
  <TestLists>
    <TestList name="Resultados que não estão em uma lista" id="8c84fa94-04c1-424b-9868-57a2d4851a1d" />
    <TestList name="Todos os resultados carregados" id="19431567-8539-422a-85d7-44ee4e166bda" />
  </TestLists>
  <ResultSummary outcome="Completed">
    <Counters total="31" executed="31" passed="31" failed="0" error="0" timeout="0" aborted="0" inconclusive="0" passedButRunAborted="0" notRunnable="0" notExecuted="0" disconnected="0" warning="0" completed="0" inProgress="0" pending="0" />
    <Output>
      <StdOut>[xUnit.net 00:00:00.00] xUnit.net VSTest Adapter v2.8.0+6438bb880a (64-bit .NET 9.0.17)&#xD;
[xUnit.net 00:00:00.72]   Discovering: PrimoAutoEletrica.Tests&#xD;
[xUnit.net 00:00:00.76]   Discovered:  PrimoAutoEletrica.Tests&#xD;
[xUnit.net 00:00:00.76]   Starting:    PrimoAutoEletrica.Tests&#xD;
[xUnit.net 00:00:02.45]   Finished:    PrimoAutoEletrica.Tests&#xD;
</StdOut>
    </Output>
  </ResultSummary>
</TestRun>