<?xml version="1.0" encoding="utf-8"?>
<TestRun id="b90cda59-570a-486f-84f7-a740c2ccf1f1" name="campo@CAMPOSCIRO 2026-06-09 06:35:12" runUser="CAMPOSCIRO\campo" xmlns="http://microsoft.com/schemas/VisualStudio/TeamTest/2010">
  <Times creation="2026-06-09T06:35:12.7259147-03:00" queuing="2026-06-09T06:35:12.7259149-03:00" start="2026-06-09T06:35:09.7705080-03:00" finish="2026-06-09T06:35:13.6284762-03:00" />
  <TestSettings name="default" id="c28f2f8c-9d7a-4e0c-b327-f5b74b7df411">
    <Deployment runDeploymentRoot="campo_CAMPOSCIRO_2026-06-09_06_35_12" />
  </TestSettings>
  <Results>
    <UnitTestResult executionId="05514185-46f2-41ea-9582-ac51a5b3b9b6" testId="2a7b1629-0a4e-b3c7-1598-9c1c74e0d5fb" testName="PrimoAutoEletrica.Tests.DatabasePersistenceTests.Database_DeveConectarComSucesso" computerName="CAMPOSCIRO" duration="00:00:00.0042819" startTime="2026-06-09T06:35:13.0565226-03:00" endTime="2026-06-09T06:35:13.0565227-03:00" testType="13cdc9d9-ddb5-4fa4-a97d-d965ccfc6d4b" outcome="Passed" testListId="8c84fa94-04c1-424b-9868-57a2d4851a1d" relativeResultsDirectory="05514185-46f2-41ea-9582-ac51a5b3b9b6" />
    <UnitTestResult executionId="581f13d4-04ff-4153-9612-79d2965a4f2d" testId="b57c0ec3-c557-1ae5-7b86-7a7408d10c97" testName="PrimoAutoEletrica.Tests.DatabasePersistenceTests.Database_DeveAtualizarCliente" computerName="CAMPOSCIRO" duration="00:00:00.0729127" startTime="2026-06-09T06:35:13.0015789-03:00" endTime="2026-06-09T06:35:13.0015791-03:00" testType="13cdc9d9-ddb5-4fa4-a97d-d965ccfc6d4b" outcome="Passed" testListId="8c84fa94-04c1-424b-9868-57a2d4851a1d" relativeResultsDirectory="581f13d4-04ff-4153-9612-79d2965a4f2d" />
    <UnitTestResult executionId="1e980b2f-784c-4fe3-82e2-1de3a0530360" testId="2d9128af-09f4-ca56-fe9f-7c93093ac018" testName="PrimoAutoEletrica.Tests.ThemeXamlTests.AppXaml_NaoDeveTerChavesDuplicadas" computerName="CAMPOSCIRO" duration="00:00:00.0034848" startTime="2026-06-09T06:35:12.6999409-03:00" endTime="2026-06-09T06:35:12.6999409-03:00" testType="13cdc9d9-ddb5-4fa4-a97d-d965ccfc6d4b" outcome="Passed" testListId="8c84fa94-04c1-424b-9868-57a2d4851a1d" relativeResultsDirectory="1e980b2f-784c-4fe3-82e2-1de3a0530360" />
    <UnitTestResult executionId="23e6f30d-33a6-447e-821d-5fd400c6d7d8" testId="1998ecf0-1e17-6ac3-2328-490d00bdbeec" testName="PrimoAutoEletrica.Tests.DatabasePersistenceTests.Database_TransactionCommit_DevePersistirDados" computerName="CAMPOSCIRO" duration="00:00:00.0233976" startTime="2026-06-09T06:35:12.9285373-03:00" endTime="2026-06-09T06:35:12.9285380-03:00" testType="13cdc9d9-ddb5-4fa4-a97d-d965ccfc6d4b" outcome="Passed" testListId="8c84fa94-04c1-424b-9868-57a2d4851a1d" relativeResultsDirectory="23e6f30d-33a6-447e-821d-5fd400c6d7d8" />
    <UnitTestResult executionId="45c937f5-ad47-4a8e-95e4-cb76764b01fd" testId="a9c333e5-d161-3e83-0149-45671d665ffe" testName="PrimoAutoEletrica.Tests.PermissionTests.PerfisObrigatorios_DevemSerSuportados" computerName="CAMPOSCIRO" duration="00:00:00.9008508" startTime="2026-06-09T06:35:12.6955286-03:00" endTime="2026-06-09T06:35:12.6955601-03:00" testType="13cdc9d9-ddb5-4fa4-a97d-d965ccfc6d4b" outcome="Passed" testListId="8c84fa94-04c1-424b-9868-57a2d4851a1d" relativeResultsDirectory="45c937f5-ad47-4a8e-95e4-cb76764b01fd" />
    <UnitTestResult executionId="d2b7c6f2-36a3-4fba-b517-15f01ad08df4" testId="f961101f-0937-49fd-59e4-6c3213db1133" testName="PrimoAutoEletrica.Tests.DatabasePersistenceTests.Database_DeveDeletarCliente" computerName="CAMPOSCIRO" duration="00:00:00.0205965" startTime="2026-06-09T06:35:13.0521433-03:00" endTime="2026-06-09T06:35:13.0521435-03:00" testType="13cdc9d9-ddb5-4fa4-a97d-d965ccfc6d4b" outcome="Passed" testListId="8c84fa94-04c1-424b-9868-57a2d4851a1d" relativeResultsDirectory="d2b7c6f2-36a3-4fba-b517-15f01ad08df4" />
    <UnitTestResult executionId="c0038e2d-9bb2-4902-a51e-9e3bb0b0367f" testId="99a5c6e4-ff54-bb06-13c7-34058b8d2a2a" testName="PrimoAutoEletrica.Tests.DatabasePersistenceTests.Database_TransactionRollback_DeveReverterDados" computerName="CAMPOSCIRO" duration="00:00:00.0121622" startTime="2026-06-09T06:35:13.0687158-03:00" endTime="2026-06-09T06:35:13.0687160-03:00" testType="13cdc9d9-ddb5-4fa4-a97d-d965ccfc6d4b" outcome="Passed" testListId="8c84fa94-04c1-424b-9868-57a2d4851a1d" relativeResultsDirectory="c0038e2d-9bb2-4902-a51e-9e3bb0b0367f" />
    <UnitTestResult executionId="0be0e6f4-a17d-4f5a-a422-dce723a7739f" testId="9b3683be-a980-a256-9dd2-61fee7009409" testName="PrimoAutoEletrica.Tests.DatabasePersistenceTests.Database_DeveInserirCliente" computerName="CAMPOSCIRO" duration="00:00:00.0161793" startTime="2026-06-09T06:35:13.0178516-03:00" endTime="2026-06-09T06:35:13.0178518-03:00" testType="13cdc9d9-ddb5-4fa4-a97d-d965ccfc6d4b" outcome="Passed" testListId="8c84fa94-04c1-424b-9868-57a2d4851a1d" relativeResultsDirectory="0be0e6f4-a17d-4f5a-a422-dce723a7739f" />
    <UnitTestResult executionId="02295b0e-94ac-4414-a57f-cc14cfbea97d" testId="aed5ad18-2539-e136-919f-bd42339f2d5e" testName="PrimoAutoEletrica.Tests.DatabasePersistenceTests.Database_DeveSelecionarCliente" computerName="CAMPOSCIRO" duration="00:00:01.1154353" startTime="2026-06-09T06:35:12.9050563-03:00" endTime="2026-06-09T06:35:12.9050564-03:00" testType="13cdc9d9-ddb5-4fa4-a97d-d965ccfc6d4b" outcome="Passed" testListId="8c84fa94-04c1-424b-9868-57a2d4851a1d" relativeResultsDirectory="02295b0e-94ac-4414-a57f-cc14cfbea97d" />
    <UnitTestResult executionId="e3304d1b-9505-44bc-87bb-f0d3105665a6" testId="ae415754-01a9-2b55-d7f1-25b184ba7ba2" testName="PrimoAutoEletrica.Tests.PermissionTests.Sistema_DeveTerMetodoDeVerificacaoDePermissao" computerName="CAMPOSCIRO" duration="00:00:00.0490055" startTime="2026-06-09T06:35:12.9530424-03:00" endTime="2026-06-09T06:35:12.9530425-03:00" testType="13cdc9d9-ddb5-4fa4-a97d-d965ccfc6d4b" outcome="Passed" testListId="8c84fa94-04c1-424b-9868-57a2d4851a1d" relativeResultsDirectory="e3304d1b-9505-44bc-87bb-f0d3105665a6" />
    <UnitTestResult executionId="c5509011-aa6f-473d-92fb-f2716e23dd4e" testId="d5b418f7-36cf-49be-2b77-6d5d5eb1d5b9" testName="PrimoAutoEletrica.Tests.ThemeXamlTests.GlobalStylesXaml_DeveSerXmlValido" computerName="CAMPOSCIRO" duration="00:00:00.9017270" startTime="2026-06-09T06:35:12.6983215-03:00" endTime="2026-06-09T06:35:12.6983216-03:00" testType="13cdc9d9-ddb5-4fa4-a97d-d965ccfc6d4b" outcome="Passed" testListId="8c84fa94-04c1-424b-9868-57a2d4851a1d" relativeResultsDirectory="c5509011-aa6f-473d-92fb-f2716e23dd4e" />
    <UnitTestResult executionId="ee276d1d-1916-47e2-b5ba-2751481f0229" testId="e4b5c321-6503-e3ac-33ff-fdd8ffbb26b1" testName="PrimoAutoEletrica.Tests.ThemeXamlTests.TodosOsArquivosXaml_DeveSerXmlValido" computerName="CAMPOSCIRO" duration="00:00:00.0075746" startTime="2026-06-09T06:35:12.7088248-03:00" endTime="2026-06-09T06:35:12.7088248-03:00" testType="13cdc9d9-ddb5-4fa4-a97d-d965ccfc6d4b" outcome="Passed" testListId="8c84fa94-04c1-424b-9868-57a2d4851a1d" relativeResultsDirectory="ee276d1d-1916-47e2-b5ba-2751481f0229" />
    <UnitTestResult executionId="ba634df8-844b-48a5-b55f-eef7fdf750cf" testId="bb470369-4cbd-ddd1-01fa-a784d1199aa6" testName="PrimoAutoEletrica.Tests.ThemeXamlTests.ShadowsXaml_DeveSerXmlValido" computerName="CAMPOSCIRO" duration="00:00:00.0005464" startTime="2026-06-09T06:35:12.6998906-03:00" endTime="2026-06-09T06:35:12.6998907-03:00" testType="13cdc9d9-ddb5-4fa4-a97d-d965ccfc6d4b" outcome="Passed" testListId="8c84fa94-04c1-424b-9868-57a2d4851a1d" relativeResultsDirectory="ba634df8-844b-48a5-b55f-eef7fdf750cf" />
    <UnitTestResult executionId="55b2d57a-6586-425d-b0c0-2bb6952ce1c8" testId="c0ddcaf7-403b-2c7c-5869-13acc681b289" testName="PrimoAutoEletrica.Tests.ThemeXamlTests.CardsXaml_DeveSerXmlValido" computerName="CAMPOSCIRO" duration="00:00:00.0006356" startTime="2026-06-09T06:35:12.7087675-03:00" endTime="2026-06-09T06:35:12.7087676-03:00" testType="13cdc9d9-ddb5-4fa4-a97d-d965ccfc6d4b" outcome="Passed" testListId="8c84fa94-04c1-424b-9868-57a2d4851a1d" relativeResultsDirectory="55b2d57a-6586-425d-b0c0-2bb6952ce1c8" />
    <UnitTestResult executionId="fc47925a-94d4-413f-bd77-1c7dfa5faad2" testId="657af870-11d0-08f6-b1b8-11f63eae6e23" testName="PrimoAutoEletrica.Tests.ThemeXamlTests.AppXaml_DeveExistir" computerName="CAMPOSCIRO" duration="00:00:00.0001834" startTime="2026-06-09T06:35:12.7095605-03:00" endTime="2026-06-09T06:35:12.7095606-03:00" testType="13cdc9d9-ddb5-4fa4-a97d-d965ccfc6d4b" outcome="Passed" testListId="8c84fa94-04c1-424b-9868-57a2d4851a1d" relativeResultsDirectory="fc47925a-94d4-413f-bd77-1c7dfa5faad2" />
    <UnitTestResult executionId="53a9e00f-ba48-4c47-ba8f-dce289a1e7d7" testId="ebdf4f3c-6855-47d5-877b-cb4a7ffcb9b6" testName="PrimoAutoEletrica.Tests.PermissionTests.Sistema_DeveTerTipoDePerfil" computerName="CAMPOSCIRO" duration="00:00:00.2087306" startTime="2026-06-09T06:35:12.9039350-03:00" endTime="2026-06-09T06:35:12.9039352-03:00" testType="13cdc9d9-ddb5-4fa4-a97d-d965ccfc6d4b" outcome="Passed" testListId="8c84fa94-04c1-424b-9868-57a2d4851a1d" relativeResultsDirectory="53a9e00f-ba48-4c47-ba8f-dce289a1e7d7" />
    <UnitTestResult executionId="f60ad434-760f-454b-a523-e6c460492ff8" testId="678f3375-c495-e9a0-7ad7-773d4e5ccb08" testName="PrimoAutoEletrica.Tests.ThemeXamlTests.ShadowsXaml_DeveExistir" computerName="CAMPOSCIRO" duration="00:00:00.0001914" startTime="2026-06-09T06:35:12.7093302-03:00" endTime="2026-06-09T06:35:12.7093302-03:00" testType="13cdc9d9-ddb5-4fa4-a97d-d965ccfc6d4b" outcome="Passed" testListId="8c84fa94-04c1-424b-9868-57a2d4851a1d" relativeResultsDirectory="f60ad434-760f-454b-a523-e6c460492ff8" />
    <UnitTestResult executionId="fc4c7a26-1b68-4fa4-967b-9378571a9142" testId="70fb70f4-a796-2c23-b938-f2fca559b17b" testName="PrimoAutoEletrica.Tests.ThemeXamlTests.ThemeDirectory_DeveExistir" computerName="CAMPOSCIRO" duration="00:00:00.0001765" startTime="2026-06-09T06:35:12.7087058-03:00" endTime="2026-06-09T06:35:12.7087059-03:00" testType="13cdc9d9-ddb5-4fa4-a97d-d965ccfc6d4b" outcome="Passed" testListId="8c84fa94-04c1-424b-9868-57a2d4851a1d" relativeResultsDirectory="fc4c7a26-1b68-4fa4-967b-9378571a9142" />
    <UnitTestResult executionId="d293554d-7a42-4569-98bd-bf547671fbd0" testId="f18a50d8-8a67-13ef-83aa-9e871e9a2f4a" testName="PrimoAutoEletrica.Tests.DatabasePersistenceTests.Database_DeveCriarArquivoSQLite" computerName="CAMPOSCIRO" duration="00:00:00.0019393" startTime="2026-06-09T06:35:13.0198176-03:00" endTime="2026-06-09T06:35:13.0198177-03:00" testType="13cdc9d9-ddb5-4fa4-a97d-d965ccfc6d4b" outcome="Passed" testListId="8c84fa94-04c1-424b-9868-57a2d4851a1d" relativeResultsDirectory="d293554d-7a42-4569-98bd-bf547671fbd0" />
    <UnitTestResult executionId="e433ff66-634d-49e8-a4dc-a427f0b42eba" testId="1c1b9107-5ebc-1722-8f3d-d15f81c4b0c9" testName="PrimoAutoEletrica.Tests.ThemeXamlTests.ColorsDarkXaml_DeveExistir" computerName="CAMPOSCIRO" duration="00:00:00.0001855" startTime="2026-06-09T06:35:12.6997693-03:00" endTime="2026-06-09T06:35:12.6997694-03:00" testType="13cdc9d9-ddb5-4fa4-a97d-d965ccfc6d4b" outcome="Passed" testListId="8c84fa94-04c1-424b-9868-57a2d4851a1d" relativeResultsDirectory="e433ff66-634d-49e8-a4dc-a427f0b42eba" />
    <UnitTestResult executionId="d1333660-5de7-470a-9aba-ab4073a7ec79" testId="8e0ccc50-e87e-ef84-c478-b742b0a290eb" testName="PrimoAutoEletrica.Tests.AuditoriaRepositoryTests.RegistrarEObterEvento_Basic_Works" computerName="CAMPOSCIRO" duration="00:00:01.5664668" startTime="2026-06-09T06:35:13.3572822-03:00" endTime="2026-06-09T06:35:13.3572823-03:00" testType="13cdc9d9-ddb5-4fa4-a97d-d965ccfc6d4b" outcome="Passed" testListId="8c84fa94-04c1-424b-9868-57a2d4851a1d" relativeResultsDirectory="d1333660-5de7-470a-9aba-ab4073a7ec79" />
    <UnitTestResult executionId="e3f0c2c8-146f-420f-8aec-17e15ae40779" testId="b3aa0ed2-0f4d-a31c-f6b9-ff221a6192bd" testName="PrimoAutoEletrica.Tests.PermissionTests.Sistema_DeveTerMetodoDeObtencaoDePermissoes" computerName="CAMPOSCIRO" duration="00:00:00.0078312" startTime="2026-06-09T06:35:12.9624391-03:00" endTime="2026-06-09T06:35:12.9624394-03:00" testType="13cdc9d9-ddb5-4fa4-a97d-d965ccfc6d4b" outcome="Passed" testListId="8c84fa94-04c1-424b-9868-57a2d4851a1d" relativeResultsDirectory="e3f0c2c8-146f-420f-8aec-17e15ae40779" />
    <UnitTestResult executionId="2907e58e-898e-4f1d-bd32-d0ec77f8102b" testId="46d69e79-9d5c-092a-e294-094ad62a7cb2" testName="PrimoAutoEletrica.Tests.PermissionTests.Sistema_DeveTerServicoOuRepositorioDePermissao" computerName="CAMPOSCIRO" duration="00:00:00.0005368" startTime="2026-06-09T06:35:12.9545180-03:00" endTime="2026-06-09T06:35:12.9545182-03:00" testType="13cdc9d9-ddb5-4fa4-a97d-d965ccfc6d4b" outcome="Passed" testListId="8c84fa94-04c1-424b-9868-57a2d4851a1d" relativeResultsDirectory="2907e58e-898e-4f1d-bd32-d0ec77f8102b" />
    <UnitTestResult executionId="399e63bf-609d-4e4e-ab2e-c26eec488c08" testId="e951b624-0a67-72dd-ea68-642219d1cb1e" testName="PrimoAutoEletrica.Tests.VendaRepositoryTests.InserirEObterVenda_BasicFlow_Works" computerName="CAMPOSCIRO" duration="00:00:01.6882287" startTime="2026-06-09T06:35:13.4790614-03:00" endTime="2026-06-09T06:35:13.4790617-03:00" testType="13cdc9d9-ddb5-4fa4-a97d-d965ccfc6d4b" outcome="Passed" testListId="8c84fa94-04c1-424b-9868-57a2d4851a1d" relativeResultsDirectory="399e63bf-609d-4e4e-ab2e-c26eec488c08" />
    <UnitTestResult executionId="5a123def-a45a-4d8c-aa38-d87d8c65248c" testId="fd2e2ec3-d311-4635-6090-57db70720ffe" testName="PrimoAutoEletrica.Tests.ThemeXamlTests.GlobalStylesXaml_DeveExistir" computerName="CAMPOSCIRO" duration="00:00:00.0001940" startTime="2026-06-09T06:35:12.7001699-03:00" endTime="2026-06-09T06:35:12.7001700-03:00" testType="13cdc9d9-ddb5-4fa4-a97d-d965ccfc6d4b" outcome="Passed" testListId="8c84fa94-04c1-424b-9868-57a2d4851a1d" relativeResultsDirectory="5a123def-a45a-4d8c-aa38-d87d8c65248c" />
    <UnitTestResult executionId="da46b8b8-4de9-4c4a-8ad3-30f2a35ad3b4" testId="99cc54cf-7026-6793-efb5-29d3cfa8aaca" testName="PrimoAutoEletrica.Tests.PermissionTests.Sistema_DeveTerTipoDePermissao" computerName="CAMPOSCIRO" duration="00:00:00.0004778" startTime="2026-06-09T06:35:12.9629677-03:00" endTime="2026-06-09T06:35:12.9629677-03:00" testType="13cdc9d9-ddb5-4fa4-a97d-d965ccfc6d4b" outcome="Passed" testListId="8c84fa94-04c1-424b-9868-57a2d4851a1d" relativeResultsDirectory="da46b8b8-4de9-4c4a-8ad3-30f2a35ad3b4" />
    <UnitTestResult executionId="3b5246e8-175e-438c-8144-66dd3661d036" testId="1767ef40-ffd1-9318-4e17-5ee7aa974537" testName="PrimoAutoEletrica.Tests.ThemeXamlTests.CardsXaml_DeveExistir" computerName="CAMPOSCIRO" duration="00:00:00.0001765" startTime="2026-06-09T06:35:12.6998378-03:00" endTime="2026-06-09T06:35:12.6998379-03:00" testType="13cdc9d9-ddb5-4fa4-a97d-d965ccfc6d4b" outcome="Passed" testListId="8c84fa94-04c1-424b-9868-57a2d4851a1d" relativeResultsDirectory="3b5246e8-175e-438c-8144-66dd3661d036" />
    <UnitTestResult executionId="b7d5a676-1337-428b-8591-8af03e57854c" testId="ba9e5016-0949-0c1d-76fc-3a5b2a220024" testName="PrimoAutoEletrica.Tests.DatabasePersistenceTests.Database_DeveCriarTabelaClientes" computerName="CAMPOSCIRO" duration="00:00:00.0115656" startTime="2026-06-09T06:35:13.0314848-03:00" endTime="2026-06-09T06:35:13.0314852-03:00" testType="13cdc9d9-ddb5-4fa4-a97d-d965ccfc6d4b" outcome="Passed" testListId="8c84fa94-04c1-424b-9868-57a2d4851a1d" relativeResultsDirectory="b7d5a676-1337-428b-8591-8af03e57854c" />
    <UnitTestResult executionId="606a3f5f-a10e-45b8-8fd5-bd6ba2685c84" testId="48603c5b-4dbf-79ed-2f93-0f52f4768123" testName="PrimoAutoEletrica.Tests.ThemeXamlTests.ColorsLightXaml_DeveExistir" computerName="CAMPOSCIRO" duration="00:00:00.0002081" startTime="2026-06-09T06:35:12.6995235-03:00" endTime="2026-06-09T06:35:12.6995235-03:00" testType="13cdc9d9-ddb5-4fa4-a97d-d965ccfc6d4b" outcome="Passed" testListId="8c84fa94-04c1-424b-9868-57a2d4851a1d" relativeResultsDirectory="606a3f5f-a10e-45b8-8fd5-bd6ba2685c84" />
    <UnitTestResult executionId="22532a3a-9c77-40d5-b286-97eb2acc30ed" testId="d8f2b501-df72-48aa-4938-4c9744ae1223" testName="PrimoAutoEletrica.Tests.PermissionTests.Sistema_DeveTerTipoDeUsuarioOuFuncionario" computerName="CAMPOSCIRO" duration="00:00:00.0008617" startTime="2026-06-09T06:35:12.9539562-03:00" endTime="2026-06-09T06:35:12.9539563-03:00" testType="13cdc9d9-ddb5-4fa4-a97d-d965ccfc6d4b" outcome="Passed" testListId="8c84fa94-04c1-424b-9868-57a2d4851a1d" relativeResultsDirectory="22532a3a-9c77-40d5-b286-97eb2acc30ed" />
    <UnitTestResult executionId="faa593d4-c543-428a-8a16-19a6c8ef071b" testId="8f094df5-c7b5-d3a3-30bd-7f568d076713" testName="PrimoAutoEletrica.Tests.ThemeXamlTests.AppXaml_DeveSerXmlValido" computerName="CAMPOSCIRO" duration="00:00:00.0003399" startTime="2026-06-09T06:35:12.7091293-03:00" endTime="2026-06-09T06:35:12.7091294-03:00" testType="13cdc9d9-ddb5-4fa4-a97d-d965ccfc6d4b" outcome="Passed" testListId="8c84fa94-04c1-424b-9868-57a2d4851a1d" relativeResultsDirectory="faa593d4-c543-428a-8a16-19a6c8ef071b" />
  </Results>
  <TestDefinitions>
    <UnitTest name="PrimoAutoEletrica.Tests.PermissionTests.Sistema_DeveTerServicoOuRepositorioDePermissao" storage="c:\projetos\primoautoeletrica\tests\primoautoeletrica.tests\bin\debug\net9.0-windows7.0\primoautoeletrica.tests.dll" id="46d69e79-9d5c-092a-e294-094ad62a7cb2">
      <Execution id="2907e58e-898e-4f1d-bd32-d0ec77f8102b" />
      <TestMethod codeBase="C:\Projetos\PrimoAutoEletrica\Tests\PrimoAutoEletrica.Tests\bin\Debug\net9.0-windows7.0\PrimoAutoEletrica.Tests.dll" adapterTypeName="executor://xunit/VsTestRunner2/netcoreapp" className="PrimoAutoEletrica.Tests.PermissionTests" name="Sistema_DeveTerServicoOuRepositorioDePermissao" />
    </UnitTest>
    <UnitTest name="PrimoAutoEletrica.Tests.PermissionTests.Sistema_DeveTerMetodoDeVerificacaoDePermissao" storage="c:\projetos\primoautoeletrica\tests\primoautoeletrica.tests\bin\debug\net9.0-windows7.0\primoautoeletrica.tests.dll" id="ae415754-01a9-2b55-d7f1-25b184ba7ba2">
      <Execution id="e3304d1b-9505-44bc-87bb-f0d3105665a6" />
      <TestMethod codeBase="C:\Projetos\PrimoAutoEletrica\Tests\PrimoAutoEletrica.Tests\bin\Debug\net9.0-windows7.0\PrimoAutoEletrica.Tests.dll" adapterTypeName="executor://xunit/VsTestRunner2/netcoreapp" className="PrimoAutoEletrica.Tests.PermissionTests" name="Sistema_DeveTerMetodoDeVerificacaoDePermissao" />
    </UnitTest>
    <UnitTest name="PrimoAutoEletrica.Tests.ThemeXamlTests.GlobalStylesXaml_DeveSerXmlValido" storage="c:\projetos\primoautoeletrica\tests\primoautoeletrica.tests\bin\debug\net9.0-windows7.0\primoautoeletrica.tests.dll" id="d5b418f7-36cf-49be-2b77-6d5d5eb1d5b9">
      <Execution id="c5509011-aa6f-473d-92fb-f2716e23dd4e" />
      <TestMethod codeBase="C:\Projetos\PrimoAutoEletrica\Tests\PrimoAutoEletrica.Tests\bin\Debug\net9.0-windows7.0\PrimoAutoEletrica.Tests.dll" adapterTypeName="executor://xunit/VsTestRunner2/netcoreapp" className="PrimoAutoEletrica.Tests.ThemeXamlTests" name="GlobalStylesXaml_DeveSerXmlValido" />
    </UnitTest>
    <UnitTest name="PrimoAutoEletrica.Tests.DatabasePersistenceTests.Database_TransactionRollback_DeveReverterDados" storage="c:\projetos\primoautoeletrica\tests\primoautoeletrica.tests\bin\debug\net9.0-windows7.0\primoautoeletrica.tests.dll" id="99a5c6e4-ff54-bb06-13c7-34058b8d2a2a">
      <Execution id="c0038e2d-9bb2-4902-a51e-9e3bb0b0367f" />
      <TestMethod codeBase="C:\Projetos\PrimoAutoEletrica\Tests\PrimoAutoEletrica.Tests\bin\Debug\net9.0-windows7.0\PrimoAutoEletrica.Tests.dll" adapterTypeName="executor://xunit/VsTestRunner2/netcoreapp" className="PrimoAutoEletrica.Tests.DatabasePersistenceTests" name="Database_TransactionRollback_DeveReverterDados" />
    </UnitTest>
    <UnitTest name="PrimoAutoEletrica.Tests.DatabasePersistenceTests.Database_DeveInserirCliente" storage="c:\projetos\primoautoeletrica\tests\primoautoeletrica.tests\bin\debug\net9.0-windows7.0\primoautoeletrica.tests.dll" id="9b3683be-a980-a256-9dd2-61fee7009409">
      <Execution id="0be0e6f4-a17d-4f5a-a422-dce723a7739f" />
      <TestMethod codeBase="C:\Projetos\PrimoAutoEletrica\Tests\PrimoAutoEletrica.Tests\bin\Debug\net9.0-windows7.0\PrimoAutoEletrica.Tests.dll" adapterTypeName="executor://xunit/VsTestRunner2/netcoreapp" className="PrimoAutoEletrica.Tests.DatabasePersistenceTests" name="Database_DeveInserirCliente" />
    </UnitTest>
    <UnitTest name="PrimoAutoEletrica.Tests.ThemeXamlTests.AppXaml_DeveSerXmlValido" storage="c:\projetos\primoautoeletrica\tests\primoautoeletrica.tests\bin\debug\net9.0-windows7.0\primoautoeletrica.tests.dll" id="8f094df5-c7b5-d3a3-30bd-7f568d076713">
      <Execution id="faa593d4-c543-428a-8a16-19a6c8ef071b" />
      <TestMethod codeBase="C:\Projetos\PrimoAutoEletrica\Tests\PrimoAutoEletrica.Tests\bin\Debug\net9.0-windows7.0\PrimoAutoEletrica.Tests.dll" adapterTypeName="executor://xunit/VsTestRunner2/netcoreapp" className="PrimoAutoEletrica.Tests.ThemeXamlTests" name="AppXaml_DeveSerXmlValido" />
    </UnitTest>
    <UnitTest name="PrimoAutoEletrica.Tests.DatabasePersistenceTests.Database_DeveConectarComSucesso" storage="c:\projetos\primoautoeletrica\tests\primoautoeletrica.tests\bin\debug\net9.0-windows7.0\primoautoeletrica.tests.dll" id="2a7b1629-0a4e-b3c7-1598-9c1c74e0d5fb">
      <Execution id="05514185-46f2-41ea-9582-ac51a5b3b9b6" />
      <TestMethod codeBase="C:\Projetos\PrimoAutoEletrica\Tests\PrimoAutoEletrica.Tests\bin\Debug\net9.0-windows7.0\PrimoAutoEletrica.Tests.dll" adapterTypeName="executor://xunit/VsTestRunner2/netcoreapp" className="PrimoAutoEletrica.Tests.DatabasePersistenceTests" name="Database_DeveConectarComSucesso" />
    </UnitTest>
    <UnitTest name="PrimoAutoEletrica.Tests.PermissionTests.Sistema_DeveTerTipoDeUsuarioOuFuncionario" storage="c:\projetos\primoautoeletrica\tests\primoautoeletrica.tests\bin\debug\net9.0-windows7.0\primoautoeletrica.tests.dll" id="d8f2b501-df72-48aa-4938-4c9744ae1223">
      <Execution id="22532a3a-9c77-40d5-b286-97eb2acc30ed" />
      <TestMethod codeBase="C:\Projetos\PrimoAutoEletrica\Tests\PrimoAutoEletrica.Tests\bin\Debug\net9.0-windows7.0\PrimoAutoEletrica.Tests.dll" adapterTypeName="executor://xunit/VsTestRunner2/netcoreapp" className="PrimoAutoEletrica.Tests.PermissionTests" name="Sistema_DeveTerTipoDeUsuarioOuFuncionario" />
    </UnitTest>
    <UnitTest name="PrimoAutoEletrica.Tests.DatabasePersistenceTests.Database_DeveCriarArquivoSQLite" storage="c:\projetos\primoautoeletrica\tests\primoautoeletrica.tests\bin\debug\net9.0-windows7.0\primoautoeletrica.tests.dll" id="f18a50d8-8a67-13ef-83aa-9e871e9a2f4a">
      <Execution id="d293554d-7a42-4569-98bd-bf547671fbd0" />
      <TestMethod codeBase="C:\Projetos\PrimoAutoEletrica\Tests\PrimoAutoEletrica.Tests\bin\Debug\net9.0-windows7.0\PrimoAutoEletrica.Tests.dll" adapterTypeName="executor://xunit/VsTestRunner2/netcoreapp" className="PrimoAutoEletrica.Tests.DatabasePersistenceTests" name="Database_DeveCriarArquivoSQLite" />
    </UnitTest>
    <UnitTest name="PrimoAutoEletrica.Tests.ThemeXamlTests.ShadowsXaml_DeveSerXmlValido" storage="c:\projetos\primoautoeletrica\tests\primoautoeletrica.tests\bin\debug\net9.0-windows7.0\primoautoeletrica.tests.dll" id="bb470369-4cbd-ddd1-01fa-a784d1199aa6">
      <Execution id="ba634df8-844b-48a5-b55f-eef7fdf750cf" />
      <TestMethod codeBase="C:\Projetos\PrimoAutoEletrica\Tests\PrimoAutoEletrica.Tests\bin\Debug\net9.0-windows7.0\PrimoAutoEletrica.Tests.dll" adapterTypeName="executor://xunit/VsTestRunner2/netcoreapp" className="PrimoAutoEletrica.Tests.ThemeXamlTests" name="ShadowsXaml_DeveSerXmlValido" />
    </UnitTest>
    <UnitTest name="PrimoAutoEletrica.Tests.ThemeXamlTests.GlobalStylesXaml_DeveExistir" storage="c:\projetos\primoautoeletrica\tests\primoautoeletrica.tests\bin\debug\net9.0-windows7.0\primoautoeletrica.tests.dll" id="fd2e2ec3-d311-4635-6090-57db70720ffe">
      <Execution id="5a123def-a45a-4d8c-aa38-d87d8c65248c" />
      <TestMethod codeBase="C:\Projetos\PrimoAutoEletrica\Tests\PrimoAutoEletrica.Tests\bin\Debug\net9.0-windows7.0\PrimoAutoEletrica.Tests.dll" adapterTypeName="executor://xunit/VsTestRunner2/netcoreapp" className="PrimoAutoEletrica.Tests.ThemeXamlTests" name="GlobalStylesXaml_DeveExistir" />
    </UnitTest>
    <UnitTest name="PrimoAutoEletrica.Tests.ThemeXamlTests.ShadowsXaml_DeveExistir" storage="c:\projetos\primoautoeletrica\tests\primoautoeletrica.tests\bin\debug\net9.0-windows7.0\primoautoeletrica.tests.dll" id="678f3375-c495-e9a0-7ad7-773d4e5ccb08">
      <Execution id="f60ad434-760f-454b-a523-e6c460492ff8" />
      <TestMethod codeBase="C:\Projetos\PrimoAutoEletrica\Tests\PrimoAutoEletrica.Tests\bin\Debug\net9.0-windows7.0\PrimoAutoEletrica.Tests.dll" adapterTypeName="executor://xunit/VsTestRunner2/netcoreapp" className="PrimoAutoEletrica.Tests.ThemeXamlTests" name="ShadowsXaml_DeveExistir" />
    </UnitTest>
    <UnitTest name="PrimoAutoEletrica.Tests.AuditoriaRepositoryTests.RegistrarEObterEvento_Basic_Works" storage="c:\projetos\primoautoeletrica\tests\primoautoeletrica.tests\bin\debug\net9.0-windows7.0\primoautoeletrica.tests.dll" id="8e0ccc50-e87e-ef84-c478-b742b0a290eb">
      <Execution id="d1333660-5de7-470a-9aba-ab4073a7ec79" />
      <TestMethod codeBase="C:\Projetos\PrimoAutoEletrica\Tests\PrimoAutoEletrica.Tests\bin\Debug\net9.0-windows7.0\PrimoAutoEletrica.Tests.dll" adapterTypeName="executor://xunit/VsTestRunner2/netcoreapp" className="PrimoAutoEletrica.Tests.AuditoriaRepositoryTests" name="RegistrarEObterEvento_Basic_Works" />
    </UnitTest>
    <UnitTest name="PrimoAutoEletrica.Tests.ThemeXamlTests.AppXaml_NaoDeveTerChavesDuplicadas" storage="c:\projetos\primoautoeletrica\tests\primoautoeletrica.tests\bin\debug\net9.0-windows7.0\primoautoeletrica.tests.dll" id="2d9128af-09f4-ca56-fe9f-7c93093ac018">
      <Execution id="1e980b2f-784c-4fe3-82e2-1de3a0530360" />
      <TestMethod codeBase="C:\Projetos\PrimoAutoEletrica\Tests\PrimoAutoEletrica.Tests\bin\Debug\net9.0-windows7.0\PrimoAutoEletrica.Tests.dll" adapterTypeName="executor://xunit/VsTestRunner2/netcoreapp" className="PrimoAutoEletrica.Tests.ThemeXamlTests" name="AppXaml_NaoDeveTerChavesDuplicadas" />
    </UnitTest>
    <UnitTest name="PrimoAutoEletrica.Tests.ThemeXamlTests.CardsXaml_DeveExistir" storage="c:\projetos\primoautoeletrica\tests\primoautoeletrica.tests\bin\debug\net9.0-windows7.0\primoautoeletrica.tests.dll" id="1767ef40-ffd1-9318-4e17-5ee7aa974537">
      <Execution id="3b5246e8-175e-438c-8144-66dd3661d036" />
      <TestMethod codeBase="C:\Projetos\PrimoAutoEletrica\Tests\PrimoAutoEletrica.Tests\bin\Debug\net9.0-windows7.0\PrimoAutoEletrica.Tests.dll" adapterTypeName="executor://xunit/VsTestRunner2/netcoreapp" className="PrimoAutoEletrica.Tests.ThemeXamlTests" name="CardsXaml_DeveExistir" />
    </UnitTest>
    <UnitTest name="PrimoAutoEletrica.Tests.ThemeXamlTests.AppXaml_DeveExistir" storage="c:\projetos\primoautoeletrica\tests\primoautoeletrica.tests\bin\debug\net9.0-windows7.0\primoautoeletrica.tests.dll" id="657af870-11d0-08f6-b1b8-11f63eae6e23">
      <Execution id="fc47925a-94d4-413f-bd77-1c7dfa5faad2" />
      <TestMethod codeBase="C:\Projetos\PrimoAutoEletrica\Tests\PrimoAutoEletrica.Tests\bin\Debug\net9.0-windows7.0\PrimoAutoEletrica.Tests.dll" adapterTypeName="executor://xunit/VsTestRunner2/netcoreapp" className="PrimoAutoEletrica.Tests.ThemeXamlTests" name="AppXaml_DeveExistir" />
    </UnitTest>
    <UnitTest name="PrimoAutoEletrica.Tests.ThemeXamlTests.TodosOsArquivosXaml_DeveSerXmlValido" storage="c:\projetos\primoautoeletrica\tests\primoautoeletrica.tests\bin\debug\net9.0-windows7.0\primoautoeletrica.tests.dll" id="e4b5c321-6503-e3ac-33ff-fdd8ffbb26b1">
      <Execution id="ee276d1d-1916-47e2-b5ba-2751481f0229" />
      <TestMethod codeBase="C:\Projetos\PrimoAutoEletrica\Tests\PrimoAutoEletrica.Tests\bin\Debug\net9.0-windows7.0\PrimoAutoEletrica.Tests.dll" adapterTypeName="executor://xunit/VsTestRunner2/netcoreapp" className="PrimoAutoEletrica.Tests.ThemeXamlTests" name="TodosOsArquivosXaml_DeveSerXmlValido" />
    </UnitTest>
    <UnitTest name="PrimoAutoEletrica.Tests.PermissionTests.Sistema_DeveTerMetodoDeObtencaoDePermissoes" storage="c:\projetos\primoautoeletrica\tests\primoautoeletrica.tests\bin\debug\net9.0-windows7.0\primoautoeletrica.tests.dll" id="b3aa0ed2-0f4d-a31c-f6b9-ff221a6192bd">
      <Execution id="e3f0c2c8-146f-420f-8aec-17e15ae40779" />
      <TestMethod codeBase="C:\Projetos\PrimoAutoEletrica\Tests\PrimoAutoEletrica.Tests\bin\Debug\net9.0-windows7.0\PrimoAutoEletrica.Tests.dll" adapterTypeName="executor://xunit/VsTestRunner2/netcoreapp" className="PrimoAutoEletrica.Tests.PermissionTests" name="Sistema_DeveTerMetodoDeObtencaoDePermissoes" />
    </UnitTest>
    <UnitTest name="PrimoAutoEletrica.Tests.DatabasePersistenceTests.Database_DeveCriarTabelaClientes" storage="c:\projetos\primoautoeletrica\tests\primoautoeletrica.tests\bin\debug\net9.0-windows7.0\primoautoeletrica.tests.dll" id="ba9e5016-0949-0c1d-76fc-3a5b2a220024">
      <Execution id="b7d5a676-1337-428b-8591-8af03e57854c" />
      <TestMethod codeBase="C:\Projetos\PrimoAutoEletrica\Tests\PrimoAutoEletrica.Tests\bin\Debug\net9.0-windows7.0\PrimoAutoEletrica.Tests.dll" adapterTypeName="executor://xunit/VsTestRunner2/netcoreapp" className="PrimoAutoEletrica.Tests.DatabasePersistenceTests" name="Database_DeveCriarTabelaClientes" />
    </UnitTest>
    <UnitTest name="PrimoAutoEletrica.Tests.DatabasePersistenceTests.Database_DeveAtualizarCliente" storage="c:\projetos\primoautoeletrica\tests\primoautoeletrica.tests\bin\debug\net9.0-windows7.0\primoautoeletrica.tests.dll" id="b57c0ec3-c557-1ae5-7b86-7a7408d10c97">
      <Execution id="581f13d4-04ff-4153-9612-79d2965a4f2d" />
      <TestMethod codeBase="C:\Projetos\PrimoAutoEletrica\Tests\PrimoAutoEletrica.Tests\bin\Debug\net9.0-windows7.0\PrimoAutoEletrica.Tests.dll" adapterTypeName="executor://xunit/VsTestRunner2/netcoreapp" className="PrimoAutoEletrica.Tests.DatabasePersistenceTests" name="Database_DeveAtualizarCliente" />
    </UnitTest>
    <UnitTest name="PrimoAutoEletrica.Tests.PermissionTests.Sistema_DeveTerTipoDePermissao" storage="c:\projetos\primoautoeletrica\tests\primoautoeletrica.tests\bin\debug\net9.0-windows7.0\primoautoeletrica.tests.dll" id="99cc54cf-7026-6793-efb5-29d3cfa8aaca">
      <Execution id="da46b8b8-4de9-4c4a-8ad3-30f2a35ad3b4" />
      <TestMethod codeBase="C:\Projetos\PrimoAutoEletrica\Tests\PrimoAutoEletrica.Tests\bin\Debug\net9.0-windows7.0\PrimoAutoEletrica.Tests.dll" adapterTypeName="executor://xunit/VsTestRunner2/netcoreapp" className="PrimoAutoEletrica.Tests.PermissionTests" name="Sistema_DeveTerTipoDePermissao" />
    </UnitTest>
    <UnitTest name="PrimoAutoEletrica.Tests.DatabasePersistenceTests.Database_DeveSelecionarCliente" storage="c:\projetos\primoautoeletrica\tests\primoautoeletrica.tests\bin\debug\net9.0-windows7.0\primoautoeletrica.tests.dll" id="aed5ad18-2539-e136-919f-bd42339f2d5e">
      <Execution id="02295b0e-94ac-4414-a57f-cc14cfbea97d" />
      <TestMethod codeBase="C:\Projetos\PrimoAutoEletrica\Tests\PrimoAutoEletrica.Tests\bin\Debug\net9.0-windows7.0\PrimoAutoEletrica.Tests.dll" adapterTypeName="executor://xunit/VsTestRunner2/netcoreapp" className="PrimoAutoEletrica.Tests.DatabasePersistenceTests" name="Database_DeveSelecionarCliente" />
    </UnitTest>
    <UnitTest name="PrimoAutoEletrica.Tests.PermissionTests.Sistema_DeveTerTipoDePerfil" storage="c:\projetos\primoautoeletrica\tests\primoautoeletrica.tests\bin\debug\net9.0-windows7.0\primoautoeletrica.tests.dll" id="ebdf4f3c-6855-47d5-877b-cb4a7ffcb9b6">
      <Execution id="53a9e00f-ba48-4c47-ba8f-dce289a1e7d7" />
      <TestMethod codeBase="C:\Projetos\PrimoAutoEletrica\Tests\PrimoAutoEletrica.Tests\bin\Debug\net9.0-windows7.0\PrimoAutoEletrica.Tests.dll" adapterTypeName="executor://xunit/VsTestRunner2/netcoreapp" className="PrimoAutoEletrica.Tests.PermissionTests" name="Sistema_DeveTerTipoDePerfil" />
    </UnitTest>
    <UnitTest name="PrimoAutoEletrica.Tests.ThemeXamlTests.ThemeDirectory_DeveExistir" storage="c:\projetos\primoautoeletrica\tests\primoautoeletrica.tests\bin\debug\net9.0-windows7.0\primoautoeletrica.tests.dll" id="70fb70f4-a796-2c23-b938-f2fca559b17b">
      <Execution id="fc4c7a26-1b68-4fa4-967b-9378571a9142" />
      <TestMethod codeBase="C:\Projetos\PrimoAutoEletrica\Tests\PrimoAutoEletrica.Tests\bin\Debug\net9.0-windows7.0\PrimoAutoEletrica.Tests.dll" adapterTypeName="executor://xunit/VsTestRunner2/netcoreapp" className="PrimoAutoEletrica.Tests.ThemeXamlTests" name="ThemeDirectory_DeveExistir" />
    </UnitTest>
    <UnitTest name="PrimoAutoEletrica.Tests.ThemeXamlTests.ColorsDarkXaml_DeveExistir" storage="c:\projetos\primoautoeletrica\tests\primoautoeletrica.tests\bin\debug\net9.0-windows7.0\primoautoeletrica.tests.dll" id="1c1b9107-5ebc-1722-8f3d-d15f81c4b0c9">
      <Execution id="e433ff66-634d-49e8-a4dc-a427f0b42eba" />
      <TestMethod codeBase="C:\Projetos\PrimoAutoEletrica\Tests\PrimoAutoEletrica.Tests\bin\Debug\net9.0-windows7.0\PrimoAutoEletrica.Tests.dll" adapterTypeName="executor://xunit/VsTestRunner2/netcoreapp" className="PrimoAutoEletrica.Tests.ThemeXamlTests" name="ColorsDarkXaml_DeveExistir" />
    </UnitTest>
    <UnitTest name="PrimoAutoEletrica.Tests.ThemeXamlTests.ColorsLightXaml_DeveExistir" storage="c:\projetos\primoautoeletrica\tests\primoautoeletrica.tests\bin\debug\net9.0-windows7.0\primoautoeletrica.tests.dll" id="48603c5b-4dbf-79ed-2f93-0f52f4768123">
      <Execution id="606a3f5f-a10e-45b8-8fd5-bd6ba2685c84" />
      <TestMethod codeBase="C:\Projetos\PrimoAutoEletrica\Tests\PrimoAutoEletrica.Tests\bin\Debug\net9.0-windows7.0\PrimoAutoEletrica.Tests.dll" adapterTypeName="executor://xunit/VsTestRunner2/netcoreapp" className="PrimoAutoEletrica.Tests.ThemeXamlTests" name="ColorsLightXaml_DeveExistir" />
    </UnitTest>
    <UnitTest name="PrimoAutoEletrica.Tests.VendaRepositoryTests.InserirEObterVenda_BasicFlow_Works" storage="c:\projetos\primoautoeletrica\tests\primoautoeletrica.tests\bin\debug\net9.0-windows7.0\primoautoeletrica.tests.dll" id="e951b624-0a67-72dd-ea68-642219d1cb1e">
      <Execution id="399e63bf-609d-4e4e-ab2e-c26eec488c08" />
      <TestMethod codeBase="C:\Projetos\PrimoAutoEletrica\Tests\PrimoAutoEletrica.Tests\bin\Debug\net9.0-windows7.0\PrimoAutoEletrica.Tests.dll" adapterTypeName="executor://xunit/VsTestRunner2/netcoreapp" className="PrimoAutoEletrica.Tests.VendaRepositoryTests" name="InserirEObterVenda_BasicFlow_Works" />
    </UnitTest>
    <UnitTest name="PrimoAutoEletrica.Tests.ThemeXamlTests.CardsXaml_DeveSerXmlValido" storage="c:\projetos\primoautoeletrica\tests\primoautoeletrica.tests\bin\debug\net9.0-windows7.0\primoautoeletrica.tests.dll" id="c0ddcaf7-403b-2c7c-5869-13acc681b289">
      <Execution id="55b2d57a-6586-425d-b0c0-2bb6952ce1c8" />
      <TestMethod codeBase="C:\Projetos\PrimoAutoEletrica\Tests\PrimoAutoEletrica.Tests\bin\Debug\net9.0-windows7.0\PrimoAutoEletrica.Tests.dll" adapterTypeName="executor://xunit/VsTestRunner2/netcoreapp" className="PrimoAutoEletrica.Tests.ThemeXamlTests" name="CardsXaml_DeveSerXmlValido" />
    </UnitTest>
    <UnitTest name="PrimoAutoEletrica.Tests.DatabasePersistenceTests.Database_TransactionCommit_DevePersistirDados" storage="c:\projetos\primoautoeletrica\tests\primoautoeletrica.tests\bin\debug\net9.0-windows7.0\primoautoeletrica.tests.dll" id="1998ecf0-1e17-6ac3-2328-490d00bdbeec">
      <Execution id="23e6f30d-33a6-447e-821d-5fd400c6d7d8" />
      <TestMethod codeBase="C:\Projetos\PrimoAutoEletrica\Tests\PrimoAutoEletrica.Tests\bin\Debug\net9.0-windows7.0\PrimoAutoEletrica.Tests.dll" adapterTypeName="executor://xunit/VsTestRunner2/netcoreapp" className="PrimoAutoEletrica.Tests.DatabasePersistenceTests" name="Database_TransactionCommit_DevePersistirDados" />
    </UnitTest>
    <UnitTest name="PrimoAutoEletrica.Tests.PermissionTests.PerfisObrigatorios_DevemSerSuportados" storage="c:\projetos\primoautoeletrica\tests\primoautoeletrica.tests\bin\debug\net9.0-windows7.0\primoautoeletrica.tests.dll" id="a9c333e5-d161-3e83-0149-45671d665ffe">
      <Execution id="45c937f5-ad47-4a8e-95e4-cb76764b01fd" />
      <TestMethod codeBase="C:\Projetos\PrimoAutoEletrica\Tests\PrimoAutoEletrica.Tests\bin\Debug\net9.0-windows7.0\PrimoAutoEletrica.Tests.dll" adapterTypeName="executor://xunit/VsTestRunner2/netcoreapp" className="PrimoAutoEletrica.Tests.PermissionTests" name="PerfisObrigatorios_DevemSerSuportados" />
    </UnitTest>
    <UnitTest name="PrimoAutoEletrica.Tests.DatabasePersistenceTests.Database_DeveDeletarCliente" storage="c:\projetos\primoautoeletrica\tests\primoautoeletrica.tests\bin\debug\net9.0-windows7.0\primoautoeletrica.tests.dll" id="f961101f-0937-49fd-59e4-6c3213db1133">
      <Execution id="d2b7c6f2-36a3-4fba-b517-15f01ad08df4" />
      <TestMethod codeBase="C:\Projetos\PrimoAutoEletrica\Tests\PrimoAutoEletrica.Tests\bin\Debug\net9.0-windows7.0\PrimoAutoEletrica.Tests.dll" adapterTypeName="executor://xunit/VsTestRunner2/netcoreapp" className="PrimoAutoEletrica.Tests.DatabasePersistenceTests" name="Database_DeveDeletarCliente" />
    </UnitTest>
  </TestDefinitions>
  <TestEntries>
    <TestEntry testId="2a7b1629-0a4e-b3c7-1598-9c1c74e0d5fb" executionId="05514185-46f2-41ea-9582-ac51a5b3b9b6" testListId="8c84fa94-04c1-424b-9868-57a2d4851a1d" />
    <TestEntry testId="b57c0ec3-c557-1ae5-7b86-7a7408d10c97" executionId="581f13d4-04ff-4153-9612-79d2965a4f2d" testListId="8c84fa94-04c1-424b-9868-57a2d4851a1d" />
    <TestEntry testId="2d9128af-09f4-ca56-fe9f-7c93093ac018" executionId="1e980b2f-784c-4fe3-82e2-1de3a0530360" testListId="8c84fa94-04c1-424b-9868-57a2d4851a1d" />
    <TestEntry testId="1998ecf0-1e17-6ac3-2328-490d00bdbeec" executionId="23e6f30d-33a6-447e-821d-5fd400c6d7d8" testListId="8c84fa94-04c1-424b-9868-57a2d4851a1d" />
    <TestEntry testId="a9c333e5-d161-3e83-0149-45671d665ffe" executionId="45c937f5-ad47-4a8e-95e4-cb76764b01fd" testListId="8c84fa94-04c1-424b-9868-57a2d4851a1d" />
    <TestEntry testId="f961101f-0937-49fd-59e4-6c3213db1133" executionId="d2b7c6f2-36a3-4fba-b517-15f01ad08df4" testListId="8c84fa94-04c1-424b-9868-57a2d4851a1d" />
    <TestEntry testId="99a5c6e4-ff54-bb06-13c7-34058b8d2a2a" executionId="c0038e2d-9bb2-4902-a51e-9e3bb0b0367f" testListId="8c84fa94-04c1-424b-9868-57a2d4851a1d" />
    <TestEntry testId="9b3683be-a980-a256-9dd2-61fee7009409" executionId="0be0e6f4-a17d-4f5a-a422-dce723a7739f" testListId="8c84fa94-04c1-424b-9868-57a2d4851a1d" />
    <TestEntry testId="aed5ad18-2539-e136-919f-bd42339f2d5e" executionId="02295b0e-94ac-4414-a57f-cc14cfbea97d" testListId="8c84fa94-04c1-424b-9868-57a2d4851a1d" />
    <TestEntry testId="ae415754-01a9-2b55-d7f1-25b184ba7ba2" executionId="e3304d1b-9505-44bc-87bb-f0d3105665a6" testListId="8c84fa94-04c1-424b-9868-57a2d4851a1d" />
    <TestEntry testId="d5b418f7-36cf-49be-2b77-6d5d5eb1d5b9" executionId="c5509011-aa6f-473d-92fb-f2716e23dd4e" testListId="8c84fa94-04c1-424b-9868-57a2d4851a1d" />
    <TestEntry testId="e4b5c321-6503-e3ac-33ff-fdd8ffbb26b1" executionId="ee276d1d-1916-47e2-b5ba-2751481f0229" testListId="8c84fa94-04c1-424b-9868-57a2d4851a1d" />
    <TestEntry testId="bb470369-4cbd-ddd1-01fa-a784d1199aa6" executionId="ba634df8-844b-48a5-b55f-eef7fdf750cf" testListId="8c84fa94-04c1-424b-9868-57a2d4851a1d" />
    <TestEntry testId="c0ddcaf7-403b-2c7c-5869-13acc681b289" executionId="55b2d57a-6586-425d-b0c0-2bb6952ce1c8" testListId="8c84fa94-04c1-424b-9868-57a2d4851a1d" />
    <TestEntry testId="657af870-11d0-08f6-b1b8-11f63eae6e23" executionId="fc47925a-94d4-413f-bd77-1c7dfa5faad2" testListId="8c84fa94-04c1-424b-9868-57a2d4851a1d" />
    <TestEntry testId="ebdf4f3c-6855-47d5-877b-cb4a7ffcb9b6" executionId="53a9e00f-ba48-4c47-ba8f-dce289a1e7d7" testListId="8c84fa94-04c1-424b-9868-57a2d4851a1d" />
    <TestEntry testId="678f3375-c495-e9a0-7ad7-773d4e5ccb08" executionId="f60ad434-760f-454b-a523-e6c460492ff8" testListId="8c84fa94-04c1-424b-9868-57a2d4851a1d" />
    <TestEntry testId="70fb70f4-a796-2c23-b938-f2fca559b17b" executionId="fc4c7a26-1b68-4fa4-967b-9378571a9142" testListId="8c84fa94-04c1-424b-9868-57a2d4851a1d" />
    <TestEntry testId="f18a50d8-8a67-13ef-83aa-9e871e9a2f4a" executionId="d293554d-7a42-4569-98bd-bf547671fbd0" testListId="8c84fa94-04c1-424b-9868-57a2d4851a1d" />
    <TestEntry testId="1c1b9107-5ebc-1722-8f3d-d15f81c4b0c9" executionId="e433ff66-634d-49e8-a4dc-a427f0b42eba" testListId="8c84fa94-04c1-424b-9868-57a2d4851a1d" />
    <TestEntry testId="8e0ccc50-e87e-ef84-c478-b742b0a290eb" executionId="d1333660-5de7-470a-9aba-ab4073a7ec79" testListId="8c84fa94-04c1-424b-9868-57a2d4851a1d" />
    <TestEntry testId="b3aa0ed2-0f4d-a31c-f6b9-ff221a6192bd" executionId="e3f0c2c8-146f-420f-8aec-17e15ae40779" testListId="8c84fa94-04c1-424b-9868-57a2d4851a1d" />
    <TestEntry testId="46d69e79-9d5c-092a-e294-094ad62a7cb2" executionId="2907e58e-898e-4f1d-bd32-d0ec77f8102b" testListId="8c84fa94-04c1-424b-9868-57a2d4851a1d" />
    <TestEntry testId="e951b624-0a67-72dd-ea68-642219d1cb1e" executionId="399e63bf-609d-4e4e-ab2e-c26eec488c08" testListId="8c84fa94-04c1-424b-9868-57a2d4851a1d" />
    <TestEntry testId="fd2e2ec3-d311-4635-6090-57db70720ffe" executionId="5a123def-a45a-4d8c-aa38-d87d8c65248c" testListId="8c84fa94-04c1-424b-9868-57a2d4851a1d" />
    <TestEntry testId="99cc54cf-7026-6793-efb5-29d3cfa8aaca" executionId="da46b8b8-4de9-4c4a-8ad3-30f2a35ad3b4" testListId="8c84fa94-04c1-424b-9868-57a2d4851a1d" />
    <TestEntry testId="1767ef40-ffd1-9318-4e17-5ee7aa974537" executionId="3b5246e8-175e-438c-8144-66dd3661d036" testListId="8c84fa94-04c1-424b-9868-57a2d4851a1d" />
    <TestEntry testId="ba9e5016-0949-0c1d-76fc-3a5b2a220024" executionId="b7d5a676-1337-428b-8591-8af03e57854c" testListId="8c84fa94-04c1-424b-9868-57a2d4851a1d" />
    <TestEntry testId="48603c5b-4dbf-79ed-2f93-0f52f4768123" executionId="606a3f5f-a10e-45b8-8fd5-bd6ba2685c84" testListId="8c84fa94-04c1-424b-9868-57a2d4851a1d" />
    <TestEntry testId="d8f2b501-df72-48aa-4938-4c9744ae1223" executionId="22532a3a-9c77-40d5-b286-97eb2acc30ed" testListId="8c84fa94-04c1-424b-9868-57a2d4851a1d" />
    <TestEntry testId="8f094df5-c7b5-d3a3-30bd-7f568d076713" executionId="faa593d4-c543-428a-8a16-19a6c8ef071b" testListId="8c84fa94-04c1-424b-9868-57a2d4851a1d" />
  </TestEntries>
  <TestLists>
    <TestList name="Resultados que não estão em uma lista" id="8c84fa94-04c1-424b-9868-57a2d4851a1d" />
    <TestList name="Todos os resultados carregados" id="19431567-8539-422a-85d7-44ee4e166bda" />
  </TestLists>
  <ResultSummary outcome="Completed">
    <Counters total="31" executed="31" passed="31" failed="0" error="0" timeout="0" aborted="0" inconclusive="0" passedButRunAborted="0" notRunnable="0" notExecuted="0" disconnected="0" warning="0" completed="0" inProgress="0" pending="0" />
    <Output>
      <StdOut>[xUnit.net 00:00:00.00] xUnit.net VSTest Adapter v2.8.0+6438bb880a (64-bit .NET 9.0.16)&#xD;
[xUnit.net 00:00:00.75]   Discovering: PrimoAutoEletrica.Tests&#xD;
[xUnit.net 00:00:00.79]   Discovered:  PrimoAutoEletrica.Tests&#xD;
[xUnit.net 00:00:00.79]   Starting:    PrimoAutoEletrica.Tests&#xD;
[xUnit.net 00:00:02.54]   Finished:    PrimoAutoEletrica.Tests&#xD;
</StdOut>
    </Output>
  </ResultSummary>
</TestRun>