<?xml version="1.0" encoding="utf-8"?>
<TestRun id="2b4af7b7-82d7-4db2-bcd2-edc99111baae" name="campo@CIRO 2026-09-26 18:14:55" runUser="CIRO\campo" xmlns="http://microsoft.com/schemas/VisualStudio/TeamTest/2010">
  <Times creation="2026-09-26T18:14:55.6265207-03:00" queuing="2026-09-26T18:14:55.6265209-03:00" start="2026-09-26T18:14:54.4280238-03:00" finish="2026-09-26T18:15:00.4446957-03:00" />
  <TestSettings name="default" id="2613e3e3-14a9-4d73-ad9c-392d8e52e52e">
    <Deployment runDeploymentRoot="campo_CIRO_2026-09-26_18_14_55" />
  </TestSettings>
  <Results>
    <UnitTestResult executionId="14c43aff-c818-46f3-836f-b44bea36ea1c" testId="4796c7ca-ffb3-ded9-452e-f5d911e2921a" testName="PrimoAutoEletrica.Tests.Services.LucroPorServicoMathTests.LucroBruto_ReceitaMenosCusto_ExatoEmCentavos(receita: 0,01, custo: 0,00, lucroEsperado: 0,01)" computerName="CIRO" duration="00:00:00.0000137" startTime="2026-09-26T18:14:56.2099477-03:00" endTime="2026-09-26T18:14:56.2099477-03:00" testType="13cdc9d9-ddb5-4fa4-a97d-d965ccfc6d4b" outcome="Passed" testListId="8c84fa94-04c1-424b-9868-57a2d4851a1d" relativeResultsDirectory="14c43aff-c818-46f3-836f-b44bea36ea1c" />
    <UnitTestResult executionId="d0b6ef0a-f392-45bd-b524-6eb76a8ad4d6" testId="1855e901-193d-204b-2aef-49c9950362e0" testName="PrimoAutoEletrica.Tests.Services.LucroPorServicoMathTests.ObterLucroPorServico_IncluiServicoSinteticoComLucroExato_ELimite50" computerName="CIRO" duration="00:00:00.6346593" startTime="2026-09-26T18:14:56.2089901-03:00" endTime="2026-09-26T18:14:56.2089904-03:00" testType="13cdc9d9-ddb5-4fa4-a97d-d965ccfc6d4b" outcome="Passed" testListId="8c84fa94-04c1-424b-9868-57a2d4851a1d" relativeResultsDirectory="d0b6ef0a-f392-45bd-b524-6eb76a8ad4d6" />
    <UnitTestResult executionId="24edfd98-dfd4-4c88-bbb2-4fad57adf692" testId="3727c84e-108a-c594-09b5-e2851dfa079d" testName="PrimoAutoEletrica.Tests.Services.DiagnosticoTecnicoServiceTests.SalvarDiagnostico_SemVeiculoId_LancaArgumentException" computerName="CIRO" duration="00:00:00.0237053" startTime="2026-09-26T18:14:55.6077706-03:00" endTime="2026-09-26T18:14:55.6077706-03:00" testType="13cdc9d9-ddb5-4fa4-a97d-d965ccfc6d4b" outcome="Passed" testListId="8c84fa94-04c1-424b-9868-57a2d4851a1d" relativeResultsDirectory="24edfd98-dfd4-4c88-bbb2-4fad57adf692" />
    <UnitTestResult executionId="ce91bd2c-3eee-4a7a-ae2f-ec0a204e81aa" testId="6bb53b4a-0422-2c57-cf9d-2930225830bb" testName="PrimoAutoEletrica.Tests.Primox360ServiceTests.Case07_VeiculoSemOs" computerName="CIRO" duration="00:00:00.4449270" startTime="2026-09-26T18:15:00.2878215-03:00" endTime="2026-09-26T18:15:00.2878217-03:00" testType="13cdc9d9-ddb5-4fa4-a97d-d965ccfc6d4b" outcome="Passed" testListId="8c84fa94-04c1-424b-9868-57a2d4851a1d" relativeResultsDirectory="ce91bd2c-3eee-4a7a-ae2f-ec0a204e81aa" />
    <UnitTestResult executionId="b1653ada-68a9-421d-95ff-ca37e7bac989" testId="b3bd4dce-a337-b7fa-2521-9a7d70135257" testName="PrimoAutoEletrica.Tests.VeiculoOrcamentoWorkflowTests.Test_ValidacaoPlaca_NovosPadroes" computerName="CIRO" duration="00:00:01.9748694" startTime="2026-09-26T18:14:57.5445017-03:00" endTime="2026-09-26T18:14:57.5445021-03:00" testType="13cdc9d9-ddb5-4fa4-a97d-d965ccfc6d4b" outcome="Passed" testListId="8c84fa94-04c1-424b-9868-57a2d4851a1d" relativeResultsDirectory="b1653ada-68a9-421d-95ff-ca37e7bac989" />
    <UnitTestResult executionId="b6ebbcf3-61b0-41aa-a0a1-df201a43f55d" testId="13d58bdc-d5cf-380e-3ed3-7809a2ed350e" testName="PrimoAutoEletrica.Tests.Services.DefeitosRecorrentesConsolidationTests.UmHistorico_NaoEntraEmMesmoDefeito" computerName="CIRO" duration="00:00:00.0095025" startTime="2026-09-26T18:14:55.6079175-03:00" endTime="2026-09-26T18:14:55.6079175-03:00" testType="13cdc9d9-ddb5-4fa4-a97d-d965ccfc6d4b" outcome="Passed" testListId="8c84fa94-04c1-424b-9868-57a2d4851a1d" relativeResultsDirectory="b6ebbcf3-61b0-41aa-a0a1-df201a43f55d" />
    <UnitTestResult executionId="37a91d54-9da7-4e55-ab38-7cd6c26b8d3b" testId="9ea5e8ed-2325-88ca-2372-ad88dc87f823" testName="PrimoAutoEletrica.Tests.Services.LucroPorServicoMathTests.LucroBruto_ReceitaMenosCusto_ExatoEmCentavos(receita: 0,05, custo: 0,01, lucroEsperado: 0,04)" computerName="CIRO" duration="00:00:00.0003566" startTime="2026-09-26T18:14:56.2099016-03:00" endTime="2026-09-26T18:14:56.2099017-03:00" testType="13cdc9d9-ddb5-4fa4-a97d-d965ccfc6d4b" outcome="Passed" testListId="8c84fa94-04c1-424b-9868-57a2d4851a1d" relativeResultsDirectory="37a91d54-9da7-4e55-ab38-7cd6c26b8d3b" />
    <UnitTestResult executionId="f7b43a52-c094-4f42-93b3-e1263367eb84" testId="e634ce8c-80d3-65c2-88de-702fc9d064d1" testName="PrimoAutoEletrica.Tests.NovoAgendamentoPrefillTests.PrefillFromCliente_SetsClienteIdAndContactFields" computerName="CIRO" duration="00:00:00.0010305" startTime="2026-09-26T18:14:56.8030182-03:00" endTime="2026-09-26T18:14:56.8030184-03:00" testType="13cdc9d9-ddb5-4fa4-a97d-d965ccfc6d4b" outcome="Passed" testListId="8c84fa94-04c1-424b-9868-57a2d4851a1d" relativeResultsDirectory="f7b43a52-c094-4f42-93b3-e1263367eb84" />
    <UnitTestResult executionId="4e266b42-9d6b-45f1-be8f-0c9eb1682eea" testId="5c56e22b-5f24-f044-7ee0-ef656d06afb2" testName="PrimoAutoEletrica.Tests.NovoAgendamentoPrefillTests.PrefillFromCliente_UsesPreferredVehicleWhenProvided" computerName="CIRO" duration="00:00:00.0042119" startTime="2026-09-26T18:14:56.8019268-03:00" endTime="2026-09-26T18:14:56.8019283-03:00" testType="13cdc9d9-ddb5-4fa4-a97d-d965ccfc6d4b" outcome="Passed" testListId="8c84fa94-04c1-424b-9868-57a2d4851a1d" relativeResultsDirectory="4e266b42-9d6b-45f1-be8f-0c9eb1682eea" />
    <UnitTestResult executionId="dda98310-2b97-4ccb-9d49-af08f5113713" testId="2bb5985c-3cc5-9532-2516-a8822c6cbda3" testName="PrimoAutoEletrica.Tests.Services.LucroPorServicoMathTests.LucroBruto_ReceitaMenosCusto_ExatoEmCentavos(receita: 10,99, custo: 4,50, lucroEsperado: 6,49)" computerName="CIRO" duration="00:00:00.0004257" startTime="2026-09-26T18:14:56.2097694-03:00" endTime="2026-09-26T18:14:56.2097695-03:00" testType="13cdc9d9-ddb5-4fa4-a97d-d965ccfc6d4b" outcome="Passed" testListId="8c84fa94-04c1-424b-9868-57a2d4851a1d" relativeResultsDirectory="dda98310-2b97-4ccb-9d49-af08f5113713" />
    <UnitTestResult executionId="a32dcc52-360f-412a-9e1e-8e3cad5a1559" testId="fcf75fff-f440-bdcb-31ef-a2727f545a44" testName="PrimoAutoEletrica.Tests.C1.C1BugFixRegressionTests.Bug002_CatalogoPecasViewModel_SemPermissao_NaoDeveHabilitarCriacaoDeProduto" computerName="CIRO" duration="00:00:03.2678839" startTime="2026-09-26T18:14:58.8424062-03:00" endTime="2026-09-26T18:14:58.8424065-03:00" testType="13cdc9d9-ddb5-4fa4-a97d-d965ccfc6d4b" outcome="Passed" testListId="8c84fa94-04c1-424b-9868-57a2d4851a1d" relativeResultsDirectory="a32dcc52-360f-412a-9e1e-8e3cad5a1559" />
    <UnitTestResult executionId="e298a808-9863-4f97-8fa8-8603e91cb6c1" testId="3c3f75fb-feab-0712-b729-a07731903b20" testName="PrimoAutoEletrica.Tests.Services.AgendamentoNullDurationMaterializationTests.ObterTodosAgendamentos_InMemory_NullOrdinal6_AndFilledDuration" computerName="CIRO" duration="00:00:01.7655064" startTime="2026-09-26T18:14:58.4198211-03:00" endTime="2026-09-26T18:14:58.4198213-03:00" testType="13cdc9d9-ddb5-4fa4-a97d-d965ccfc6d4b" outcome="Passed" testListId="8c84fa94-04c1-424b-9868-57a2d4851a1d" relativeResultsDirectory="e298a808-9863-4f97-8fa8-8603e91cb6c1" />
    <UnitTestResult executionId="d37a0af3-fec6-4634-b5ee-75cbbbf0c07a" testId="cf0db433-8324-14ae-ba2f-7331fe5c1e0c" testName="PrimoAutoEletrica.Tests.C1.C1BugFixRegressionTests.Bug002_TemPermissaoCodigo_UsuarioSemPermissao_DeveSerNegado_FailClosed" computerName="CIRO" duration="00:00:00.0008780" startTime="2026-09-26T18:14:59.3176588-03:00" endTime="2026-09-26T18:14:59.3176589-03:00" testType="13cdc9d9-ddb5-4fa4-a97d-d965ccfc6d4b" outcome="Passed" testListId="8c84fa94-04c1-424b-9868-57a2d4851a1d" relativeResultsDirectory="d37a0af3-fec6-4634-b5ee-75cbbbf0c07a" />
    <UnitTestResult executionId="8dec2a9a-f63a-4db4-a830-3149b950a6af" testId="90c98a90-ec51-282a-0249-734747be05cc" testName="PrimoAutoEletrica.Tests.Services.ClientesHarnessRoutingRegressionTests.Helpers_RoteiaClientesControlParaHarnessDedicado" computerName="CIRO" duration="00:00:00.0084529" startTime="2026-09-26T18:14:55.5962746-03:00" endTime="2026-09-26T18:14:55.5962747-03:00" testType="13cdc9d9-ddb5-4fa4-a97d-d965ccfc6d4b" outcome="Passed" testListId="8c84fa94-04c1-424b-9868-57a2d4851a1d" relativeResultsDirectory="8dec2a9a-f63a-4db4-a830-3149b950a6af" />
    <UnitTestResult executionId="09a88335-7c15-4e06-b8ea-47234deb2c60" testId="736e4735-d7ec-523b-3862-dbaee2573967" testName="PrimoAutoEletrica.Tests.Services.BaseConhecimentoOwnerHarnessRegressionTests.Supervisor_DisposeDrainsDispatcher_AndSkipsSmokeHosts" computerName="CIRO" duration="00:00:00.0010487" startTime="2026-09-26T18:14:55.5986664-03:00" endTime="2026-09-26T18:14:55.5986664-03:00" testType="13cdc9d9-ddb5-4fa4-a97d-d965ccfc6d4b" outcome="Passed" testListId="8c84fa94-04c1-424b-9868-57a2d4851a1d" relativeResultsDirectory="09a88335-7c15-4e06-b8ea-47234deb2c60" />
    <UnitTestResult executionId="ccb2c692-cb77-4cf8-917b-9c627fa18ae0" testId="a9347fd9-2191-fdc1-96bd-db2c8c5c33cd" testName="PrimoAutoEletrica.Tests.Services.LucroPorServicoMathTests.LucroBruto_ReceitaMenosCusto_ExatoEmCentavos(receita: 10000,99, custo: 1,00, lucroEsperado: 9999,99)" computerName="CIRO" duration="00:00:00.0000078" startTime="2026-09-26T18:14:56.2102315-03:00" endTime="2026-09-26T18:14:56.2102316-03:00" testType="13cdc9d9-ddb5-4fa4-a97d-d965ccfc6d4b" outcome="Passed" testListId="8c84fa94-04c1-424b-9868-57a2d4851a1d" relativeResultsDirectory="ccb2c692-cb77-4cf8-917b-9c627fa18ae0" />
    <UnitTestResult executionId="f4db6317-ff89-4605-83f6-5e8deb5edf72" testId="e92bbd69-4f57-39ac-44c3-bb8d52c8e934" testName="PrimoAutoEletrica.Tests.Services.DiagnosticoTecnicoServiceTests.SalvarDiagnostico_MultiplosEventosMesmoVeiculo_NaoSobrescreveHistorico" computerName="CIRO" duration="00:00:00.1006430" startTime="2026-09-26T18:14:55.6941710-03:00" endTime="2026-09-26T18:14:55.6941712-03:00" testType="13cdc9d9-ddb5-4fa4-a97d-d965ccfc6d4b" outcome="Passed" testListId="8c84fa94-04c1-424b-9868-57a2d4851a1d" relativeResultsDirectory="f4db6317-ff89-4605-83f6-5e8deb5edf72" />
    <UnitTestResult executionId="76e8c0fa-928f-4731-97b3-96e7f4f552af" testId="e3ed635b-a393-c987-93f9-136c7b55b4a7" testName="PrimoAutoEletrica.Tests.Services.BaseConhecimentoOwnerHarnessRegressionTests.Ferramentas_UsesWindowOwnerHelper_NotRawOwnerAssign" computerName="CIRO" duration="00:00:00.0083929" startTime="2026-09-26T18:14:55.5899609-03:00" endTime="2026-09-26T18:14:55.5900308-03:00" testType="13cdc9d9-ddb5-4fa4-a97d-d965ccfc6d4b" outcome="Passed" testListId="8c84fa94-04c1-424b-9868-57a2d4851a1d" relativeResultsDirectory="76e8c0fa-928f-4731-97b3-96e7f4f552af" />
    <UnitTestResult executionId="e9187c1c-84a8-42ba-8dd4-a80f40902f45" testId="731210dd-0bef-eb4c-ae87-69a2f1050b94" testName="PrimoAutoEletrica.Tests.Services.BaseConhecimentoOwnerHarnessRegressionTests.ExerciseInteractionSurface_EnsuresHostOperationalBeforeClick" computerName="CIRO" duration="00:00:00.0014847" startTime="2026-09-26T18:14:55.6075170-03:00" endTime="2026-09-26T18:14:55.6075176-03:00" testType="13cdc9d9-ddb5-4fa4-a97d-d965ccfc6d4b" outcome="Passed" testListId="8c84fa94-04c1-424b-9868-57a2d4851a1d" relativeResultsDirectory="e9187c1c-84a8-42ba-8dd4-a80f40902f45" />
    <UnitTestResult executionId="19b57310-be3d-4f62-b307-2c8cdddfcd11" testId="82501b74-606c-06c0-a237-92c99c7d02af" testName="PrimoAutoEletrica.Tests.Services.LucroPorServicoMathTests.LucroBruto_ReceitaMenosCusto_ExatoEmCentavos(receita: 100,00, custo: 40,00, lucroEsperado: 60,00)" computerName="CIRO" duration="00:00:00.0000083" startTime="2026-09-26T18:14:56.2100346-03:00" endTime="2026-09-26T18:14:56.2100347-03:00" testType="13cdc9d9-ddb5-4fa4-a97d-d965ccfc6d4b" outcome="Passed" testListId="8c84fa94-04c1-424b-9868-57a2d4851a1d" relativeResultsDirectory="19b57310-be3d-4f62-b307-2c8cdddfcd11" />
    <UnitTestResult executionId="fada0f36-4494-48cd-9610-f9dd565153fb" testId="13b58deb-44fd-8e98-0599-85df2b933c7d" testName="PrimoAutoEletrica.Tests.Services.ChecklistPosVendaE2ETests.HistoricoAB_MesmoVeiculoDuasOS_A_NaoIgual_B_SemSobrescrita" computerName="CIRO" duration="00:00:00.1336488" startTime="2026-09-26T18:14:55.7052012-03:00" endTime="2026-09-26T18:14:55.7052013-03:00" testType="13cdc9d9-ddb5-4fa4-a97d-d965ccfc6d4b" outcome="Passed" testListId="8c84fa94-04c1-424b-9868-57a2d4851a1d" relativeResultsDirectory="fada0f36-4494-48cd-9610-f9dd565153fb" />
    <UnitTestResult executionId="6433dfe3-f06e-4eaf-badd-4b30bd006f3e" testId="5bb39127-58fc-d191-e9ca-daeb8467b671" testName="PrimoAutoEletrica.Tests.Services.AgendamentoNullDurationMaterializationTests.ObterTodosAgendamentos_FromOperacionalCopy_NullDuracaoEstimada_MapsToZero" computerName="CIRO" duration="00:00:01.0797323" startTime="2026-09-26T18:14:56.6541621-03:00" endTime="2026-09-26T18:14:56.6541624-03:00" testType="13cdc9d9-ddb5-4fa4-a97d-d965ccfc6d4b" outcome="Passed" testListId="8c84fa94-04c1-424b-9868-57a2d4851a1d" relativeResultsDirectory="6433dfe3-f06e-4eaf-badd-4b30bd006f3e" />
    <UnitTestResult executionId="8ef5c778-5adb-49b8-a980-c90193f0dc4d" testId="eee480e3-69e0-235a-84c0-57ba27cf1413" testName="PrimoAutoEletrica.Tests.Services.ChecklistTecnicoServiceTests.SalvarChecklist_SemVeiculoId_LancaArgumentException" computerName="CIRO" duration="00:00:00.0228537" startTime="2026-09-26T18:14:55.6078358-03:00" endTime="2026-09-26T18:14:55.6078359-03:00" testType="13cdc9d9-ddb5-4fa4-a97d-d965ccfc6d4b" outcome="Passed" testListId="8c84fa94-04c1-424b-9868-57a2d4851a1d" relativeResultsDirectory="8ef5c778-5adb-49b8-a980-c90193f0dc4d" />
    <UnitTestResult executionId="321ca62a-2fe4-4f26-a9fa-0a2dd8172c84" testId="d7779dad-f2de-5ef6-5740-a755f162cf03" testName="PrimoAutoEletrica.Tests.Money.MoneyPreProductionGateTests.PrimoxFlows_Cliente_Veiculo_Integridade360_Por_Id" computerName="CIRO" duration="00:00:00.0745322" startTime="2026-09-26T18:14:55.6489678-03:00" endTime="2026-09-26T18:14:55.6489679-03:00" testType="13cdc9d9-ddb5-4fa4-a97d-d965ccfc6d4b" outcome="Passed" testListId="8c84fa94-04c1-424b-9868-57a2d4851a1d" relativeResultsDirectory="321ca62a-2fe4-4f26-a9fa-0a2dd8172c84" />
    <UnitTestResult executionId="115ff0bd-ce2f-4c4d-ab83-a3e18a6895cc" testId="4aed0e6d-5c4b-e7bf-95ff-19119eb3e5fd" testName="PrimoAutoEletrica.Tests.C1.C1BugFixRegressionTests.Bug001_BaseConhecimentoControl_DeveInicializarSemXamlParseException" computerName="CIRO" duration="00:00:00.0379388" startTime="2026-09-26T18:14:59.3143307-03:00" endTime="2026-09-26T18:14:59.3143309-03:00" testType="13cdc9d9-ddb5-4fa4-a97d-d965ccfc6d4b" outcome="Passed" testListId="8c84fa94-04c1-424b-9868-57a2d4851a1d" relativeResultsDirectory="115ff0bd-ce2f-4c4d-ab83-a3e18a6895cc" />
    <UnitTestResult executionId="f28258a5-8d1d-4371-a086-63c70350d890" testId="e3195fbc-ebec-2875-3d2f-ebe260e630c1" testName="PrimoAutoEletrica.Tests.PosVendaServiceTests.Validacao_ExigeClienteIdEVeiculoIdValidos" computerName="CIRO" duration="00:00:00.0121869" startTime="2026-09-26T18:14:55.5970772-03:00" endTime="2026-09-26T18:14:55.5970772-03:00" testType="13cdc9d9-ddb5-4fa4-a97d-d965ccfc6d4b" outcome="Passed" testListId="8c84fa94-04c1-424b-9868-57a2d4851a1d" relativeResultsDirectory="f28258a5-8d1d-4371-a086-63c70350d890" />
    <UnitTestResult executionId="d29b1682-83b2-4b20-80da-ee352a129e72" testId="00891c22-c01c-f7e6-85b4-3f8f7cd11e76" testName="PrimoAutoEletrica.Tests.Services.DefeitosRecorrentesConsolidationTests.VariosHistoricos_MesmoDefeitoApareceComQuantidade2" computerName="CIRO" duration="00:00:00.0044591" startTime="2026-09-26T18:14:55.6406398-03:00" endTime="2026-09-26T18:14:55.6406399-03:00" testType="13cdc9d9-ddb5-4fa4-a97d-d965ccfc6d4b" outcome="Passed" testListId="8c84fa94-04c1-424b-9868-57a2d4851a1d" relativeResultsDirectory="d29b1682-83b2-4b20-80da-ee352a129e72" />
    <UnitTestResult executionId="68362ad6-2524-49da-bcea-6f48866fdd27" testId="24a77ce2-981e-9948-faa7-6deebf45884c" testName="PrimoAutoEletrica.Tests.Services.DefeitosRecorrentesConsolidationTests.PecaGarantiaModelo_ConsolidadosQuandoPresentes" computerName="CIRO" duration="00:00:00.0149296" startTime="2026-09-26T18:14:55.6360899-03:00" endTime="2026-09-26T18:14:55.6360900-03:00" testType="13cdc9d9-ddb5-4fa4-a97d-d965ccfc6d4b" outcome="Passed" testListId="8c84fa94-04c1-424b-9868-57a2d4851a1d" relativeResultsDirectory="68362ad6-2524-49da-bcea-6f48866fdd27" />
    <UnitTestResult executionId="80771809-1868-4c16-86d4-480608d35335" testId="8d01e030-045b-ef31-c1c9-5cddf0f63ae9" testName="PrimoAutoEletrica.Tests.Primox360ServiceTests.Case01_Cliente_UmVeiculo_UmaOs_ReceitaPorId" computerName="CIRO" duration="00:00:00.4675121" startTime="2026-09-26T18:14:59.8427811-03:00" endTime="2026-09-26T18:14:59.8427818-03:00" testType="13cdc9d9-ddb5-4fa4-a97d-d965ccfc6d4b" outcome="Passed" testListId="8c84fa94-04c1-424b-9868-57a2d4851a1d" relativeResultsDirectory="80771809-1868-4c16-86d4-480608d35335" />
    <UnitTestResult executionId="0559269a-13d4-482d-bb4d-007fd0615600" testId="7e33b8ea-c8d3-562e-bd48-8387a571bb16" testName="PrimoAutoEletrica.Tests.Services.LucroPorServicoMathTests.LucroBruto_ReceitaMenosCusto_ExatoEmCentavos(receita: 1000,99, custo: 500,50, lucroEsperado: 500,49)" computerName="CIRO" duration="00:00:00.0000075" startTime="2026-09-26T18:14:56.2101993-03:00" endTime="2026-09-26T18:14:56.2101994-03:00" testType="13cdc9d9-ddb5-4fa4-a97d-d965ccfc6d4b" outcome="Passed" testListId="8c84fa94-04c1-424b-9868-57a2d4851a1d" relativeResultsDirectory="0559269a-13d4-482d-bb4d-007fd0615600" />
    <UnitTestResult executionId="13936255-fa80-44b7-b3b0-409c41137d07" testId="b0f5e730-887d-70de-6b96-eda239fd1784" testName="PrimoAutoEletrica.Tests.Services.LucroPorServicoMathTests.LucroBruto_ReceitaMenosCusto_ExatoEmCentavos(receita: 100,50, custo: 25,25, lucroEsperado: 75,25)" computerName="CIRO" duration="00:00:00.0000087" startTime="2026-09-26T18:14:56.2099922-03:00" endTime="2026-09-26T18:14:56.2099922-03:00" testType="13cdc9d9-ddb5-4fa4-a97d-d965ccfc6d4b" outcome="Passed" testListId="8c84fa94-04c1-424b-9868-57a2d4851a1d" relativeResultsDirectory="13936255-fa80-44b7-b3b0-409c41137d07" />
    <UnitTestResult executionId="19f54c4f-707d-4d59-97eb-d4dff5a710f9" testId="688b0bce-1c73-d122-f778-ec431aae0981" testName="PrimoAutoEletrica.Tests.C1.C1BugFixRegressionTests.Bug002_CatalogoPecasViewModel_Admin_DeveHabilitarCriacaoDeProduto" computerName="CIRO" duration="00:00:00.0002677" startTime="2026-09-26T18:14:59.2762985-03:00" endTime="2026-09-26T18:14:59.2762986-03:00" testType="13cdc9d9-ddb5-4fa4-a97d-d965ccfc6d4b" outcome="Passed" testListId="8c84fa94-04c1-424b-9868-57a2d4851a1d" relativeResultsDirectory="19f54c4f-707d-4d59-97eb-d4dff5a710f9" />
    <UnitTestResult executionId="6bb3f5a5-bdff-4144-90e0-ba1519b0108c" testId="f27f0d32-c286-614c-8ae3-9aed43b1647a" testName="PrimoAutoEletrica.Tests.Services.PosVendaServiceTests.HistoricoAcumulativo_MesmoClienteMesmoVeiculoDuasOS_MantemAmbosSeparados" computerName="CIRO" duration="00:00:00.1320257" startTime="2026-09-26T18:14:55.7040134-03:00" endTime="2026-09-26T18:14:55.7040136-03:00" testType="13cdc9d9-ddb5-4fa4-a97d-d965ccfc6d4b" outcome="Passed" testListId="8c84fa94-04c1-424b-9868-57a2d4851a1d" relativeResultsDirectory="6bb3f5a5-bdff-4144-90e0-ba1519b0108c" />
    <UnitTestResult executionId="3d7a4a2d-28b4-491b-a81d-a26b0d0335b2" testId="927d6921-fffe-9bbe-0529-7a952e5980c2" testName="PrimoAutoEletrica.Tests.NovoAgendamentoPrefillTests.PrefillFromCliente_NullCliente_DoesNothing" computerName="CIRO" duration="00:00:01.2231261" startTime="2026-09-26T18:14:56.7976328-03:00" endTime="2026-09-26T18:14:56.7976330-03:00" testType="13cdc9d9-ddb5-4fa4-a97d-d965ccfc6d4b" outcome="Passed" testListId="8c84fa94-04c1-424b-9868-57a2d4851a1d" relativeResultsDirectory="3d7a4a2d-28b4-491b-a81d-a26b0d0335b2" />
    <UnitTestResult executionId="ff03b481-ea6b-4cf5-966f-604c042de375" testId="84fe22bb-2160-d9ca-cf9b-94df73286551" testName="PrimoAutoEletrica.Tests.Services.ChecklistPosVendaE2ETests.FluxoCompleto_E2E_Cliente_Veiculo_OS_Checklist_Diagnostico_PosVenda_PreservaTodosIDs" computerName="CIRO" duration="00:00:00.0890248" startTime="2026-09-26T18:14:55.7943284-03:00" endTime="2026-09-26T18:14:55.7943285-03:00" testType="13cdc9d9-ddb5-4fa4-a97d-d965ccfc6d4b" outcome="Passed" testListId="8c84fa94-04c1-424b-9868-57a2d4851a1d" relativeResultsDirectory="ff03b481-ea6b-4cf5-966f-604c042de375" />
    <UnitTestResult executionId="7b7bedcf-9206-4f96-a993-a93665c369ea" testId="87f601f9-3997-2153-d46f-40413b5145a9" testName="PrimoAutoEletrica.Tests.Services.LucroPorServicoMathTests.LucroBruto_ReceitaMenosCusto_ExatoEmCentavos(receita: 0,99, custo: 0,50, lucroEsperado: 0,49)" computerName="CIRO" duration="00:00:00.0000089" startTime="2026-09-26T18:14:56.2101081-03:00" endTime="2026-09-26T18:14:56.2101082-03:00" testType="13cdc9d9-ddb5-4fa4-a97d-d965ccfc6d4b" outcome="Passed" testListId="8c84fa94-04c1-424b-9868-57a2d4851a1d" relativeResultsDirectory="7b7bedcf-9206-4f96-a993-a93665c369ea" />
    <UnitTestResult executionId="2d9e87c5-75fe-4c28-a96f-43e850312b63" testId="80e9bd02-efc4-59ce-c686-ec6879394267" testName="PrimoAutoEletrica.Tests.Services.DiagnosticoTecnicoServiceTests.Primox360Service_IntegracaoVeiculo360EOrdemServico360" computerName="CIRO" duration="00:00:00.9709226" startTime="2026-09-26T18:14:56.6652040-03:00" endTime="2026-09-26T18:14:56.6652041-03:00" testType="13cdc9d9-ddb5-4fa4-a97d-d965ccfc6d4b" outcome="Passed" testListId="8c84fa94-04c1-424b-9868-57a2d4851a1d" relativeResultsDirectory="2d9e87c5-75fe-4c28-a96f-43e850312b63" />
    <UnitTestResult executionId="ab7901ee-cd96-49f6-8af3-be55125373fb" testId="1871241c-0192-94d6-1889-836d275227fc" testName="PrimoAutoEletrica.Tests.Services.DefeitosRecorrentesConsolidationTests.SemHistorico_RetornaListaVazia" computerName="CIRO" duration="00:00:00.0202618" startTime="2026-09-26T18:14:55.6078786-03:00" endTime="2026-09-26T18:14:55.6078787-03:00" testType="13cdc9d9-ddb5-4fa4-a97d-d965ccfc6d4b" outcome="Passed" testListId="8c84fa94-04c1-424b-9868-57a2d4851a1d" relativeResultsDirectory="ab7901ee-cd96-49f6-8af3-be55125373fb" />
    <UnitTestResult executionId="ee37e4c0-b3fc-4383-b1a5-6a6e61668103" testId="4139219d-72ee-9676-afc4-bf03e590fb87" testName="PrimoAutoEletrica.Tests.Services.ChecklistTecnicoServiceTests.ListarPorVeiculoId_RetornaMultiplosChecklistsSemSobrescrever" computerName="CIRO" duration="00:00:00.1061784" startTime="2026-09-26T18:14:55.7006750-03:00" endTime="2026-09-26T18:14:55.7006751-03:00" testType="13cdc9d9-ddb5-4fa4-a97d-d965ccfc6d4b" outcome="Passed" testListId="8c84fa94-04c1-424b-9868-57a2d4851a1d" relativeResultsDirectory="ee37e4c0-b3fc-4383-b1a5-6a6e61668103" />
    <UnitTestResult executionId="5cf95f16-ea46-4734-9fbc-c2f676605add" testId="014914e5-20d3-0e50-cdfc-94b7eefeba0f" testName="PrimoAutoEletrica.Tests.C1.C1BugFixRegressionTests.Bug002_TemPermissaoCodigo_Administrador_DeveTerPermissaoEstoqueCriar" computerName="CIRO" duration="00:00:00.0001901" startTime="2026-09-26T18:14:59.3179043-03:00" endTime="2026-09-26T18:14:59.3179044-03:00" testType="13cdc9d9-ddb5-4fa4-a97d-d965ccfc6d4b" outcome="Passed" testListId="8c84fa94-04c1-424b-9868-57a2d4851a1d" relativeResultsDirectory="5cf95f16-ea46-4734-9fbc-c2f676605add" />
    <UnitTestResult executionId="25b19efc-19a4-471b-a343-80e45af70c82" testId="45e0ac52-d341-7f24-298d-6733f47d4534" testName="PrimoAutoEletrica.Tests.Services.BaseConhecimentoOwnerHarnessRegressionTests.BaseConhecimento_UsesWindowOwnerHelper_NotRawOwnerAssign" computerName="CIRO" duration="00:00:00.0012159" startTime="2026-09-26T18:14:55.6077412-03:00" endTime="2026-09-26T18:14:55.6077413-03:00" testType="13cdc9d9-ddb5-4fa4-a97d-d965ccfc6d4b" outcome="Passed" testListId="8c84fa94-04c1-424b-9868-57a2d4851a1d" relativeResultsDirectory="25b19efc-19a4-471b-a343-80e45af70c82" />
    <UnitTestResult executionId="88087afe-b112-4234-8eac-3290d2981763" testId="c68b053b-6301-7393-a962-96797436b44f" testName="PrimoAutoEletrica.Tests.C1.C1BugFixRegressionTests.Bug001_NecessidadesCompraControl_DeveInicializarSemXamlParseException" computerName="CIRO" duration="00:00:00.0225353" startTime="2026-09-26T18:14:59.3405288-03:00" endTime="2026-09-26T18:14:59.3405290-03:00" testType="13cdc9d9-ddb5-4fa4-a97d-d965ccfc6d4b" outcome="Passed" testListId="8c84fa94-04c1-424b-9868-57a2d4851a1d" relativeResultsDirectory="88087afe-b112-4234-8eac-3290d2981763" />
    <UnitTestResult executionId="b542c541-0627-4e1f-9545-77d363a9a7a0" testId="854d17a9-91d6-9b59-93d1-484f998be001" testName="PrimoAutoEletrica.Tests.C1.C1BugFixRegressionTests.Bug003_FerramentasControl_DeveInicializarSemNullReferenceException" computerName="CIRO" duration="00:00:00.1999482" startTime="2026-09-26T18:14:59.2759558-03:00" endTime="2026-09-26T18:14:59.2759560-03:00" testType="13cdc9d9-ddb5-4fa4-a97d-d965ccfc6d4b" outcome="Passed" testListId="8c84fa94-04c1-424b-9868-57a2d4851a1d" relativeResultsDirectory="b542c541-0627-4e1f-9545-77d363a9a7a0" />
    <UnitTestResult executionId="d0e7572d-1fd3-4010-a68f-a8ce016f36b5" testId="384d426d-12b5-be8d-da61-ac92374ece7f" testName="PrimoAutoEletrica.Tests.Services.LucroPorServicoMathTests.LucroBruto_ReceitaMenosCusto_ExatoEmCentavos(receita: 1,01, custo: 0,01, lucroEsperado: 1,00)" computerName="CIRO" duration="00:00:00.0000128" startTime="2026-09-26T18:14:56.2108521-03:00" endTime="2026-09-26T18:14:56.2108522-03:00" testType="13cdc9d9-ddb5-4fa4-a97d-d965ccfc6d4b" outcome="Passed" testListId="8c84fa94-04c1-424b-9868-57a2d4851a1d" relativeResultsDirectory="d0e7572d-1fd3-4010-a68f-a8ce016f36b5" />
    <UnitTestResult executionId="92f652d8-aadb-4525-9ecd-98291e1a30cc" testId="c2fd4bd1-c494-480c-8092-ff4f6fa6c14b" testName="PrimoAutoEletrica.Tests.C1.C1BugFixRegressionTests.Bug002_TemPermissao_ComCodigoAcao_DeveRetornarFalse_ProvandoDiferencaSemantica" computerName="CIRO" duration="00:00:00.0023044" startTime="2026-09-26T18:14:59.3167133-03:00" endTime="2026-09-26T18:14:59.3167133-03:00" testType="13cdc9d9-ddb5-4fa4-a97d-d965ccfc6d4b" outcome="Passed" testListId="8c84fa94-04c1-424b-9868-57a2d4851a1d" relativeResultsDirectory="92f652d8-aadb-4525-9ecd-98291e1a30cc" />
    <UnitTestResult executionId="4d440148-74cf-45fc-9b7a-b795fb80437d" testId="e1a861aa-40e6-b6fd-a6c0-83bb444ba050" testName="PrimoAutoEletrica.Tests.Primox360ServiceTests.Case02_DoisVeiculos_OsNaoCruzam" computerName="CIRO" duration="00:00:03.8055946" startTime="2026-09-26T18:14:59.3751123-03:00" endTime="2026-09-26T18:14:59.3751125-03:00" testType="13cdc9d9-ddb5-4fa4-a97d-d965ccfc6d4b" outcome="Passed" testListId="8c84fa94-04c1-424b-9868-57a2d4851a1d" relativeResultsDirectory="4d440148-74cf-45fc-9b7a-b795fb80437d" />
    <UnitTestResult executionId="611bd371-f697-44ea-9431-08d67c96332e" testId="da54837f-7de5-90a0-a1b6-98a8f5009ab6" testName="PrimoAutoEletrica.Tests.Services.DefeitosRecorrentesConsolidationTests.RecenteComPoucos_NaoECortadoPorLegadoComTake5" computerName="CIRO" duration="00:00:00.0166474" startTime="2026-09-26T18:14:55.6210876-03:00" endTime="2026-09-26T18:14:55.6210877-03:00" testType="13cdc9d9-ddb5-4fa4-a97d-d965ccfc6d4b" outcome="Passed" testListId="8c84fa94-04c1-424b-9868-57a2d4851a1d" relativeResultsDirectory="611bd371-f697-44ea-9431-08d67c96332e" />
    <UnitTestResult executionId="7cc86a0c-203c-4b7a-9468-91ed74506827" testId="2dc889c6-d75a-1573-0794-6d34a0a77e75" testName="PrimoAutoEletrica.Tests.C1.C1BugFixRegressionTests.Bug001_TabsResourceDictionary_DeveConterEstilosModernTab" computerName="CIRO" duration="00:00:00.2333378" startTime="2026-09-26T18:14:59.0758817-03:00" endTime="2026-09-26T18:14:59.0758820-03:00" testType="13cdc9d9-ddb5-4fa4-a97d-d965ccfc6d4b" outcome="Passed" testListId="8c84fa94-04c1-424b-9868-57a2d4851a1d" relativeResultsDirectory="7cc86a0c-203c-4b7a-9468-91ed74506827" />
    <UnitTestResult executionId="28541ef7-e3b7-45a5-8f87-26efff083bad" testId="b2deafe3-eb10-dec8-c272-90c6f1c089c1" testName="PrimoAutoEletrica.Tests.Services.LucroPorServicoMathTests.LucroBruto_ReceitaMenosCusto_ExatoEmCentavos(receita: 0,10, custo: 0,05, lucroEsperado: 0,05)" computerName="CIRO" duration="00:00:00.0000113" startTime="2026-09-26T18:14:56.2101643-03:00" endTime="2026-09-26T18:14:56.2101643-03:00" testType="13cdc9d9-ddb5-4fa4-a97d-d965ccfc6d4b" outcome="Passed" testListId="8c84fa94-04c1-424b-9868-57a2d4851a1d" relativeResultsDirectory="28541ef7-e3b7-45a5-8f87-26efff083bad" />
    <UnitTestResult executionId="697b827b-e181-4111-ad75-3c20882d196a" testId="ebfb8a52-1a18-c15c-07f6-8b3aa915dfec" testName="PrimoAutoEletrica.Tests.Services.KnowledgeServiceTests.ListarCasosPorVeiculo_FiltraCasosDoVeiculoCorretamente" computerName="CIRO" duration="00:00:02.4169264" startTime="2026-09-26T18:14:57.9864283-03:00" endTime="2026-09-26T18:14:57.9864285-03:00" testType="13cdc9d9-ddb5-4fa4-a97d-d965ccfc6d4b" outcome="Passed" testListId="8c84fa94-04c1-424b-9868-57a2d4851a1d" relativeResultsDirectory="697b827b-e181-4111-ad75-3c20882d196a" />
  </Results>
  <TestDefinitions>
    <UnitTest name="PrimoAutoEletrica.Tests.Primox360ServiceTests.Case07_VeiculoSemOs" storage="c:\projetos\primoautoeletrica\tests\primoautoeletrica.tests\bin\debug\net10.0-windows\primoautoeletrica.tests.dll" id="6bb53b4a-0422-2c57-cf9d-2930225830bb">
      <Execution id="ce91bd2c-3eee-4a7a-ae2f-ec0a204e81aa" />
      <TestMethod codeBase="C:\Projetos\PrimoAutoEletrica\Tests\PrimoAutoEletrica.Tests\bin\Debug\net10.0-windows\PrimoAutoEletrica.Tests.dll" adapterTypeName="executor://xunit/VsTestRunner2/netcoreapp" className="PrimoAutoEletrica.Tests.Primox360ServiceTests" name="Case07_VeiculoSemOs" />
    </UnitTest>
    <UnitTest name="PrimoAutoEletrica.Tests.C1.C1BugFixRegressionTests.Bug001_TabsResourceDictionary_DeveConterEstilosModernTab" storage="c:\projetos\primoautoeletrica\tests\primoautoeletrica.tests\bin\debug\net10.0-windows\primoautoeletrica.tests.dll" id="2dc889c6-d75a-1573-0794-6d34a0a77e75">
      <Execution id="7cc86a0c-203c-4b7a-9468-91ed74506827" />
      <TestMethod codeBase="C:\Projetos\PrimoAutoEletrica\Tests\PrimoAutoEletrica.Tests\bin\Debug\net10.0-windows\PrimoAutoEletrica.Tests.dll" adapterTypeName="executor://xunit/VsTestRunner2/netcoreapp" className="PrimoAutoEletrica.Tests.C1.C1BugFixRegressionTests" name="Bug001_TabsResourceDictionary_DeveConterEstilosModernTab" />
    </UnitTest>
    <UnitTest name="PrimoAutoEletrica.Tests.NovoAgendamentoPrefillTests.PrefillFromCliente_NullCliente_DoesNothing" storage="c:\projetos\primoautoeletrica\tests\primoautoeletrica.tests\bin\debug\net10.0-windows\primoautoeletrica.tests.dll" id="927d6921-fffe-9bbe-0529-7a952e5980c2">
      <Execution id="3d7a4a2d-28b4-491b-a81d-a26b0d0335b2" />
      <TestMethod codeBase="C:\Projetos\PrimoAutoEletrica\Tests\PrimoAutoEletrica.Tests\bin\Debug\net10.0-windows\PrimoAutoEletrica.Tests.dll" adapterTypeName="executor://xunit/VsTestRunner2/netcoreapp" className="PrimoAutoEletrica.Tests.NovoAgendamentoPrefillTests" name="PrefillFromCliente_NullCliente_DoesNothing" />
    </UnitTest>
    <UnitTest name="PrimoAutoEletrica.Tests.Services.KnowledgeServiceTests.ListarCasosPorVeiculo_FiltraCasosDoVeiculoCorretamente" storage="c:\projetos\primoautoeletrica\tests\primoautoeletrica.tests\bin\debug\net10.0-windows\primoautoeletrica.tests.dll" id="ebfb8a52-1a18-c15c-07f6-8b3aa915dfec">
      <Execution id="697b827b-e181-4111-ad75-3c20882d196a" />
      <TestMethod codeBase="C:\Projetos\PrimoAutoEletrica\Tests\PrimoAutoEletrica.Tests\bin\Debug\net10.0-windows\PrimoAutoEletrica.Tests.dll" adapterTypeName="executor://xunit/VsTestRunner2/netcoreapp" className="PrimoAutoEletrica.Tests.Services.KnowledgeServiceTests" name="ListarCasosPorVeiculo_FiltraCasosDoVeiculoCorretamente" />
    </UnitTest>
    <UnitTest name="PrimoAutoEletrica.Tests.Services.DefeitosRecorrentesConsolidationTests.VariosHistoricos_MesmoDefeitoApareceComQuantidade2" storage="c:\projetos\primoautoeletrica\tests\primoautoeletrica.tests\bin\debug\net10.0-windows\primoautoeletrica.tests.dll" id="00891c22-c01c-f7e6-85b4-3f8f7cd11e76">
      <Execution id="d29b1682-83b2-4b20-80da-ee352a129e72" />
      <TestMethod codeBase="C:\Projetos\PrimoAutoEletrica\Tests\PrimoAutoEletrica.Tests\bin\Debug\net10.0-windows\PrimoAutoEletrica.Tests.dll" adapterTypeName="executor://xunit/VsTestRunner2/netcoreapp" className="PrimoAutoEletrica.Tests.Services.DefeitosRecorrentesConsolidationTests" name="VariosHistoricos_MesmoDefeitoApareceComQuantidade2" />
    </UnitTest>
    <UnitTest name="PrimoAutoEletrica.Tests.NovoAgendamentoPrefillTests.PrefillFromCliente_UsesPreferredVehicleWhenProvided" storage="c:\projetos\primoautoeletrica\tests\primoautoeletrica.tests\bin\debug\net10.0-windows\primoautoeletrica.tests.dll" id="5c56e22b-5f24-f044-7ee0-ef656d06afb2">
      <Execution id="4e266b42-9d6b-45f1-be8f-0c9eb1682eea" />
      <TestMethod codeBase="C:\Projetos\PrimoAutoEletrica\Tests\PrimoAutoEletrica.Tests\bin\Debug\net10.0-windows\PrimoAutoEletrica.Tests.dll" adapterTypeName="executor://xunit/VsTestRunner2/netcoreapp" className="PrimoAutoEletrica.Tests.NovoAgendamentoPrefillTests" name="PrefillFromCliente_UsesPreferredVehicleWhenProvided" />
    </UnitTest>
    <UnitTest name="PrimoAutoEletrica.Tests.Services.BaseConhecimentoOwnerHarnessRegressionTests.BaseConhecimento_UsesWindowOwnerHelper_NotRawOwnerAssign" storage="c:\projetos\primoautoeletrica\tests\primoautoeletrica.tests\bin\debug\net10.0-windows\primoautoeletrica.tests.dll" id="45e0ac52-d341-7f24-298d-6733f47d4534">
      <Execution id="25b19efc-19a4-471b-a343-80e45af70c82" />
      <TestMethod codeBase="C:\Projetos\PrimoAutoEletrica\Tests\PrimoAutoEletrica.Tests\bin\Debug\net10.0-windows\PrimoAutoEletrica.Tests.dll" adapterTypeName="executor://xunit/VsTestRunner2/netcoreapp" className="PrimoAutoEletrica.Tests.Services.BaseConhecimentoOwnerHarnessRegressionTests" name="BaseConhecimento_UsesWindowOwnerHelper_NotRawOwnerAssign" />
    </UnitTest>
    <UnitTest name="PrimoAutoEletrica.Tests.Services.DiagnosticoTecnicoServiceTests.SalvarDiagnostico_SemVeiculoId_LancaArgumentException" storage="c:\projetos\primoautoeletrica\tests\primoautoeletrica.tests\bin\debug\net10.0-windows\primoautoeletrica.tests.dll" id="3727c84e-108a-c594-09b5-e2851dfa079d">
      <Execution id="24edfd98-dfd4-4c88-bbb2-4fad57adf692" />
      <TestMethod codeBase="C:\Projetos\PrimoAutoEletrica\Tests\PrimoAutoEletrica.Tests\bin\Debug\net10.0-windows\PrimoAutoEletrica.Tests.dll" adapterTypeName="executor://xunit/VsTestRunner2/netcoreapp" className="PrimoAutoEletrica.Tests.Services.DiagnosticoTecnicoServiceTests" name="SalvarDiagnostico_SemVeiculoId_LancaArgumentException" />
    </UnitTest>
    <UnitTest name="PrimoAutoEletrica.Tests.C1.C1BugFixRegressionTests.Bug001_NecessidadesCompraControl_DeveInicializarSemXamlParseException" storage="c:\projetos\primoautoeletrica\tests\primoautoeletrica.tests\bin\debug\net10.0-windows\primoautoeletrica.tests.dll" id="c68b053b-6301-7393-a962-96797436b44f">
      <Execution id="88087afe-b112-4234-8eac-3290d2981763" />
      <TestMethod codeBase="C:\Projetos\PrimoAutoEletrica\Tests\PrimoAutoEletrica.Tests\bin\Debug\net10.0-windows\PrimoAutoEletrica.Tests.dll" adapterTypeName="executor://xunit/VsTestRunner2/netcoreapp" className="PrimoAutoEletrica.Tests.C1.C1BugFixRegressionTests" name="Bug001_NecessidadesCompraControl_DeveInicializarSemXamlParseException" />
    </UnitTest>
    <UnitTest name="PrimoAutoEletrica.Tests.VeiculoOrcamentoWorkflowTests.Test_ValidacaoPlaca_NovosPadroes" storage="c:\projetos\primoautoeletrica\tests\primoautoeletrica.tests\bin\debug\net10.0-windows\primoautoeletrica.tests.dll" id="b3bd4dce-a337-b7fa-2521-9a7d70135257">
      <Execution id="b1653ada-68a9-421d-95ff-ca37e7bac989" />
      <TestMethod codeBase="C:\Projetos\PrimoAutoEletrica\Tests\PrimoAutoEletrica.Tests\bin\Debug\net10.0-windows\PrimoAutoEletrica.Tests.dll" adapterTypeName="executor://xunit/VsTestRunner2/netcoreapp" className="PrimoAutoEletrica.Tests.VeiculoOrcamentoWorkflowTests" name="Test_ValidacaoPlaca_NovosPadroes" />
    </UnitTest>
    <UnitTest name="PrimoAutoEletrica.Tests.C1.C1BugFixRegressionTests.Bug001_BaseConhecimentoControl_DeveInicializarSemXamlParseException" storage="c:\projetos\primoautoeletrica\tests\primoautoeletrica.tests\bin\debug\net10.0-windows\primoautoeletrica.tests.dll" id="4aed0e6d-5c4b-e7bf-95ff-19119eb3e5fd">
      <Execution id="115ff0bd-ce2f-4c4d-ab83-a3e18a6895cc" />
      <TestMethod codeBase="C:\Projetos\PrimoAutoEletrica\Tests\PrimoAutoEletrica.Tests\bin\Debug\net10.0-windows\PrimoAutoEletrica.Tests.dll" adapterTypeName="executor://xunit/VsTestRunner2/netcoreapp" className="PrimoAutoEletrica.Tests.C1.C1BugFixRegressionTests" name="Bug001_BaseConhecimentoControl_DeveInicializarSemXamlParseException" />
    </UnitTest>
    <UnitTest name="PrimoAutoEletrica.Tests.NovoAgendamentoPrefillTests.PrefillFromCliente_SetsClienteIdAndContactFields" storage="c:\projetos\primoautoeletrica\tests\primoautoeletrica.tests\bin\debug\net10.0-windows\primoautoeletrica.tests.dll" id="e634ce8c-80d3-65c2-88de-702fc9d064d1">
      <Execution id="f7b43a52-c094-4f42-93b3-e1263367eb84" />
      <TestMethod codeBase="C:\Projetos\PrimoAutoEletrica\Tests\PrimoAutoEletrica.Tests\bin\Debug\net10.0-windows\PrimoAutoEletrica.Tests.dll" adapterTypeName="executor://xunit/VsTestRunner2/netcoreapp" className="PrimoAutoEletrica.Tests.NovoAgendamentoPrefillTests" name="PrefillFromCliente_SetsClienteIdAndContactFields" />
    </UnitTest>
    <UnitTest name="PrimoAutoEletrica.Tests.Services.LucroPorServicoMathTests.LucroBruto_ReceitaMenosCusto_ExatoEmCentavos(receita: 0,05, custo: 0,01, lucroEsperado: 0,04)" storage="c:\projetos\primoautoeletrica\tests\primoautoeletrica.tests\bin\debug\net10.0-windows\primoautoeletrica.tests.dll" id="9ea5e8ed-2325-88ca-2372-ad88dc87f823">
      <Execution id="37a91d54-9da7-4e55-ab38-7cd6c26b8d3b" />
      <TestMethod codeBase="C:\Projetos\PrimoAutoEletrica\Tests\PrimoAutoEletrica.Tests\bin\Debug\net10.0-windows\PrimoAutoEletrica.Tests.dll" adapterTypeName="executor://xunit/VsTestRunner2/netcoreapp" className="PrimoAutoEletrica.Tests.Services.LucroPorServicoMathTests" name="LucroBruto_ReceitaMenosCusto_ExatoEmCentavos" />
    </UnitTest>
    <UnitTest name="PrimoAutoEletrica.Tests.C1.C1BugFixRegressionTests.Bug003_FerramentasControl_DeveInicializarSemNullReferenceException" storage="c:\projetos\primoautoeletrica\tests\primoautoeletrica.tests\bin\debug\net10.0-windows\primoautoeletrica.tests.dll" id="854d17a9-91d6-9b59-93d1-484f998be001">
      <Execution id="b542c541-0627-4e1f-9545-77d363a9a7a0" />
      <TestMethod codeBase="C:\Projetos\PrimoAutoEletrica\Tests\PrimoAutoEletrica.Tests\bin\Debug\net10.0-windows\PrimoAutoEletrica.Tests.dll" adapterTypeName="executor://xunit/VsTestRunner2/netcoreapp" className="PrimoAutoEletrica.Tests.C1.C1BugFixRegressionTests" name="Bug003_FerramentasControl_DeveInicializarSemNullReferenceException" />
    </UnitTest>
    <UnitTest name="PrimoAutoEletrica.Tests.Services.DefeitosRecorrentesConsolidationTests.PecaGarantiaModelo_ConsolidadosQuandoPresentes" storage="c:\projetos\primoautoeletrica\tests\primoautoeletrica.tests\bin\debug\net10.0-windows\primoautoeletrica.tests.dll" id="24a77ce2-981e-9948-faa7-6deebf45884c">
      <Execution id="68362ad6-2524-49da-bcea-6f48866fdd27" />
      <TestMethod codeBase="C:\Projetos\PrimoAutoEletrica\Tests\PrimoAutoEletrica.Tests\bin\Debug\net10.0-windows\PrimoAutoEletrica.Tests.dll" adapterTypeName="executor://xunit/VsTestRunner2/netcoreapp" className="PrimoAutoEletrica.Tests.Services.DefeitosRecorrentesConsolidationTests" name="PecaGarantiaModelo_ConsolidadosQuandoPresentes" />
    </UnitTest>
    <UnitTest name="PrimoAutoEletrica.Tests.Services.LucroPorServicoMathTests.LucroBruto_ReceitaMenosCusto_ExatoEmCentavos(receita: 100,50, custo: 25,25, lucroEsperado: 75,25)" storage="c:\projetos\primoautoeletrica\tests\primoautoeletrica.tests\bin\debug\net10.0-windows\primoautoeletrica.tests.dll" id="b0f5e730-887d-70de-6b96-eda239fd1784">
      <Execution id="13936255-fa80-44b7-b3b0-409c41137d07" />
      <TestMethod codeBase="C:\Projetos\PrimoAutoEletrica\Tests\PrimoAutoEletrica.Tests\bin\Debug\net10.0-windows\PrimoAutoEletrica.Tests.dll" adapterTypeName="executor://xunit/VsTestRunner2/netcoreapp" className="PrimoAutoEletrica.Tests.Services.LucroPorServicoMathTests" name="LucroBruto_ReceitaMenosCusto_ExatoEmCentavos" />
    </UnitTest>
    <UnitTest name="PrimoAutoEletrica.Tests.Services.ClientesHarnessRoutingRegressionTests.Helpers_RoteiaClientesControlParaHarnessDedicado" storage="c:\projetos\primoautoeletrica\tests\primoautoeletrica.tests\bin\debug\net10.0-windows\primoautoeletrica.tests.dll" id="90c98a90-ec51-282a-0249-734747be05cc">
      <Execution id="8dec2a9a-f63a-4db4-a830-3149b950a6af" />
      <TestMethod codeBase="C:\Projetos\PrimoAutoEletrica\Tests\PrimoAutoEletrica.Tests\bin\Debug\net10.0-windows\PrimoAutoEletrica.Tests.dll" adapterTypeName="executor://xunit/VsTestRunner2/netcoreapp" className="PrimoAutoEletrica.Tests.Services.ClientesHarnessRoutingRegressionTests" name="Helpers_RoteiaClientesControlParaHarnessDedicado" />
    </UnitTest>
    <UnitTest name="PrimoAutoEletrica.Tests.Services.AgendamentoNullDurationMaterializationTests.ObterTodosAgendamentos_FromOperacionalCopy_NullDuracaoEstimada_MapsToZero" storage="c:\projetos\primoautoeletrica\tests\primoautoeletrica.tests\bin\debug\net10.0-windows\primoautoeletrica.tests.dll" id="5bb39127-58fc-d191-e9ca-daeb8467b671">
      <Execution id="6433dfe3-f06e-4eaf-badd-4b30bd006f3e" />
      <TestMethod codeBase="C:\Projetos\PrimoAutoEletrica\Tests\PrimoAutoEletrica.Tests\bin\Debug\net10.0-windows\PrimoAutoEletrica.Tests.dll" adapterTypeName="executor://xunit/VsTestRunner2/netcoreapp" className="PrimoAutoEletrica.Tests.Services.AgendamentoNullDurationMaterializationTests" name="ObterTodosAgendamentos_FromOperacionalCopy_NullDuracaoEstimada_MapsToZero" />
    </UnitTest>
    <UnitTest name="PrimoAutoEletrica.Tests.Services.ChecklistTecnicoServiceTests.ListarPorVeiculoId_RetornaMultiplosChecklistsSemSobrescrever" storage="c:\projetos\primoautoeletrica\tests\primoautoeletrica.tests\bin\debug\net10.0-windows\primoautoeletrica.tests.dll" id="4139219d-72ee-9676-afc4-bf03e590fb87">
      <Execution id="ee37e4c0-b3fc-4383-b1a5-6a6e61668103" />
      <TestMethod codeBase="C:\Projetos\PrimoAutoEletrica\Tests\PrimoAutoEletrica.Tests\bin\Debug\net10.0-windows\PrimoAutoEletrica.Tests.dll" adapterTypeName="executor://xunit/VsTestRunner2/netcoreapp" className="PrimoAutoEletrica.Tests.Services.ChecklistTecnicoServiceTests" name="ListarPorVeiculoId_RetornaMultiplosChecklistsSemSobrescrever" />
    </UnitTest>
    <UnitTest name="PrimoAutoEletrica.Tests.Services.AgendamentoNullDurationMaterializationTests.ObterTodosAgendamentos_InMemory_NullOrdinal6_AndFilledDuration" storage="c:\projetos\primoautoeletrica\tests\primoautoeletrica.tests\bin\debug\net10.0-windows\primoautoeletrica.tests.dll" id="3c3f75fb-feab-0712-b729-a07731903b20">
      <Execution id="e298a808-9863-4f97-8fa8-8603e91cb6c1" />
      <TestMethod codeBase="C:\Projetos\PrimoAutoEletrica\Tests\PrimoAutoEletrica.Tests\bin\Debug\net10.0-windows\PrimoAutoEletrica.Tests.dll" adapterTypeName="executor://xunit/VsTestRunner2/netcoreapp" className="PrimoAutoEletrica.Tests.Services.AgendamentoNullDurationMaterializationTests" name="ObterTodosAgendamentos_InMemory_NullOrdinal6_AndFilledDuration" />
    </UnitTest>
    <UnitTest name="PrimoAutoEletrica.Tests.Services.LucroPorServicoMathTests.LucroBruto_ReceitaMenosCusto_ExatoEmCentavos(receita: 100,00, custo: 40,00, lucroEsperado: 60,00)" storage="c:\projetos\primoautoeletrica\tests\primoautoeletrica.tests\bin\debug\net10.0-windows\primoautoeletrica.tests.dll" id="82501b74-606c-06c0-a237-92c99c7d02af">
      <Execution id="19b57310-be3d-4f62-b307-2c8cdddfcd11" />
      <TestMethod codeBase="C:\Projetos\PrimoAutoEletrica\Tests\PrimoAutoEletrica.Tests\bin\Debug\net10.0-windows\PrimoAutoEletrica.Tests.dll" adapterTypeName="executor://xunit/VsTestRunner2/netcoreapp" className="PrimoAutoEletrica.Tests.Services.LucroPorServicoMathTests" name="LucroBruto_ReceitaMenosCusto_ExatoEmCentavos" />
    </UnitTest>
    <UnitTest name="PrimoAutoEletrica.Tests.C1.C1BugFixRegressionTests.Bug002_CatalogoPecasViewModel_SemPermissao_NaoDeveHabilitarCriacaoDeProduto" storage="c:\projetos\primoautoeletrica\tests\primoautoeletrica.tests\bin\debug\net10.0-windows\primoautoeletrica.tests.dll" id="fcf75fff-f440-bdcb-31ef-a2727f545a44">
      <Execution id="a32dcc52-360f-412a-9e1e-8e3cad5a1559" />
      <TestMethod codeBase="C:\Projetos\PrimoAutoEletrica\Tests\PrimoAutoEletrica.Tests\bin\Debug\net10.0-windows\PrimoAutoEletrica.Tests.dll" adapterTypeName="executor://xunit/VsTestRunner2/netcoreapp" className="PrimoAutoEletrica.Tests.C1.C1BugFixRegressionTests" name="Bug002_CatalogoPecasViewModel_SemPermissao_NaoDeveHabilitarCriacaoDeProduto" />
    </UnitTest>
    <UnitTest name="PrimoAutoEletrica.Tests.C1.C1BugFixRegressionTests.Bug002_TemPermissaoCodigo_Administrador_DeveTerPermissaoEstoqueCriar" storage="c:\projetos\primoautoeletrica\tests\primoautoeletrica.tests\bin\debug\net10.0-windows\primoautoeletrica.tests.dll" id="014914e5-20d3-0e50-cdfc-94b7eefeba0f">
      <Execution id="5cf95f16-ea46-4734-9fbc-c2f676605add" />
      <TestMethod codeBase="C:\Projetos\PrimoAutoEletrica\Tests\PrimoAutoEletrica.Tests\bin\Debug\net10.0-windows\PrimoAutoEletrica.Tests.dll" adapterTypeName="executor://xunit/VsTestRunner2/netcoreapp" className="PrimoAutoEletrica.Tests.C1.C1BugFixRegressionTests" name="Bug002_TemPermissaoCodigo_Administrador_DeveTerPermissaoEstoqueCriar" />
    </UnitTest>
    <UnitTest name="PrimoAutoEletrica.Tests.Services.ChecklistPosVendaE2ETests.HistoricoAB_MesmoVeiculoDuasOS_A_NaoIgual_B_SemSobrescrita" storage="c:\projetos\primoautoeletrica\tests\primoautoeletrica.tests\bin\debug\net10.0-windows\primoautoeletrica.tests.dll" id="13b58deb-44fd-8e98-0599-85df2b933c7d">
      <Execution id="fada0f36-4494-48cd-9610-f9dd565153fb" />
      <TestMethod codeBase="C:\Projetos\PrimoAutoEletrica\Tests\PrimoAutoEletrica.Tests\bin\Debug\net10.0-windows\PrimoAutoEletrica.Tests.dll" adapterTypeName="executor://xunit/VsTestRunner2/netcoreapp" className="PrimoAutoEletrica.Tests.Services.ChecklistPosVendaE2ETests" name="HistoricoAB_MesmoVeiculoDuasOS_A_NaoIgual_B_SemSobrescrita" />
    </UnitTest>
    <UnitTest name="PrimoAutoEletrica.Tests.C1.C1BugFixRegressionTests.Bug002_TemPermissao_ComCodigoAcao_DeveRetornarFalse_ProvandoDiferencaSemantica" storage="c:\projetos\primoautoeletrica\tests\primoautoeletrica.tests\bin\debug\net10.0-windows\primoautoeletrica.tests.dll" id="c2fd4bd1-c494-480c-8092-ff4f6fa6c14b">
      <Execution id="92f652d8-aadb-4525-9ecd-98291e1a30cc" />
      <TestMethod codeBase="C:\Projetos\PrimoAutoEletrica\Tests\PrimoAutoEletrica.Tests\bin\Debug\net10.0-windows\PrimoAutoEletrica.Tests.dll" adapterTypeName="executor://xunit/VsTestRunner2/netcoreapp" className="PrimoAutoEletrica.Tests.C1.C1BugFixRegressionTests" name="Bug002_TemPermissao_ComCodigoAcao_DeveRetornarFalse_ProvandoDiferencaSemantica" />
    </UnitTest>
    <UnitTest name="PrimoAutoEletrica.Tests.Services.DefeitosRecorrentesConsolidationTests.RecenteComPoucos_NaoECortadoPorLegadoComTake5" storage="c:\projetos\primoautoeletrica\tests\primoautoeletrica.tests\bin\debug\net10.0-windows\primoautoeletrica.tests.dll" id="da54837f-7de5-90a0-a1b6-98a8f5009ab6">
      <Execution id="611bd371-f697-44ea-9431-08d67c96332e" />
      <TestMethod codeBase="C:\Projetos\PrimoAutoEletrica\Tests\PrimoAutoEletrica.Tests\bin\Debug\net10.0-windows\PrimoAutoEletrica.Tests.dll" adapterTypeName="executor://xunit/VsTestRunner2/netcoreapp" className="PrimoAutoEletrica.Tests.Services.DefeitosRecorrentesConsolidationTests" name="RecenteComPoucos_NaoECortadoPorLegadoComTake5" />
    </UnitTest>
    <UnitTest name="PrimoAutoEletrica.Tests.Services.DefeitosRecorrentesConsolidationTests.UmHistorico_NaoEntraEmMesmoDefeito" storage="c:\projetos\primoautoeletrica\tests\primoautoeletrica.tests\bin\debug\net10.0-windows\primoautoeletrica.tests.dll" id="13d58bdc-d5cf-380e-3ed3-7809a2ed350e">
      <Execution id="b6ebbcf3-61b0-41aa-a0a1-df201a43f55d" />
      <TestMethod codeBase="C:\Projetos\PrimoAutoEletrica\Tests\PrimoAutoEletrica.Tests\bin\Debug\net10.0-windows\PrimoAutoEletrica.Tests.dll" adapterTypeName="executor://xunit/VsTestRunner2/netcoreapp" className="PrimoAutoEletrica.Tests.Services.DefeitosRecorrentesConsolidationTests" name="UmHistorico_NaoEntraEmMesmoDefeito" />
    </UnitTest>
    <UnitTest name="PrimoAutoEletrica.Tests.Money.MoneyPreProductionGateTests.PrimoxFlows_Cliente_Veiculo_Integridade360_Por_Id" storage="c:\projetos\primoautoeletrica\tests\primoautoeletrica.tests\bin\debug\net10.0-windows\primoautoeletrica.tests.dll" id="d7779dad-f2de-5ef6-5740-a755f162cf03">
      <Execution id="321ca62a-2fe4-4f26-a9fa-0a2dd8172c84" />
      <TestMethod codeBase="C:\Projetos\PrimoAutoEletrica\Tests\PrimoAutoEletrica.Tests\bin\Debug\net10.0-windows\PrimoAutoEletrica.Tests.dll" adapterTypeName="executor://xunit/VsTestRunner2/netcoreapp" className="PrimoAutoEletrica.Tests.Money.MoneyPreProductionGateTests" name="PrimoxFlows_Cliente_Veiculo_Integridade360_Por_Id" />
    </UnitTest>
    <UnitTest name="PrimoAutoEletrica.Tests.Services.BaseConhecimentoOwnerHarnessRegressionTests.ExerciseInteractionSurface_EnsuresHostOperationalBeforeClick" storage="c:\projetos\primoautoeletrica\tests\primoautoeletrica.tests\bin\debug\net10.0-windows\primoautoeletrica.tests.dll" id="731210dd-0bef-eb4c-ae87-69a2f1050b94">
      <Execution id="e9187c1c-84a8-42ba-8dd4-a80f40902f45" />
      <TestMethod codeBase="C:\Projetos\PrimoAutoEletrica\Tests\PrimoAutoEletrica.Tests\bin\Debug\net10.0-windows\PrimoAutoEletrica.Tests.dll" adapterTypeName="executor://xunit/VsTestRunner2/netcoreapp" className="PrimoAutoEletrica.Tests.Services.BaseConhecimentoOwnerHarnessRegressionTests" name="ExerciseInteractionSurface_EnsuresHostOperationalBeforeClick" />
    </UnitTest>
    <UnitTest name="PrimoAutoEletrica.Tests.Services.ChecklistPosVendaE2ETests.FluxoCompleto_E2E_Cliente_Veiculo_OS_Checklist_Diagnostico_PosVenda_PreservaTodosIDs" storage="c:\projetos\primoautoeletrica\tests\primoautoeletrica.tests\bin\debug\net10.0-windows\primoautoeletrica.tests.dll" id="84fe22bb-2160-d9ca-cf9b-94df73286551">
      <Execution id="ff03b481-ea6b-4cf5-966f-604c042de375" />
      <TestMethod codeBase="C:\Projetos\PrimoAutoEletrica\Tests\PrimoAutoEletrica.Tests\bin\Debug\net10.0-windows\PrimoAutoEletrica.Tests.dll" adapterTypeName="executor://xunit/VsTestRunner2/netcoreapp" className="PrimoAutoEletrica.Tests.Services.ChecklistPosVendaE2ETests" name="FluxoCompleto_E2E_Cliente_Veiculo_OS_Checklist_Diagnostico_PosVenda_PreservaTodosIDs" />
    </UnitTest>
    <UnitTest name="PrimoAutoEletrica.Tests.Primox360ServiceTests.Case01_Cliente_UmVeiculo_UmaOs_ReceitaPorId" storage="c:\projetos\primoautoeletrica\tests\primoautoeletrica.tests\bin\debug\net10.0-windows\primoautoeletrica.tests.dll" id="8d01e030-045b-ef31-c1c9-5cddf0f63ae9">
      <Execution id="80771809-1868-4c16-86d4-480608d35335" />
      <TestMethod codeBase="C:\Projetos\PrimoAutoEletrica\Tests\PrimoAutoEletrica.Tests\bin\Debug\net10.0-windows\PrimoAutoEletrica.Tests.dll" adapterTypeName="executor://xunit/VsTestRunner2/netcoreapp" className="PrimoAutoEletrica.Tests.Primox360ServiceTests" name="Case01_Cliente_UmVeiculo_UmaOs_ReceitaPorId" />
    </UnitTest>
    <UnitTest name="PrimoAutoEletrica.Tests.Services.LucroPorServicoMathTests.LucroBruto_ReceitaMenosCusto_ExatoEmCentavos(receita: 0,99, custo: 0,50, lucroEsperado: 0,49)" storage="c:\projetos\primoautoeletrica\tests\primoautoeletrica.tests\bin\debug\net10.0-windows\primoautoeletrica.tests.dll" id="87f601f9-3997-2153-d46f-40413b5145a9">
      <Execution id="7b7bedcf-9206-4f96-a993-a93665c369ea" />
      <TestMethod codeBase="C:\Projetos\PrimoAutoEletrica\Tests\PrimoAutoEletrica.Tests\bin\Debug\net10.0-windows\PrimoAutoEletrica.Tests.dll" adapterTypeName="executor://xunit/VsTestRunner2/netcoreapp" className="PrimoAutoEletrica.Tests.Services.LucroPorServicoMathTests" name="LucroBruto_ReceitaMenosCusto_ExatoEmCentavos" />
    </UnitTest>
    <UnitTest name="PrimoAutoEletrica.Tests.Services.LucroPorServicoMathTests.LucroBruto_ReceitaMenosCusto_ExatoEmCentavos(receita: 0,01, custo: 0,00, lucroEsperado: 0,01)" storage="c:\projetos\primoautoeletrica\tests\primoautoeletrica.tests\bin\debug\net10.0-windows\primoautoeletrica.tests.dll" id="4796c7ca-ffb3-ded9-452e-f5d911e2921a">
      <Execution id="14c43aff-c818-46f3-836f-b44bea36ea1c" />
      <TestMethod codeBase="C:\Projetos\PrimoAutoEletrica\Tests\PrimoAutoEletrica.Tests\bin\Debug\net10.0-windows\PrimoAutoEletrica.Tests.dll" adapterTypeName="executor://xunit/VsTestRunner2/netcoreapp" className="PrimoAutoEletrica.Tests.Services.LucroPorServicoMathTests" name="LucroBruto_ReceitaMenosCusto_ExatoEmCentavos" />
    </UnitTest>
    <UnitTest name="PrimoAutoEletrica.Tests.Primox360ServiceTests.Case02_DoisVeiculos_OsNaoCruzam" storage="c:\projetos\primoautoeletrica\tests\primoautoeletrica.tests\bin\debug\net10.0-windows\primoautoeletrica.tests.dll" id="e1a861aa-40e6-b6fd-a6c0-83bb444ba050">
      <Execution id="4d440148-74cf-45fc-9b7a-b795fb80437d" />
      <TestMethod codeBase="C:\Projetos\PrimoAutoEletrica\Tests\PrimoAutoEletrica.Tests\bin\Debug\net10.0-windows\PrimoAutoEletrica.Tests.dll" adapterTypeName="executor://xunit/VsTestRunner2/netcoreapp" className="PrimoAutoEletrica.Tests.Primox360ServiceTests" name="Case02_DoisVeiculos_OsNaoCruzam" />
    </UnitTest>
    <UnitTest name="PrimoAutoEletrica.Tests.Services.LucroPorServicoMathTests.LucroBruto_ReceitaMenosCusto_ExatoEmCentavos(receita: 10,99, custo: 4,50, lucroEsperado: 6,49)" storage="c:\projetos\primoautoeletrica\tests\primoautoeletrica.tests\bin\debug\net10.0-windows\primoautoeletrica.tests.dll" id="2bb5985c-3cc5-9532-2516-a8822c6cbda3">
      <Execution id="dda98310-2b97-4ccb-9d49-af08f5113713" />
      <TestMethod codeBase="C:\Projetos\PrimoAutoEletrica\Tests\PrimoAutoEletrica.Tests\bin\Debug\net10.0-windows\PrimoAutoEletrica.Tests.dll" adapterTypeName="executor://xunit/VsTestRunner2/netcoreapp" className="PrimoAutoEletrica.Tests.Services.LucroPorServicoMathTests" name="LucroBruto_ReceitaMenosCusto_ExatoEmCentavos" />
    </UnitTest>
    <UnitTest name="PrimoAutoEletrica.Tests.Services.LucroPorServicoMathTests.ObterLucroPorServico_IncluiServicoSinteticoComLucroExato_ELimite50" storage="c:\projetos\primoautoeletrica\tests\primoautoeletrica.tests\bin\debug\net10.0-windows\primoautoeletrica.tests.dll" id="1855e901-193d-204b-2aef-49c9950362e0">
      <Execution id="d0b6ef0a-f392-45bd-b524-6eb76a8ad4d6" />
      <TestMethod codeBase="C:\Projetos\PrimoAutoEletrica\Tests\PrimoAutoEletrica.Tests\bin\Debug\net10.0-windows\PrimoAutoEletrica.Tests.dll" adapterTypeName="executor://xunit/VsTestRunner2/netcoreapp" className="PrimoAutoEletrica.Tests.Services.LucroPorServicoMathTests" name="ObterLucroPorServico_IncluiServicoSinteticoComLucroExato_ELimite50" />
    </UnitTest>
    <UnitTest name="PrimoAutoEletrica.Tests.Services.BaseConhecimentoOwnerHarnessRegressionTests.Ferramentas_UsesWindowOwnerHelper_NotRawOwnerAssign" storage="c:\projetos\primoautoeletrica\tests\primoautoeletrica.tests\bin\debug\net10.0-windows\primoautoeletrica.tests.dll" id="e3ed635b-a393-c987-93f9-136c7b55b4a7">
      <Execution id="76e8c0fa-928f-4731-97b3-96e7f4f552af" />
      <TestMethod codeBase="C:\Projetos\PrimoAutoEletrica\Tests\PrimoAutoEletrica.Tests\bin\Debug\net10.0-windows\PrimoAutoEletrica.Tests.dll" adapterTypeName="executor://xunit/VsTestRunner2/netcoreapp" className="PrimoAutoEletrica.Tests.Services.BaseConhecimentoOwnerHarnessRegressionTests" name="Ferramentas_UsesWindowOwnerHelper_NotRawOwnerAssign" />
    </UnitTest>
    <UnitTest name="PrimoAutoEletrica.Tests.Services.ChecklistTecnicoServiceTests.SalvarChecklist_SemVeiculoId_LancaArgumentException" storage="c:\projetos\primoautoeletrica\tests\primoautoeletrica.tests\bin\debug\net10.0-windows\primoautoeletrica.tests.dll" id="eee480e3-69e0-235a-84c0-57ba27cf1413">
      <Execution id="8ef5c778-5adb-49b8-a980-c90193f0dc4d" />
      <TestMethod codeBase="C:\Projetos\PrimoAutoEletrica\Tests\PrimoAutoEletrica.Tests\bin\Debug\net10.0-windows\PrimoAutoEletrica.Tests.dll" adapterTypeName="executor://xunit/VsTestRunner2/netcoreapp" className="PrimoAutoEletrica.Tests.Services.ChecklistTecnicoServiceTests" name="SalvarChecklist_SemVeiculoId_LancaArgumentException" />
    </UnitTest>
    <UnitTest name="PrimoAutoEletrica.Tests.Services.BaseConhecimentoOwnerHarnessRegressionTests.Supervisor_DisposeDrainsDispatcher_AndSkipsSmokeHosts" storage="c:\projetos\primoautoeletrica\tests\primoautoeletrica.tests\bin\debug\net10.0-windows\primoautoeletrica.tests.dll" id="736e4735-d7ec-523b-3862-dbaee2573967">
      <Execution id="09a88335-7c15-4e06-b8ea-47234deb2c60" />
      <TestMethod codeBase="C:\Projetos\PrimoAutoEletrica\Tests\PrimoAutoEletrica.Tests\bin\Debug\net10.0-windows\PrimoAutoEletrica.Tests.dll" adapterTypeName="executor://xunit/VsTestRunner2/netcoreapp" className="PrimoAutoEletrica.Tests.Services.BaseConhecimentoOwnerHarnessRegressionTests" name="Supervisor_DisposeDrainsDispatcher_AndSkipsSmokeHosts" />
    </UnitTest>
    <UnitTest name="PrimoAutoEletrica.Tests.Services.LucroPorServicoMathTests.LucroBruto_ReceitaMenosCusto_ExatoEmCentavos(receita: 10000,99, custo: 1,00, lucroEsperado: 9999,99)" storage="c:\projetos\primoautoeletrica\tests\primoautoeletrica.tests\bin\debug\net10.0-windows\primoautoeletrica.tests.dll" id="a9347fd9-2191-fdc1-96bd-db2c8c5c33cd">
      <Execution id="ccb2c692-cb77-4cf8-917b-9c627fa18ae0" />
      <TestMethod codeBase="C:\Projetos\PrimoAutoEletrica\Tests\PrimoAutoEletrica.Tests\bin\Debug\net10.0-windows\PrimoAutoEletrica.Tests.dll" adapterTypeName="executor://xunit/VsTestRunner2/netcoreapp" className="PrimoAutoEletrica.Tests.Services.LucroPorServicoMathTests" name="LucroBruto_ReceitaMenosCusto_ExatoEmCentavos" />
    </UnitTest>
    <UnitTest name="PrimoAutoEletrica.Tests.Services.PosVendaServiceTests.HistoricoAcumulativo_MesmoClienteMesmoVeiculoDuasOS_MantemAmbosSeparados" storage="c:\projetos\primoautoeletrica\tests\primoautoeletrica.tests\bin\debug\net10.0-windows\primoautoeletrica.tests.dll" id="f27f0d32-c286-614c-8ae3-9aed43b1647a">
      <Execution id="6bb3f5a5-bdff-4144-90e0-ba1519b0108c" />
      <TestMethod codeBase="C:\Projetos\PrimoAutoEletrica\Tests\PrimoAutoEletrica.Tests\bin\Debug\net10.0-windows\PrimoAutoEletrica.Tests.dll" adapterTypeName="executor://xunit/VsTestRunner2/netcoreapp" className="PrimoAutoEletrica.Tests.Services.PosVendaServiceTests" name="HistoricoAcumulativo_MesmoClienteMesmoVeiculoDuasOS_MantemAmbosSeparados" />
    </UnitTest>
    <UnitTest name="PrimoAutoEletrica.Tests.C1.C1BugFixRegressionTests.Bug002_CatalogoPecasViewModel_Admin_DeveHabilitarCriacaoDeProduto" storage="c:\projetos\primoautoeletrica\tests\primoautoeletrica.tests\bin\debug\net10.0-windows\primoautoeletrica.tests.dll" id="688b0bce-1c73-d122-f778-ec431aae0981">
      <Execution id="19f54c4f-707d-4d59-97eb-d4dff5a710f9" />
      <TestMethod codeBase="C:\Projetos\PrimoAutoEletrica\Tests\PrimoAutoEletrica.Tests\bin\Debug\net10.0-windows\PrimoAutoEletrica.Tests.dll" adapterTypeName="executor://xunit/VsTestRunner2/netcoreapp" className="PrimoAutoEletrica.Tests.C1.C1BugFixRegressionTests" name="Bug002_CatalogoPecasViewModel_Admin_DeveHabilitarCriacaoDeProduto" />
    </UnitTest>
    <UnitTest name="PrimoAutoEletrica.Tests.PosVendaServiceTests.Validacao_ExigeClienteIdEVeiculoIdValidos" storage="c:\projetos\primoautoeletrica\tests\primoautoeletrica.tests\bin\debug\net10.0-windows\primoautoeletrica.tests.dll" id="e3195fbc-ebec-2875-3d2f-ebe260e630c1">
      <Execution id="f28258a5-8d1d-4371-a086-63c70350d890" />
      <TestMethod codeBase="C:\Projetos\PrimoAutoEletrica\Tests\PrimoAutoEletrica.Tests\bin\Debug\net10.0-windows\PrimoAutoEletrica.Tests.dll" adapterTypeName="executor://xunit/VsTestRunner2/netcoreapp" className="PrimoAutoEletrica.Tests.PosVendaServiceTests" name="Validacao_ExigeClienteIdEVeiculoIdValidos" />
    </UnitTest>
    <UnitTest name="PrimoAutoEletrica.Tests.C1.C1BugFixRegressionTests.Bug002_TemPermissaoCodigo_UsuarioSemPermissao_DeveSerNegado_FailClosed" storage="c:\projetos\primoautoeletrica\tests\primoautoeletrica.tests\bin\debug\net10.0-windows\primoautoeletrica.tests.dll" id="cf0db433-8324-14ae-ba2f-7331fe5c1e0c">
      <Execution id="d37a0af3-fec6-4634-b5ee-75cbbbf0c07a" />
      <TestMethod codeBase="C:\Projetos\PrimoAutoEletrica\Tests\PrimoAutoEletrica.Tests\bin\Debug\net10.0-windows\PrimoAutoEletrica.Tests.dll" adapterTypeName="executor://xunit/VsTestRunner2/netcoreapp" className="PrimoAutoEletrica.Tests.C1.C1BugFixRegressionTests" name="Bug002_TemPermissaoCodigo_UsuarioSemPermissao_DeveSerNegado_FailClosed" />
    </UnitTest>
    <UnitTest name="PrimoAutoEletrica.Tests.Services.DiagnosticoTecnicoServiceTests.Primox360Service_IntegracaoVeiculo360EOrdemServico360" storage="c:\projetos\primoautoeletrica\tests\primoautoeletrica.tests\bin\debug\net10.0-windows\primoautoeletrica.tests.dll" id="80e9bd02-efc4-59ce-c686-ec6879394267">
      <Execution id="2d9e87c5-75fe-4c28-a96f-43e850312b63" />
      <TestMethod codeBase="C:\Projetos\PrimoAutoEletrica\Tests\PrimoAutoEletrica.Tests\bin\Debug\net10.0-windows\PrimoAutoEletrica.Tests.dll" adapterTypeName="executor://xunit/VsTestRunner2/netcoreapp" className="PrimoAutoEletrica.Tests.Services.DiagnosticoTecnicoServiceTests" name="Primox360Service_IntegracaoVeiculo360EOrdemServico360" />
    </UnitTest>
    <UnitTest name="PrimoAutoEletrica.Tests.Services.LucroPorServicoMathTests.LucroBruto_ReceitaMenosCusto_ExatoEmCentavos(receita: 1,01, custo: 0,01, lucroEsperado: 1,00)" storage="c:\projetos\primoautoeletrica\tests\primoautoeletrica.tests\bin\debug\net10.0-windows\primoautoeletrica.tests.dll" id="384d426d-12b5-be8d-da61-ac92374ece7f">
      <Execution id="d0e7572d-1fd3-4010-a68f-a8ce016f36b5" />
      <TestMethod codeBase="C:\Projetos\PrimoAutoEletrica\Tests\PrimoAutoEletrica.Tests\bin\Debug\net10.0-windows\PrimoAutoEletrica.Tests.dll" adapterTypeName="executor://xunit/VsTestRunner2/netcoreapp" className="PrimoAutoEletrica.Tests.Services.LucroPorServicoMathTests" name="LucroBruto_ReceitaMenosCusto_ExatoEmCentavos" />
    </UnitTest>
    <UnitTest name="PrimoAutoEletrica.Tests.Services.LucroPorServicoMathTests.LucroBruto_ReceitaMenosCusto_ExatoEmCentavos(receita: 0,10, custo: 0,05, lucroEsperado: 0,05)" storage="c:\projetos\primoautoeletrica\tests\primoautoeletrica.tests\bin\debug\net10.0-windows\primoautoeletrica.tests.dll" id="b2deafe3-eb10-dec8-c272-90c6f1c089c1">
      <Execution id="28541ef7-e3b7-45a5-8f87-26efff083bad" />
      <TestMethod codeBase="C:\Projetos\PrimoAutoEletrica\Tests\PrimoAutoEletrica.Tests\bin\Debug\net10.0-windows\PrimoAutoEletrica.Tests.dll" adapterTypeName="executor://xunit/VsTestRunner2/netcoreapp" className="PrimoAutoEletrica.Tests.Services.LucroPorServicoMathTests" name="LucroBruto_ReceitaMenosCusto_ExatoEmCentavos" />
    </UnitTest>
    <UnitTest name="PrimoAutoEletrica.Tests.Services.LucroPorServicoMathTests.LucroBruto_ReceitaMenosCusto_ExatoEmCentavos(receita: 1000,99, custo: 500,50, lucroEsperado: 500,49)" storage="c:\projetos\primoautoeletrica\tests\primoautoeletrica.tests\bin\debug\net10.0-windows\primoautoeletrica.tests.dll" id="7e33b8ea-c8d3-562e-bd48-8387a571bb16">
      <Execution id="0559269a-13d4-482d-bb4d-007fd0615600" />
      <TestMethod codeBase="C:\Projetos\PrimoAutoEletrica\Tests\PrimoAutoEletrica.Tests\bin\Debug\net10.0-windows\PrimoAutoEletrica.Tests.dll" adapterTypeName="executor://xunit/VsTestRunner2/netcoreapp" className="PrimoAutoEletrica.Tests.Services.LucroPorServicoMathTests" name="LucroBruto_ReceitaMenosCusto_ExatoEmCentavos" />
    </UnitTest>
    <UnitTest name="PrimoAutoEletrica.Tests.Services.DiagnosticoTecnicoServiceTests.SalvarDiagnostico_MultiplosEventosMesmoVeiculo_NaoSobrescreveHistorico" storage="c:\projetos\primoautoeletrica\tests\primoautoeletrica.tests\bin\debug\net10.0-windows\primoautoeletrica.tests.dll" id="e92bbd69-4f57-39ac-44c3-bb8d52c8e934">
      <Execution id="f4db6317-ff89-4605-83f6-5e8deb5edf72" />
      <TestMethod codeBase="C:\Projetos\PrimoAutoEletrica\Tests\PrimoAutoEletrica.Tests\bin\Debug\net10.0-windows\PrimoAutoEletrica.Tests.dll" adapterTypeName="executor://xunit/VsTestRunner2/netcoreapp" className="PrimoAutoEletrica.Tests.Services.DiagnosticoTecnicoServiceTests" name="SalvarDiagnostico_MultiplosEventosMesmoVeiculo_NaoSobrescreveHistorico" />
    </UnitTest>
    <UnitTest name="PrimoAutoEletrica.Tests.Services.DefeitosRecorrentesConsolidationTests.SemHistorico_RetornaListaVazia" storage="c:\projetos\primoautoeletrica\tests\primoautoeletrica.tests\bin\debug\net10.0-windows\primoautoeletrica.tests.dll" id="1871241c-0192-94d6-1889-836d275227fc">
      <Execution id="ab7901ee-cd96-49f6-8af3-be55125373fb" />
      <TestMethod codeBase="C:\Projetos\PrimoAutoEletrica\Tests\PrimoAutoEletrica.Tests\bin\Debug\net10.0-windows\PrimoAutoEletrica.Tests.dll" adapterTypeName="executor://xunit/VsTestRunner2/netcoreapp" className="PrimoAutoEletrica.Tests.Services.DefeitosRecorrentesConsolidationTests" name="SemHistorico_RetornaListaVazia" />
    </UnitTest>
  </TestDefinitions>
  <TestEntries>
    <TestEntry testId="4796c7ca-ffb3-ded9-452e-f5d911e2921a" executionId="14c43aff-c818-46f3-836f-b44bea36ea1c" testListId="8c84fa94-04c1-424b-9868-57a2d4851a1d" />
    <TestEntry testId="1855e901-193d-204b-2aef-49c9950362e0" executionId="d0b6ef0a-f392-45bd-b524-6eb76a8ad4d6" testListId="8c84fa94-04c1-424b-9868-57a2d4851a1d" />
    <TestEntry testId="3727c84e-108a-c594-09b5-e2851dfa079d" executionId="24edfd98-dfd4-4c88-bbb2-4fad57adf692" testListId="8c84fa94-04c1-424b-9868-57a2d4851a1d" />
    <TestEntry testId="6bb53b4a-0422-2c57-cf9d-2930225830bb" executionId="ce91bd2c-3eee-4a7a-ae2f-ec0a204e81aa" testListId="8c84fa94-04c1-424b-9868-57a2d4851a1d" />
    <TestEntry testId="b3bd4dce-a337-b7fa-2521-9a7d70135257" executionId="b1653ada-68a9-421d-95ff-ca37e7bac989" testListId="8c84fa94-04c1-424b-9868-57a2d4851a1d" />
    <TestEntry testId="13d58bdc-d5cf-380e-3ed3-7809a2ed350e" executionId="b6ebbcf3-61b0-41aa-a0a1-df201a43f55d" testListId="8c84fa94-04c1-424b-9868-57a2d4851a1d" />
    <TestEntry testId="9ea5e8ed-2325-88ca-2372-ad88dc87f823" executionId="37a91d54-9da7-4e55-ab38-7cd6c26b8d3b" testListId="8c84fa94-04c1-424b-9868-57a2d4851a1d" />
    <TestEntry testId="e634ce8c-80d3-65c2-88de-702fc9d064d1" executionId="f7b43a52-c094-4f42-93b3-e1263367eb84" testListId="8c84fa94-04c1-424b-9868-57a2d4851a1d" />
    <TestEntry testId="5c56e22b-5f24-f044-7ee0-ef656d06afb2" executionId="4e266b42-9d6b-45f1-be8f-0c9eb1682eea" testListId="8c84fa94-04c1-424b-9868-57a2d4851a1d" />
    <TestEntry testId="2bb5985c-3cc5-9532-2516-a8822c6cbda3" executionId="dda98310-2b97-4ccb-9d49-af08f5113713" testListId="8c84fa94-04c1-424b-9868-57a2d4851a1d" />
    <TestEntry testId="fcf75fff-f440-bdcb-31ef-a2727f545a44" executionId="a32dcc52-360f-412a-9e1e-8e3cad5a1559" testListId="8c84fa94-04c1-424b-9868-57a2d4851a1d" />
    <TestEntry testId="3c3f75fb-feab-0712-b729-a07731903b20" executionId="e298a808-9863-4f97-8fa8-8603e91cb6c1" testListId="8c84fa94-04c1-424b-9868-57a2d4851a1d" />
    <TestEntry testId="cf0db433-8324-14ae-ba2f-7331fe5c1e0c" executionId="d37a0af3-fec6-4634-b5ee-75cbbbf0c07a" testListId="8c84fa94-04c1-424b-9868-57a2d4851a1d" />
    <TestEntry testId="90c98a90-ec51-282a-0249-734747be05cc" executionId="8dec2a9a-f63a-4db4-a830-3149b950a6af" testListId="8c84fa94-04c1-424b-9868-57a2d4851a1d" />
    <TestEntry testId="736e4735-d7ec-523b-3862-dbaee2573967" executionId="09a88335-7c15-4e06-b8ea-47234deb2c60" testListId="8c84fa94-04c1-424b-9868-57a2d4851a1d" />
    <TestEntry testId="a9347fd9-2191-fdc1-96bd-db2c8c5c33cd" executionId="ccb2c692-cb77-4cf8-917b-9c627fa18ae0" testListId="8c84fa94-04c1-424b-9868-57a2d4851a1d" />
    <TestEntry testId="e92bbd69-4f57-39ac-44c3-bb8d52c8e934" executionId="f4db6317-ff89-4605-83f6-5e8deb5edf72" testListId="8c84fa94-04c1-424b-9868-57a2d4851a1d" />
    <TestEntry testId="e3ed635b-a393-c987-93f9-136c7b55b4a7" executionId="76e8c0fa-928f-4731-97b3-96e7f4f552af" testListId="8c84fa94-04c1-424b-9868-57a2d4851a1d" />
    <TestEntry testId="731210dd-0bef-eb4c-ae87-69a2f1050b94" executionId="e9187c1c-84a8-42ba-8dd4-a80f40902f45" testListId="8c84fa94-04c1-424b-9868-57a2d4851a1d" />
    <TestEntry testId="82501b74-606c-06c0-a237-92c99c7d02af" executionId="19b57310-be3d-4f62-b307-2c8cdddfcd11" testListId="8c84fa94-04c1-424b-9868-57a2d4851a1d" />
    <TestEntry testId="13b58deb-44fd-8e98-0599-85df2b933c7d" executionId="fada0f36-4494-48cd-9610-f9dd565153fb" testListId="8c84fa94-04c1-424b-9868-57a2d4851a1d" />
    <TestEntry testId="5bb39127-58fc-d191-e9ca-daeb8467b671" executionId="6433dfe3-f06e-4eaf-badd-4b30bd006f3e" testListId="8c84fa94-04c1-424b-9868-57a2d4851a1d" />
    <TestEntry testId="eee480e3-69e0-235a-84c0-57ba27cf1413" executionId="8ef5c778-5adb-49b8-a980-c90193f0dc4d" testListId="8c84fa94-04c1-424b-9868-57a2d4851a1d" />
    <TestEntry testId="d7779dad-f2de-5ef6-5740-a755f162cf03" executionId="321ca62a-2fe4-4f26-a9fa-0a2dd8172c84" testListId="8c84fa94-04c1-424b-9868-57a2d4851a1d" />
    <TestEntry testId="4aed0e6d-5c4b-e7bf-95ff-19119eb3e5fd" executionId="115ff0bd-ce2f-4c4d-ab83-a3e18a6895cc" testListId="8c84fa94-04c1-424b-9868-57a2d4851a1d" />
    <TestEntry testId="e3195fbc-ebec-2875-3d2f-ebe260e630c1" executionId="f28258a5-8d1d-4371-a086-63c70350d890" testListId="8c84fa94-04c1-424b-9868-57a2d4851a1d" />
    <TestEntry testId="00891c22-c01c-f7e6-85b4-3f8f7cd11e76" executionId="d29b1682-83b2-4b20-80da-ee352a129e72" testListId="8c84fa94-04c1-424b-9868-57a2d4851a1d" />
    <TestEntry testId="24a77ce2-981e-9948-faa7-6deebf45884c" executionId="68362ad6-2524-49da-bcea-6f48866fdd27" testListId="8c84fa94-04c1-424b-9868-57a2d4851a1d" />
    <TestEntry testId="8d01e030-045b-ef31-c1c9-5cddf0f63ae9" executionId="80771809-1868-4c16-86d4-480608d35335" testListId="8c84fa94-04c1-424b-9868-57a2d4851a1d" />
    <TestEntry testId="7e33b8ea-c8d3-562e-bd48-8387a571bb16" executionId="0559269a-13d4-482d-bb4d-007fd0615600" testListId="8c84fa94-04c1-424b-9868-57a2d4851a1d" />
    <TestEntry testId="b0f5e730-887d-70de-6b96-eda239fd1784" executionId="13936255-fa80-44b7-b3b0-409c41137d07" testListId="8c84fa94-04c1-424b-9868-57a2d4851a1d" />
    <TestEntry testId="688b0bce-1c73-d122-f778-ec431aae0981" executionId="19f54c4f-707d-4d59-97eb-d4dff5a710f9" testListId="8c84fa94-04c1-424b-9868-57a2d4851a1d" />
    <TestEntry testId="f27f0d32-c286-614c-8ae3-9aed43b1647a" executionId="6bb3f5a5-bdff-4144-90e0-ba1519b0108c" testListId="8c84fa94-04c1-424b-9868-57a2d4851a1d" />
    <TestEntry testId="927d6921-fffe-9bbe-0529-7a952e5980c2" executionId="3d7a4a2d-28b4-491b-a81d-a26b0d0335b2" testListId="8c84fa94-04c1-424b-9868-57a2d4851a1d" />
    <TestEntry testId="84fe22bb-2160-d9ca-cf9b-94df73286551" executionId="ff03b481-ea6b-4cf5-966f-604c042de375" testListId="8c84fa94-04c1-424b-9868-57a2d4851a1d" />
    <TestEntry testId="87f601f9-3997-2153-d46f-40413b5145a9" executionId="7b7bedcf-9206-4f96-a993-a93665c369ea" testListId="8c84fa94-04c1-424b-9868-57a2d4851a1d" />
    <TestEntry testId="80e9bd02-efc4-59ce-c686-ec6879394267" executionId="2d9e87c5-75fe-4c28-a96f-43e850312b63" testListId="8c84fa94-04c1-424b-9868-57a2d4851a1d" />
    <TestEntry testId="1871241c-0192-94d6-1889-836d275227fc" executionId="ab7901ee-cd96-49f6-8af3-be55125373fb" testListId="8c84fa94-04c1-424b-9868-57a2d4851a1d" />
    <TestEntry testId="4139219d-72ee-9676-afc4-bf03e590fb87" executionId="ee37e4c0-b3fc-4383-b1a5-6a6e61668103" testListId="8c84fa94-04c1-424b-9868-57a2d4851a1d" />
    <TestEntry testId="014914e5-20d3-0e50-cdfc-94b7eefeba0f" executionId="5cf95f16-ea46-4734-9fbc-c2f676605add" testListId="8c84fa94-04c1-424b-9868-57a2d4851a1d" />
    <TestEntry testId="45e0ac52-d341-7f24-298d-6733f47d4534" executionId="25b19efc-19a4-471b-a343-80e45af70c82" testListId="8c84fa94-04c1-424b-9868-57a2d4851a1d" />
    <TestEntry testId="c68b053b-6301-7393-a962-96797436b44f" executionId="88087afe-b112-4234-8eac-3290d2981763" testListId="8c84fa94-04c1-424b-9868-57a2d4851a1d" />
    <TestEntry testId="854d17a9-91d6-9b59-93d1-484f998be001" executionId="b542c541-0627-4e1f-9545-77d363a9a7a0" testListId="8c84fa94-04c1-424b-9868-57a2d4851a1d" />
    <TestEntry testId="384d426d-12b5-be8d-da61-ac92374ece7f" executionId="d0e7572d-1fd3-4010-a68f-a8ce016f36b5" testListId="8c84fa94-04c1-424b-9868-57a2d4851a1d" />
    <TestEntry testId="c2fd4bd1-c494-480c-8092-ff4f6fa6c14b" executionId="92f652d8-aadb-4525-9ecd-98291e1a30cc" testListId="8c84fa94-04c1-424b-9868-57a2d4851a1d" />
    <TestEntry testId="e1a861aa-40e6-b6fd-a6c0-83bb444ba050" executionId="4d440148-74cf-45fc-9b7a-b795fb80437d" testListId="8c84fa94-04c1-424b-9868-57a2d4851a1d" />
    <TestEntry testId="da54837f-7de5-90a0-a1b6-98a8f5009ab6" executionId="611bd371-f697-44ea-9431-08d67c96332e" testListId="8c84fa94-04c1-424b-9868-57a2d4851a1d" />
    <TestEntry testId="2dc889c6-d75a-1573-0794-6d34a0a77e75" executionId="7cc86a0c-203c-4b7a-9468-91ed74506827" testListId="8c84fa94-04c1-424b-9868-57a2d4851a1d" />
    <TestEntry testId="b2deafe3-eb10-dec8-c272-90c6f1c089c1" executionId="28541ef7-e3b7-45a5-8f87-26efff083bad" testListId="8c84fa94-04c1-424b-9868-57a2d4851a1d" />
    <TestEntry testId="ebfb8a52-1a18-c15c-07f6-8b3aa915dfec" executionId="697b827b-e181-4111-ad75-3c20882d196a" testListId="8c84fa94-04c1-424b-9868-57a2d4851a1d" />
  </TestEntries>
  <TestLists>
    <TestList name="Resultados que não estão em uma lista" id="8c84fa94-04c1-424b-9868-57a2d4851a1d" />
    <TestList name="Todos os resultados carregados" id="19431567-8539-422a-85d7-44ee4e166bda" />
  </TestLists>
  <ResultSummary outcome="Completed">
    <Counters total="50" executed="50" passed="50" failed="0" error="0" timeout="0" aborted="0" inconclusive="0" passedButRunAborted="0" notRunnable="0" notExecuted="0" disconnected="0" warning="0" completed="0" inProgress="0" pending="0" />
    <Output>
      <StdOut>[xUnit.net 00:00:00.00] xUnit.net VSTest Adapter v2.8.0+6438bb880a (64-bit .NET 10.0.12)&#xD;
[xUnit.net 00:00:00.29]   Discovering: PrimoAutoEletrica.Tests&#xD;
[xUnit.net 00:00:00.45]   Discovered:  PrimoAutoEletrica.Tests&#xD;
[xUnit.net 00:00:00.46]   Starting:    PrimoAutoEletrica.Tests&#xD;
[xUnit.net 00:00:05.25]   Finished:    PrimoAutoEletrica.Tests&#xD;
</StdOut>
    </Output>
  </ResultSummary>
</TestRun>